ARM Linker, 5.02 [Build 28] [MDK-ARM Standard]

==============================================================================

Section Cross References

    board.o(.text) refers to hal_lld.o(.text) for stm32_clock_init
    cstartup.o(MSTACK) refers (Special) to heapauxi.o(.text) for __use_two_region_memory
    cstartup.o(CSTACK) refers (Special) to heapauxi.o(.text) for __use_two_region_memory
    cstartup.o(HEAP) refers (Special) to heapauxi.o(.text) for __use_two_region_memory
    cstartup.o(.text) refers (Special) to heapauxi.o(.text) for __use_two_region_memory
    cstartup.o(.text) refers to board.o(.text) for __early_init
    cstartup.o(.text) refers to cstartup.o(CSTACK) for __initial_sp
    cstartup.o(.text) refers to __main.o(!!!main) for __main
    cstartup.o(.text) refers to cstartup.o(HEAP) for Heap_Mem
    chcoreasm_v7m.o(.text) refers to chthreads.o(.text) for chThdExit
    chcoreasm_v7m.o(.text) refers to chschd.o(.text) for chSchDoReschedule
    chcore_v7m.o(.text) refers to chsys.o(.text) for chSysTimerHandlerI
    chcore_v7m.o(.text) refers to nvic.o(.text) for nvicSetSystemHandlerPriority
    chcore_v7m.o(.text) refers to chschd.o(.bss) for rlist
    chcore_v7m.o(.text) refers to chcoreasm_v7m.o(.text) for _port_switch_from_isr
    vectors.o(RESET) refers to cstartup.o(MSTACK) for __initial_msp
    vectors.o(RESET) refers to cstartup.o(.text) for Reset_Handler
    vectors.o(RESET) refers to vectors.o(.text) for NMIVector
    vectors.o(RESET) refers to chcore_v7m.o(.text) for SVCallVector
    vectors.o(RESET) refers to ext_lld.o(.text) for Vector44
    vectors.o(RESET) refers to stm32_dma.o(.text) for Vector6C
    vectors.o(RESET) refers to adc_lld.o(.text) for Vector88
    vectors.o(RESET) refers to pwm_lld.o(.text) for VectorB8
    vectors.o(RESET) refers to i2c_lld.o(.text) for VectorBC
    vectors.o(RESET) refers to serial_lld.o(.text) for VectorD8
    chcond.o(.text) refers to chschd.o(.text) for chSchWakeupS
    chcond.o(.text) refers to chmtx.o(.text) for chMtxUnlockS
    chcond.o(.text) refers to chschd.o(.bss) for rlist
    chdynamic.o(.text) refers to chmempools.o(.text) for chPoolFree
    chdynamic.o(.text) refers to chheap.o(.text) for chHeapFree
    chdynamic.o(.text) refers to chthreads.o(.text) for chThdCreateI
    chdynamic.o(.text) refers to chschd.o(.text) for chSchWakeupS
    chevents.o(.text) refers to chschd.o(.text) for chSchReadyI
    chevents.o(.text) refers to chschd.o(.bss) for rlist
    chheap.o(.text) refers to chmtx.o(.text) for chMtxInit
    chheap.o(.text) refers to chmemcore.o(.text) for chCoreAlloc
    chheap.o(.text) refers to chheap.o(.bss) for .bss
    chmboxes.o(.text) refers to chsem.o(.text) for chSemInit
    chmboxes.o(.text) refers to chschd.o(.text) for chSchRescheduleS
    chmemcore.o(.text) refers to chmemcore.o(.data) for .data
    chmsg.o(.text) refers to chschd.o(.text) for chSchReadyI
    chmsg.o(.text) refers to chschd.o(.bss) for rlist
    chmtx.o(.text) refers to chschd.o(.text) for chSchReadyI
    chmtx.o(.text) refers to chschd.o(.bss) for rlist
    chqueues.o(.text) refers to chschd.o(.text) for chSchReadyI
    chqueues.o(.text) refers to chschd.o(.bss) for rlist
    chregistry.o(.text) refers to chdynamic.o(.text) for chThdRelease
    chregistry.o(.text) refers to chschd.o(.bss) for rlist
    chschd.o(.text) refers to chcoreasm_v7m.o(.text) for _port_switch
    chschd.o(.text) refers to chvt.o(.text) for chVTSetI
    chschd.o(.text) refers to chschd.o(.bss) for .bss
    chsem.o(.text) refers to chschd.o(.text) for chSchReadyI
    chsem.o(.text) refers to chschd.o(.bss) for rlist
    chsys.o(.text) refers to chcore_v7m.o(.text) for _port_init
    chsys.o(.text) refers to chschd.o(.text) for _scheduler_init
    chsys.o(.text) refers to chvt.o(.text) for _vt_init
    chsys.o(.text) refers to chmemcore.o(.text) for _core_init
    chsys.o(.text) refers to chheap.o(.text) for _heap_init
    chsys.o(.text) refers to chthreads.o(.text) for _thread_init
    chsys.o(.text) refers to chschd.o(.bss) for rlist
    chsys.o(.text) refers to chsys.o(.bss) for .bss
    chsys.o(.text) refers to chvt.o(.bss) for vtlist
    chthreads.o(.text) refers to chschd.o(.text) for chSchWakeupS
    chthreads.o(.text) refers to chdynamic.o(.text) for chThdRelease
    chthreads.o(.text) refers to chschd.o(.bss) for rlist
    chthreads.o(.text) refers to chcoreasm_v7m.o(.text) for _port_thread_start
    chthreads.o(.text) refers to chvt.o(.bss) for vtlist
    chvt.o(.text) refers to chvt.o(.bss) for .bss
    adc.o(.text) refers to adc_lld.o(.text) for adc_lld_init
    adc.o(.text) refers to chmtx.o(.text) for chMtxInit
    adc.o(.text) refers to chschd.o(.text) for chSchWakeupS
    adc.o(.text) refers to chschd.o(.bss) for rlist
    hal.o(.text) refers to hal_lld.o(.text) for hal_lld_init
    hal.o(.text) refers to pal_lld.o(.text) for _pal_lld_init
    hal.o(.text) refers to adc.o(.text) for adcInit
    hal.o(.text) refers to ext.o(.text) for extInit
[...]
    chEvtWaitAny                             0x08000727   Thumb Code    46  chevents.o(.text)
    chEvtWaitAll                             0x08000755   Thumb Code    46  chevents.o(.text)
    chEvtWaitOneTimeout                      0x08000783   Thumb Code    72  chevents.o(.text)
    chEvtWaitAnyTimeout                      0x080007cb   Thumb Code    64  chevents.o(.text)
    chEvtWaitAllTimeout                      0x0800080b   Thumb Code    62  chevents.o(.text)
    _heap_init                               0x0800084d   Thumb Code    18  chheap.o(.text)
    chHeapInit                               0x0800085f   Thumb Code    20  chheap.o(.text)
    chHeapAlloc                              0x08000873   Thumb Code   128  chheap.o(.text)
    chHeapFree                               0x080008f3   Thumb Code   106  chheap.o(.text)
    chHeapStatus                             0x0800095d   Thumb Code    54  chheap.o(.text)
    _core_init                               0x0800099d   Thumb Code    20  chmemcore.o(.text)
    chCoreAllocI                             0x080009b1   Thumb Code    26  chmemcore.o(.text)
    chCoreAlloc                              0x080009cb   Thumb Code    40  chmemcore.o(.text)
    chCoreStatus                             0x080009f3   Thumb Code    10  chmemcore.o(.text)
    chPoolInit                               0x08000a09   Thumb Code    16  chmempools.o(.text)
    chPoolAllocI                             0x08000a19   Thumb Code    28  chmempools.o(.text)
    chPoolAlloc                              0x08000a35   Thumb Code    40  chmempools.o(.text)
    chPoolFreeI                              0x08000a5d   Thumb Code     8  chmempools.o(.text)
    chPoolFree                               0x08000a65   Thumb Code    20  chmempools.o(.text)
    chMtxInit                                0x08000a79   Thumb Code    10  chmtx.o(.text)
    chMtxLockS                               0x08000a83   Thumb Code   210  chmtx.o(.text)
    chMtxLock                                0x08000b55   Thumb Code    20  chmtx.o(.text)
    chMtxTryLockS                            0x08000b69   Thumb Code    30  chmtx.o(.text)
    chMtxTryLock                             0x08000b87   Thumb Code    42  chmtx.o(.text)
    chMtxUnlock                              0x08000bb1   Thumb Code    86  chmtx.o(.text)
    chMtxUnlockS                             0x08000c07   Thumb Code    74  chmtx.o(.text)
    chMtxUnlockAll                           0x08000c51   Thumb Code    72  chmtx.o(.text)
    chIQInit                                 0x08000c9d   Thumb Code    24  chqueues.o(.text)
    chIQResetI                               0x08000cb5   Thumb Code    46  chqueues.o(.text)
    chIQPutI                                 0x08000ce3   Thumb Code    70  chqueues.o(.text)
    chIQGetTimeout                           0x08000d29   Thumb Code   110  chqueues.o(.text)
    chIQReadTimeout                          0x08000d97   Thumb Code   146  chqueues.o(.text)
    chOQInit                                 0x08000e29   Thumb Code    20  chqueues.o(.text)
    chOQResetI                               0x08000e3d   Thumb Code    48  chqueues.o(.text)
    chOQPutTimeout                           0x08000e6d   Thumb Code   126  chqueues.o(.text)
    chOQGetI                                 0x08000eeb   Thumb Code    68  chqueues.o(.text)
    chOQWriteTimeout                         0x08000f2f   Thumb Code   146  chqueues.o(.text)
    _scheduler_init                          0x08000fc5   Thumb Code    20  chschd.o(.text)
    chSchReadyI                              0x08000fd9   Thumb Code    30  chschd.o(.text)
    chSchGoSleepS                            0x08000ff7   Thumb Code    30  chschd.o(.text)
    chSchGoSleepTimeoutS                     0x08001063   Thumb Code   100  chschd.o(.text)
    chSchWakeupS                             0x080010c7   Thumb Code    90  chschd.o(.text)
    chSchDoReschedule                        0x08001121   Thumb Code    80  chschd.o(.text)
    chSchRescheduleS                         0x08001171   Thumb Code    18  chschd.o(.text)
    _idle_thread                             0x0800118d   Thumb Code    10  chsys.o(.text)
    chSysInit                                0x08001197   Thumb Code    68  chsys.o(.text)
    chSysTimerHandlerI                       0x080011db   Thumb Code    76  chsys.o(.text)
    _thread_init                             0x08001249   Thumb Code    52  chthreads.o(.text)
    chThdCreateI                             0x0800127d   Thumb Code    76  chthreads.o(.text)
    chThdCreateStatic                        0x080012c9   Thumb Code    38  chthreads.o(.text)
    chThdSetPriority                         0x080012ef   Thumb Code    42  chthreads.o(.text)
    chThdResume                              0x08001319   Thumb Code    26  chthreads.o(.text)
    chThdTerminate                           0x08001333   Thumb Code    22  chthreads.o(.text)
    chThdSleep                               0x08001349   Thumb Code    24  chthreads.o(.text)
    chThdSleepUntil                          0x08001361   Thumb Code    30  chthreads.o(.text)
    chThdYield                               0x0800137f   Thumb Code    34  chthreads.o(.text)
    chThdExitS                               0x080013a1   Thumb Code    62  chthreads.o(.text)
    chThdExit                                0x080013df   Thumb Code    68  chthreads.o(.text)
    chThdWait                                0x08001423   Thumb Code    50  chthreads.o(.text)
    _vt_init                                 0x08001461   Thumb Code    18  chvt.o(.text)
    chVTSetI                                 0x08001473   Thumb Code    56  chvt.o(.text)
    chVTResetI                               0x080014ab   Thumb Code    34  chvt.o(.text)
    chTimeIsWithin                           0x080014cd   Thumb Code    34  chvt.o(.text)
    adcInit                                  0x080014f5   Thumb Code     4  adc.o(.text)
    adcObjectInit                            0x080014f9   Thumb Code    22  adc.o(.text)
    adcStart                                 0x0800150f   Thumb Code    30  adc.o(.text)
    adcStop                                  0x0800152d   Thumb Code    26  adc.o(.text)
    adcStartConversionI                      0x08001547   Thumb Code    14  adc.o(.text)
    adcStartConversion                       0x08001555   Thumb Code    32  adc.o(.text)
    adcStopConversion                        0x08001575   Thumb Code    48  adc.o(.text)
    adcStopConversionI                       0x080015a5   Thumb Code    50  adc.o(.text)
    adcConvert                               0x080015d7   Thumb Code    50  adc.o(.text)
    adcAcquireBus                            0x08001609   Thumb Code     6  adc.o(.text)
    adcReleaseBus                            0x0800160f   Thumb Code     4  adc.o(.text)
    halInit                                  0x08001619   Thumb Code    48  hal.o(.text)
    halIsCounterWithin                       0x08001649   Thumb Code    34  hal.o(.text)
    halPolledDelay                           0x0800166b   Thumb Code    38  hal.o(.text)
    pwmInit                                  0x08001699   Thumb Code     4  pwm.o(.text)
    pwmObjectInit                            0x0800169d   Thumb Code    10  pwm.o(.text)
    pwmStart                                 0x080016a7   Thumb Code    34  pwm.o(.text)
    pwmStop                                  0x080016c9   Thumb Code    26  pwm.o(.text)
    pwmChangePeriod                          0x080016e3   Thumb Code    24  pwm.o(.text)
    pwmEnableChannel                         0x080016fb   Thumb Code    20  pwm.o(.text)
    pwmDisableChannel                        0x0800170f   Thumb Code    20  pwm.o(.text)
    sdInit                                   0x0800177d   Thumb Code     4  serial.o(.text)
    sdObjectInit                             0x08001781   Thumb Code    58  serial.o(.text)
    sdStart                                  0x080017bb   Thumb Code    26  serial.o(.text)
    sdStop                                   0x080017d5   Thumb Code    48  serial.o(.text)
    sdIncomingDataI                          0x08001805   Thumb Code    62  serial.o(.text)
    sdRequestDataI                           0x08001843   Thumb Code    34  serial.o(.text)
    spiInit                                  0x08001869   Thumb Code     4  spi.o(.text)
    spiObjectInit                            0x0800186d   Thumb Code    16  spi.o(.text)
    spiStart                                 0x0800187d   Thumb Code    30  spi.o(.text)
    spiStop                                  0x0800189b   Thumb Code    32  spi.o(.text)
    spiSelect                                0x080018bb   Thumb Code    20  spi.o(.text)
    spiUnselect                              0x080018cf   Thumb Code    20  spi.o(.text)
    spiStartIgnore                           0x080018e3   Thumb Code    24  spi.o(.text)
    spiStartExchange                         0x080018fb   Thumb Code    30  spi.o(.text)
    spiStartSend                             0x08001919   Thumb Code    24  spi.o(.text)
    spiStartReceive                          0x08001931   Thumb Code    24  spi.o(.text)
    spiIgnore                                0x08001949   Thumb Code    40  spi.o(.text)
    spiExchange                              0x08001971   Thumb Code    40  spi.o(.text)
    spiSend                                  0x08001999   Thumb Code    40  spi.o(.text)
    spiReceive                               0x080019c1   Thumb Code    40  spi.o(.text)
    spiAcquireBus                            0x080019e9   Thumb Code     6  spi.o(.text)
    spiReleaseBus                            0x080019ef   Thumb Code     4  spi.o(.text)
    i2cInit                                  0x080019f9   Thumb Code     4  i2c.o(.text)
    i2cObjectInit                            0x080019fd   Thumb Code    14  i2c.o(.text)
    i2cStart                                 0x08001a0b   Thumb Code    30  i2c.o(.text)
    i2cStop                                  0x08001a29   Thumb Code    26  i2c.o(.text)
    i2cGetErrors                             0x08001a43   Thumb Code     4  i2c.o(.text)
    i2cMasterTransmitTimeout                 0x08001a47   Thumb Code    60  i2c.o(.text)
    i2cMasterReceiveTimeout                  0x08001a83   Thumb Code    50  i2c.o(.text)
    i2cAcquireBus                            0x08001ab5   Thumb Code     6  i2c.o(.text)
    i2cReleaseBus                            0x08001abb   Thumb Code     4  i2c.o(.text)
    extInit                                  0x08001abf   Thumb Code     4  ext.o(.text)
    extObjectInit                            0x08001ac3   Thumb Code    10  ext.o(.text)
    extStart                                 0x08001acd   Thumb Code    30  ext.o(.text)
    extStop                                  0x08001aeb   Thumb Code    26  ext.o(.text)
    extChannelEnable                         0x08001b05   Thumb Code    20  ext.o(.text)
    extChannelDisable                        0x08001b19   Thumb Code    20  ext.o(.text)
    Vector58                                 0x08001b2d   Thumb Code    28  ext_lld.o(.text)
    Vector5C                                 0x08001b49   Thumb Code    28  ext_lld.o(.text)
    Vector60                                 0x08001b65   Thumb Code    28  ext_lld.o(.text)
    Vector64                                 0x08001b81   Thumb Code    28  ext_lld.o(.text)
    Vector68                                 0x08001b9d   Thumb Code    28  ext_lld.o(.text)
    Vector9C                                 0x08001bb9   Thumb Code   102  ext_lld.o(.text)
    VectorE0                                 0x08001c1f   Thumb Code   118  ext_lld.o(.text)
    Vector44                                 0x08001c95   Thumb Code    32  ext_lld.o(.text)
    RTCAlarm_IRQHandler                      0x08001cb5   Thumb Code    32  ext_lld.o(.text)
    VectorE8                                 0x08001cd5   Thumb Code    32  ext_lld.o(.text)
    Vector138                                0x08001cf5   Thumb Code    32  ext_lld.o(.text)
    Vector170                                0x08001d15   Thumb Code    32  ext_lld.o(.text)
    TAMPER_STAMP_IRQHandler                  0x08001d35   Thumb Code    32  ext_lld.o(.text)
    Vector4C                                 0x08001d55   Thumb Code    32  ext_lld.o(.text)
    ext_lld_init                             0x08001d75   Thumb Code     6  ext_lld.o(.text)
    ext_lld_start                            0x08001d7b   Thumb Code   282  ext_lld.o(.text)
    ext_lld_stop                             0x08001e95   Thumb Code   110  ext_lld.o(.text)
    ext_lld_channel_enable                   0x08001f03   Thumb Code   118  ext_lld.o(.text)
    ext_lld_channel_disable                  0x08001f79   Thumb Code    44  ext_lld.o(.text)
    mmcInit                                  0x0800208f   Thumb Code     2  mmc_spi.o(.text)
    mmcObjectInit                            0x08002091   Thumb Code    40  mmc_spi.o(.text)
    mmcStart                                 0x080020b9   Thumb Code    36  mmc_spi.o(.text)
    mmcStop                                  0x080020dd   Thumb Code    44  mmc_spi.o(.text)
    mmcConnect                               0x08002109   Thumb Code   494  mmc_spi.o(.text)
    mmcDisconnect                            0x080022f7   Thumb Code    86  mmc_spi.o(.text)
    mmcStartSequentialRead                   0x0800234d   Thumb Code   130  mmc_spi.o(.text)
    mmcSequentialRead                        0x080023cf   Thumb Code   128  mmc_spi.o(.text)
    mmcStopSequentialRead                    0x0800244f   Thumb Code    90  mmc_spi.o(.text)
    mmcStartSequentialWrite                  0x080024a9   Thumb Code   130  mmc_spi.o(.text)
    mmcSequentialWrite                       0x0800252b   Thumb Code   166  mmc_spi.o(.text)
    mmcStopSequentialWrite                   0x080025d1   Thumb Code    68  mmc_spi.o(.text)
    adc_lld_stop_conversion                  0x080026b1   Thumb Code    54  adc_lld.o(.text)
    Vector88                                 0x080027eb   Thumb Code   340  adc_lld.o(.text)
    adc_lld_init                             0x0800293f   Thumb Code    80  adc_lld.o(.text)
    adc_lld_start                            0x0800298f   Thumb Code   134  adc_lld.o(.text)
    adc_lld_stop                             0x08002a15   Thumb Code    76  adc_lld.o(.text)
    adc_lld_start_conversion                 0x08002a61   Thumb Code   142  adc_lld.o(.text)
    adcSTM32EnableTSVREFE                    0x08002aef   Thumb Code    12  adc_lld.o(.text)
    adcSTM32DisableTSVREFE                   0x08002afb   Thumb Code    12  adc_lld.o(.text)
    adcSTM32EnableVBATE                      0x08002b07   Thumb Code    12  adc_lld.o(.text)
    adcSTM32DisableVBATE                     0x08002b13   Thumb Code    12  adc_lld.o(.text)
    hal_lld_init                             0x08002b69   Thumb Code   162  hal_lld.o(.text)
    stm32_clock_init                         0x08002c0b   Thumb Code   154  hal_lld.o(.text)
    _pal_lld_init                            0x08002ce9   Thumb Code   116  pal_lld.o(.text)
    _pal_lld_setgroupmode                    0x08002d5d   Thumb Code   150  pal_lld.o(.text)
    VectorB8                                 0x08002e3d   Thumb Code    16  pwm_lld.o(.text)
    Vector108                                0x08002e4d   Thumb Code    16  pwm_lld.o(.text)
    pwm_lld_init                             0x08002e5d   Thumb Code    30  pwm_lld.o(.text)
    pwm_lld_start                            0x08002e7b   Thumb Code   314  pwm_lld.o(.text)
    pwm_lld_stop                             0x08002fb5   Thumb Code    72  pwm_lld.o(.text)
    pwm_lld_enable_channel                   0x08002ffd   Thumb Code    60  pwm_lld.o(.text)
    pwm_lld_disable_channel                  0x08003039   Thumb Code    34  pwm_lld.o(.text)
    VectorD8                                 0x080030e5   Thumb Code   268  serial_lld.o(.text)
    sd_lld_init                              0x080031f1   Thumb Code    20  serial_lld.o(.text)
    sd_lld_start                             0x08003205   Thumb Code   110  serial_lld.o(.text)
    sd_lld_stop                              0x08003273   Thumb Code    42  serial_lld.o(.text)
    spi_lld_init                             0x08003353   Thumb Code    68  spi_lld.o(.text)
    spi_lld_start                            0x08003397   Thumb Code   190  spi_lld.o(.text)
    spi_lld_stop                             0x08003455   Thumb Code    66  spi_lld.o(.text)
    spi_lld_select                           0x08003497   Thumb Code    16  spi_lld.o(.text)
    spi_lld_unselect                         0x080034a7   Thumb Code    16  spi_lld.o(.text)
    spi_lld_ignore                           0x080034b7   Thumb Code    70  spi_lld.o(.text)
    spi_lld_exchange                         0x080034fd   Thumb Code    86  spi_lld.o(.text)
    spi_lld_send                             0x08003553   Thumb Code    84  spi_lld.o(.text)
    spi_lld_receive                          0x080035a7   Thumb Code    72  spi_lld.o(.text)
    spi_lld_polled_exchange                  0x080035ef   Thumb Code    18  spi_lld.o(.text)
    Vector6C                                 0x08003641   Thumb Code    34  stm32_dma.o(.text)
    Vector70                                 0x08003663   Thumb Code    36  stm32_dma.o(.text)
    Vector74                                 0x08003687   Thumb Code    36  stm32_dma.o(.text)
    Vector78                                 0x080036ab   Thumb Code    36  stm32_dma.o(.text)
    Vector7C                                 0x080036cf   Thumb Code    34  stm32_dma.o(.text)
    Vector80                                 0x080036f1   Thumb Code    36  stm32_dma.o(.text)
    Vector84                                 0x08003715   Thumb Code    36  stm32_dma.o(.text)
    VectorFC                                 0x08003739   Thumb Code    36  stm32_dma.o(.text)
    Vector120                                0x0800375d   Thumb Code    36  stm32_dma.o(.text)
    Vector124                                0x08003781   Thumb Code    40  stm32_dma.o(.text)
    Vector128                                0x080037a9   Thumb Code    40  stm32_dma.o(.text)
    Vector12C                                0x080037d1   Thumb Code    40  stm32_dma.o(.text)
    Vector130                                0x080037f9   Thumb Code    36  stm32_dma.o(.text)
    Vector150                                0x0800381d   Thumb Code    40  stm32_dma.o(.text)
    Vector154                                0x08003845   Thumb Code    40  stm32_dma.o(.text)
    Vector158                                0x0800386d   Thumb Code    40  stm32_dma.o(.text)
    dmaInit                                  0x08003895   Thumb Code    54  stm32_dma.o(.text)
    dmaStreamAllocate                        0x080038cb   Thumb Code   176  stm32_dma.o(.text)
    dmaStreamRelease                         0x0800397b   Thumb Code    60  stm32_dma.o(.text)
    VectorBC                                 0x08003aa3   Thumb Code   176  i2c_lld.o(.text)
    VectorC0                                 0x08003b53   Thumb Code   298  i2c_lld.o(.text)
    i2c_lld_init                             0x08003c7d   Thumb Code    28  i2c_lld.o(.text)
    i2c_lld_start                            0x08003c99   Thumb Code   328  i2c_lld.o(.text)
    i2c_lld_stop                             0x08003de1   Thumb Code    62  i2c_lld.o(.text)
    i2c_lld_master_receive_timeout           0x08003e1f   Thumb Code   222  i2c_lld.o(.text)
    i2c_lld_master_transmit_timeout          0x08003efd   Thumb Code   198  i2c_lld.o(.text)
    datalog()                                0x08004025   Thumb Code   232  main.o(.text)
    main                                     0x0800410d   Thumb Code    74  main.o(.text)
    I2Cdev::I2Cdev()                         0x08004235   Thumb Code     2  i2cdev.o(.text)
    I2Cdev::I2Cdev__sub_object()             0x08004235   Thumb Code     0  i2cdev.o(.text)
    I2Cdev::readBit(unsigned char, unsigned char, unsigned char, unsigned char*, unsigned short) 0x08004237   Thumb Code    72  i2cdev.o(.text)
    I2Cdev::readBits(unsigned char, unsigned char, unsigned char, unsigned char, unsigned char*, unsigned short) 0x0800427f   Thumb Code    72  i2cdev.o(.text)
    I2Cdev::readByte(unsigned char, unsigned char, unsigned char*, unsigned short) 0x080042c7   Thumb Code    48  i2cdev.o(.text)
    I2Cdev::readBytes(unsigned char, unsigned char, unsigned char, unsigned char*, unsigned short) 0x080042f7   Thumb Code    84  i2cdev.o(.text)
    I2Cdev::writeBytes(unsigned char, unsigned char, unsigned char, unsigned char*) 0x0800434b   Thumb Code   102  i2cdev.o(.text)
    I2Cdev::writeByte(unsigned char, unsigned char, unsigned char) 0x080043b1   Thumb Code    14  i2cdev.o(.text)
    I2Cdev::writeBit(unsigned char, unsigned char, unsigned char, unsigned char) 0x080043bf   Thumb Code    94  i2cdev.o(.text)
    I2Cdev::writeBits(unsigned char, unsigned char, unsigned char, unsigned char, unsigned char) 0x0800441d   Thumb Code   106  i2cdev.o(.text)
    I2Cdev::writeWords(unsigned char, unsigned char, unsigned char, unsigned short*) 0x08004487   Thumb Code     6  i2cdev.o(.text)
    I2Cdev::writeWord(unsigned char, unsigned char, unsigned short) 0x0800448d   Thumb Code    14  i2cdev.o(.text)
    chprintf                                 0x080044b1   Thumb Code   630  chprintf.o(.text)
    datalog_lage()                           0x08004731   Thumb Code   196  lage.o(.text)
    dmpDataReady()                           0x080047f5   Thumb Code     8  lage.o(.text)
    I2CInitialize()                          0x080047fd   Thumb Code    50  lage.o(.text)
    MPU6050::dmpGetFIFOPacketSize()          0x0800482f   Thumb Code     4  lage.o(.text)
    MPU6050::dmpInitialize()                 0x08004833   Thumb Code  1996  lage.o(.text)
    setup_IMU()                              0x08004fff   Thumb Code    94  lage.o(.text)
    MPU6050::dmpGetGyro(int*, const unsigned char*) 0x0800505d   Thumb Code    80  lage.o(.text)
    MPU6050::dmpGetEuler(float*, Quaternion*) 0x080050ad   Thumb Code   178  lage.o(.text)
    MPU6050::dmpGetQuaternion(short*, const unsigned char*) 0x0800515f   Thumb Code    50  lage.o(.text)
    MPU6050::dmpGetQuaternion(Quaternion*, const unsigned char*) 0x08005191   Thumb Code   148  lage.o(.text)
    update_IMU()                             0x08005225   Thumb Code   364  lage.o(.text)
    getEuler_nick()                          0x08005391   Thumb Code     8  lage.o(.text)
    getEuler_roll()                          0x08005399   Thumb Code     8  lage.o(.text)
    getEuler_yaw()                           0x080053a1   Thumb Code     8  lage.o(.text)
    getRate_nick()                           0x080053a9   Thumb Code     8  lage.o(.text)
    getRate_roll()                           0x080053b1   Thumb Code     8  lage.o(.text)
    getRate_yaw()                            0x080053b9   Thumb Code     8  lage.o(.text)
    MPU6050::dmpPacketAvailable()            0x080053c1   Thumb Code    16  lage.o(.text)
    MPU6050::dmpGetAccel(int*, const unsigned char*) 0x080053d1   Thumb Code   160  lage.o(.text)
    MPU6050::dmpGetAccel(short*, const unsigned char*) 0x08005471   Thumb Code    52  lage.o(.text)
    MPU6050::dmpGetAccel(VectorInt16*, const unsigned char*) 0x080054a5   Thumb Code    52  lage.o(.text)
    MPU6050::dmpGetQuaternion(int*, const unsigned char*) 0x080054d9   Thumb Code   104  lage.o(.text)
    MPU6050::dmpGetGyro(short*, const unsigned char*) 0x08005541   Thumb Code    40  lage.o(.text)
    MPU6050::dmpGetMag(short*, const unsigned char*) 0x08005569   Thumb Code    44  lage.o(.text)
    MPU6050::dmpGetLinearAccel(VectorInt16*, VectorInt16*, VectorFloat*) 0x08005595   Thumb Code    98  lage.o(.text)
    MPU6050::dmpGetLinearAccelInWorld(VectorInt16*, VectorInt16*, Quaternion*) 0x080055f7   Thumb Code   184  lage.o(.text)
    MPU6050::dmpGetGravity(VectorFloat*, Quaternion*) 0x080056af   Thumb Code   108  lage.o(.text)
    MPU6050::dmpGetYawPitchRoll(float*, Quaternion*, VectorFloat*) 0x0800571b   Thumb Code   186  lage.o(.text)
    MPU6050::dmpProcessFIFOPacket(const unsigned char*) 0x080057d5   Thumb Code     4  lage.o(.text)
    MPU6050::dmpReadAndProcessFIFOPacket(unsigned char, unsigned char*) 0x080057d9   Thumb Code    46  lage.o(.text)
    MPU6050::MPU6050()                       0x0800583d   Thumb Code     6  mpu6050.o(.text)
    MPU6050::MPU6050__sub_object()           0x0800583d   Thumb Code     0  mpu6050.o(.text)
    MPU6050::MPU6050(unsigned char)          0x08005843   Thumb Code     4  mpu6050.o(.text)
    MPU6050::MPU6050__sub_object(unsigned char) 0x08005843   Thumb Code     0  mpu6050.o(.text)
    MPU6050::setSleepEnabled(bool)           0x08005847   Thumb Code    12  mpu6050.o(.text)
    MPU6050::setFullScaleAccelRange(unsigned char) 0x08005853   Thumb Code    18  mpu6050.o(.text)
    MPU6050::setFullScaleGyroRange(unsigned char) 0x08005865   Thumb Code    18  mpu6050.o(.text)
    MPU6050::setClockSource(unsigned char)   0x08005877   Thumb Code    18  mpu6050.o(.text)
    MPU6050::initialize()                    0x08005889   Thumb Code    70  mpu6050.o(.text)
    MPU6050::getDeviceID()                   0x080058cf   Thumb Code    34  mpu6050.o(.text)
    MPU6050::testConnection()                0x080058f1   Thumb Code    42  mpu6050.o(.text)
    MPU6050::getAuxVDDIOLevel()              0x0800591b   Thumb Code    26  mpu6050.o(.text)
    MPU6050::setAuxVDDIOLevel(unsigned char) 0x08005935   Thumb Code    12  mpu6050.o(.text)
    MPU6050::getRate()                       0x08005941   Thumb Code    22  mpu6050.o(.text)
    MPU6050::setRate(unsigned char)          0x08005957   Thumb Code    10  mpu6050.o(.text)
    MPU6050::getExternalFrameSync()          0x08005961   Thumb Code    34  mpu6050.o(.text)
    MPU6050::setExternalFrameSync(unsigned char) 0x08005983   Thumb Code    18  mpu6050.o(.text)
    MPU6050::getDLPFMode()                   0x08005995   Thumb Code    34  mpu6050.o(.text)
    MPU6050::setDLPFMode(unsigned char)      0x080059b7   Thumb Code    18  mpu6050.o(.text)
    MPU6050::getFullScaleGyroRange()         0x080059c9   Thumb Code    34  mpu6050.o(.text)
    MPU6050::getAccelXSelfTest()             0x080059eb   Thumb Code    32  mpu6050.o(.text)
    MPU6050::setAccelXSelfTest(bool)         0x08005a0b   Thumb Code    12  mpu6050.o(.text)
    MPU6050::getAccelYSelfTest()             0x08005a17   Thumb Code    32  mpu6050.o(.text)
    MPU6050::setAccelYSelfTest(bool)         0x08005a37   Thumb Code    12  mpu6050.o(.text)
    MPU6050::getAccelZSelfTest()             0x08005a43   Thumb Code    32  mpu6050.o(.text)
    MPU6050::setAccelZSelfTest(bool)         0x08005a63   Thumb Code    12  mpu6050.o(.text)
    MPU6050::getFullScaleAccelRange()        0x08005a6f   Thumb Code    34  mpu6050.o(.text)
    MPU6050::getDHPFMode()                   0x08005a91   Thumb Code    34  mpu6050.o(.text)
    MPU6050::setDHPFMode(unsigned char)      0x08005ab3   Thumb Code    18  mpu6050.o(.text)
    MPU6050::getFreefallDetectionThreshold() 0x08005ac5   Thumb Code    22  mpu6050.o(.text)
    MPU6050::setFreefallDetectionThreshold(unsigned char) 0x08005adb   Thumb Code    10  mpu6050.o(.text)
    MPU6050::getFreefallDetectionDuration()  0x08005ae5   Thumb Code    22  mpu6050.o(.text)
    MPU6050::setFreefallDetectionDuration(unsigned char) 0x08005afb   Thumb Code    10  mpu6050.o(.text)
    MPU6050::getMotionDetectionThreshold()   0x08005b05   Thumb Code    22  mpu6050.o(.text)
    MPU6050::setMotionDetectionThreshold(unsigned char) 0x08005b1b   Thumb Code    10  mpu6050.o(.text)
    MPU6050::getMotionDetectionDuration()    0x08005b25   Thumb Code    22  mpu6050.o(.text)
    MPU6050::setMotionDetectionDuration(unsigned char) 0x08005b3b   Thumb Code    10  mpu6050.o(.text)
    MPU6050::getZeroMotionDetectionThreshold() 0x08005b45   Thumb Code    22  mpu6050.o(.text)
    MPU6050::setZeroMotionDetectionThreshold(unsigned char) 0x08005b5b   Thumb Code    10  mpu6050.o(.text)
    MPU6050::getZeroMotionDetectionDuration() 0x08005b65   Thumb Code    22  mpu6050.o(.text)
    MPU6050::setZeroMotionDetectionDuration(unsigned char) 0x08005b7b   Thumb Code    10  mpu6050.o(.text)
    MPU6050::getTempFIFOEnabled()            0x08005b85   Thumb Code    32  mpu6050.o(.text)
    MPU6050::setTempFIFOEnabled(bool)        0x08005ba5   Thumb Code    12  mpu6050.o(.text)
    MPU6050::getXGyroFIFOEnabled()           0x08005bb1   Thumb Code    32  mpu6050.o(.text)
    MPU6050::setXGyroFIFOEnabled(bool)       0x08005bd1   Thumb Code    12  mpu6050.o(.text)
    MPU6050::getYGyroFIFOEnabled()           0x08005bdd   Thumb Code    32  mpu6050.o(.text)
    MPU6050::setYGyroFIFOEnabled(bool)       0x08005bfd   Thumb Code    12  mpu6050.o(.text)
    MPU6050::getZGyroFIFOEnabled()           0x08005c09   Thumb Code    32  mpu6050.o(.text)
    MPU6050::setZGyroFIFOEnabled(bool)       0x08005c29   Thumb Code    12  mpu6050.o(.text)
    MPU6050::getAccelFIFOEnabled()           0x08005c35   Thumb Code    32  mpu6050.o(.text)
    MPU6050::setAccelFIFOEnabled(bool)       0x08005c55   Thumb Code    12  mpu6050.o(.text)
    MPU6050::getSlave2FIFOEnabled()          0x08005c61   Thumb Code    32  mpu6050.o(.text)
    MPU6050::setSlave2FIFOEnabled(bool)      0x08005c81   Thumb Code    12  mpu6050.o(.text)
    MPU6050::getSlave1FIFOEnabled()          0x08005c8d   Thumb Code    32  mpu6050.o(.text)
    MPU6050::setSlave1FIFOEnabled(bool)      0x08005cad   Thumb Code    16  mpu6050.o(.text)
    MPU6050::getSlave0FIFOEnabled()          0x08005cbd   Thumb Code    32  mpu6050.o(.text)
    MPU6050::setSlave0FIFOEnabled(bool)      0x08005cdd   Thumb Code    12  mpu6050.o(.text)
    MPU6050::getMultiMasterEnabled()         0x08005ce9   Thumb Code    32  mpu6050.o(.text)
    MPU6050::setMultiMasterEnabled(bool)     0x08005d09   Thumb Code    12  mpu6050.o(.text)
    MPU6050::getWaitForExternalSensorEnabled() 0x08005d15   Thumb Code    32  mpu6050.o(.text)
    MPU6050::setWaitForExternalSensorEnabled(bool) 0x08005d35   Thumb Code    12  mpu6050.o(.text)
    MPU6050::getSlave3FIFOEnabled()          0x08005d41   Thumb Code    32  mpu6050.o(.text)
    MPU6050::setSlave3FIFOEnabled(bool)      0x08005d61   Thumb Code    12  mpu6050.o(.text)
    MPU6050::getSlaveReadWriteTransitionEnabled() 0x08005d6d   Thumb Code    32  mpu6050.o(.text)
    MPU6050::setSlaveReadWriteTransitionEnabled(bool) 0x08005d8d   Thumb Code    12  mpu6050.o(.text)
    MPU6050::getMasterClockSpeed()           0x08005d99   Thumb Code    34  mpu6050.o(.text)
    MPU6050::setMasterClockSpeed(unsigned char) 0x08005dbb   Thumb Code    18  mpu6050.o(.text)
    MPU6050::getSlaveAddress(unsigned char)  0x08005dcd   Thumb Code    36  mpu6050.o(.text)
    MPU6050::setSlaveAddress(unsigned char, unsigned char) 0x08005df1   Thumb Code    20  mpu6050.o(.text)
    MPU6050::getSlaveRegister(unsigned char) 0x08005e05   Thumb Code    36  mpu6050.o(.text)
    MPU6050::setSlaveRegister(unsigned char, unsigned char) 0x08005e29   Thumb Code    20  mpu6050.o(.text)
    MPU6050::getSlaveEnabled(unsigned char)  0x08005e3d   Thumb Code    46  mpu6050.o(.text)
    MPU6050::setSlaveEnabled(unsigned char, bool) 0x08005e6b   Thumb Code    24  mpu6050.o(.text)
    MPU6050::getSlaveWordByteSwap(unsigned char) 0x08005e83   Thumb Code    46  mpu6050.o(.text)
    MPU6050::setSlaveWordByteSwap(unsigned char, bool) 0x08005eb1   Thumb Code    24  mpu6050.o(.text)
    MPU6050::getSlaveWriteMode(unsigned char) 0x08005ec9   Thumb Code    46  mpu6050.o(.text)
    MPU6050::setSlaveWriteMode(unsigned char, bool) 0x08005ef7   Thumb Code    24  mpu6050.o(.text)
    MPU6050::getSlaveWordGroupOffset(unsigned char) 0x08005f0f   Thumb Code    46  mpu6050.o(.text)
    MPU6050::setSlaveWordGroupOffset(unsigned char, bool) 0x08005f3d   Thumb Code    24  mpu6050.o(.text)
    MPU6050::getSlaveDataLength(unsigned char) 0x08005f55   Thumb Code    48  mpu6050.o(.text)
    MPU6050::setSlaveDataLength(unsigned char, unsigned char) 0x08005f85   Thumb Code    30  mpu6050.o(.text)
    MPU6050::getSlave4Address()              0x08005fa3   Thumb Code    22  mpu6050.o(.text)
    MPU6050::setSlave4Address(unsigned char) 0x08005fb9   Thumb Code    10  mpu6050.o(.text)
    MPU6050::getSlave4Register()             0x08005fc3   Thumb Code    22  mpu6050.o(.text)
    MPU6050::setSlave4Register(unsigned char) 0x08005fd9   Thumb Code    10  mpu6050.o(.text)
    MPU6050::setSlave4OutputByte(unsigned char) 0x08005fe3   Thumb Code    10  mpu6050.o(.text)
    MPU6050::getSlave4Enabled()              0x08005fed   Thumb Code    32  mpu6050.o(.text)
    MPU6050::setSlave4Enabled(bool)          0x0800600d   Thumb Code    12  mpu6050.o(.text)
    MPU6050::getSlave4InterruptEnabled()     0x08006019   Thumb Code    32  mpu6050.o(.text)
    MPU6050::setSlave4InterruptEnabled(bool) 0x08006039   Thumb Code    12  mpu6050.o(.text)
    MPU6050::getSlave4WriteMode()            0x08006045   Thumb Code    32  mpu6050.o(.text)
    MPU6050::setSlave4WriteMode(bool)        0x08006065   Thumb Code    12  mpu6050.o(.text)
    MPU6050::getSlave4MasterDelay()          0x08006071   Thumb Code    34  mpu6050.o(.text)
    MPU6050::setSlave4MasterDelay(unsigned char) 0x08006093   Thumb Code    22  mpu6050.o(.text)
    MPU6050::getSlate4InputByte()            0x080060a9   Thumb Code    22  mpu6050.o(.text)
    MPU6050::getPassthroughStatus()          0x080060bf   Thumb Code    32  mpu6050.o(.text)
    MPU6050::getSlave4IsDone()               0x080060df   Thumb Code    32  mpu6050.o(.text)
    MPU6050::getLostArbitration()            0x080060ff   Thumb Code    32  mpu6050.o(.text)
    MPU6050::getSlave4Nack()                 0x0800611f   Thumb Code    32  mpu6050.o(.text)
    MPU6050::getSlave3Nack()                 0x0800613f   Thumb Code    32  mpu6050.o(.text)
    MPU6050::getSlave2Nack()                 0x0800615f   Thumb Code    32  mpu6050.o(.text)
    MPU6050::getSlave1Nack()                 0x0800617f   Thumb Code    32  mpu6050.o(.text)
    MPU6050::getSlave0Nack()                 0x0800619f   Thumb Code    32  mpu6050.o(.text)
    MPU6050::getInterruptMode()              0x080061bf   Thumb Code    32  mpu6050.o(.text)
    MPU6050::setInterruptMode(bool)          0x080061df   Thumb Code    12  mpu6050.o(.text)
    MPU6050::getInterruptDrive()             0x080061eb   Thumb Code    32  mpu6050.o(.text)
    MPU6050::setInterruptDrive(bool)         0x0800620b   Thumb Code    12  mpu6050.o(.text)
    MPU6050::getInterruptLatch()             0x08006217   Thumb Code    32  mpu6050.o(.text)
    MPU6050::setInterruptLatch(bool)         0x08006237   Thumb Code    12  mpu6050.o(.text)
    MPU6050::getInterruptLatchClear()        0x08006243   Thumb Code    32  mpu6050.o(.text)
    MPU6050::setInterruptLatchClear(bool)    0x08006263   Thumb Code    12  mpu6050.o(.text)
    MPU6050::getFSyncInterruptLevel()        0x0800626f   Thumb Code    32  mpu6050.o(.text)
    MPU6050::setFSyncInterruptLevel(bool)    0x0800628f   Thumb Code    12  mpu6050.o(.text)
    MPU6050::getFSyncInterruptEnabled()      0x0800629b   Thumb Code    32  mpu6050.o(.text)
    MPU6050::setFSyncInterruptEnabled(bool)  0x080062bb   Thumb Code    12  mpu6050.o(.text)
    MPU6050::getI2CBypassEnabled()           0x080062c7   Thumb Code    32  mpu6050.o(.text)
    MPU6050::setI2CBypassEnabled(bool)       0x080062e7   Thumb Code    12  mpu6050.o(.text)
    MPU6050::getClockOutputEnabled()         0x080062f3   Thumb Code    32  mpu6050.o(.text)
    MPU6050::setClockOutputEnabled(bool)     0x08006313   Thumb Code    12  mpu6050.o(.text)
    MPU6050::getIntEnabled()                 0x0800631f   Thumb Code    22  mpu6050.o(.text)
    MPU6050::setIntEnabled(unsigned char)    0x08006335   Thumb Code    10  mpu6050.o(.text)
    MPU6050::getIntFreefallEnabled()         0x0800633f   Thumb Code    32  mpu6050.o(.text)
    MPU6050::setIntFreefallEnabled(bool)     0x0800635f   Thumb Code    12  mpu6050.o(.text)
    MPU6050::getIntMotionEnabled()           0x0800636b   Thumb Code    32  mpu6050.o(.text)
    MPU6050::setIntMotionEnabled(bool)       0x0800638b   Thumb Code    12  mpu6050.o(.text)
    MPU6050::getIntZeroMotionEnabled()       0x08006397   Thumb Code    32  mpu6050.o(.text)
    MPU6050::setIntZeroMotionEnabled(bool)   0x080063b7   Thumb Code    12  mpu6050.o(.text)
    MPU6050::getIntFIFOBufferOverflowEnabled() 0x080063c3   Thumb Code    32  mpu6050.o(.text)
    MPU6050::setIntFIFOBufferOverflowEnabled(bool) 0x080063e3   Thumb Code    12  mpu6050.o(.text)
    MPU6050::getIntI2CMasterEnabled()        0x080063ef   Thumb Code    32  mpu6050.o(.text)
    MPU6050::setIntI2CMasterEnabled(bool)    0x0800640f   Thumb Code    12  mpu6050.o(.text)
    MPU6050::getIntDataReadyEnabled()        0x0800641b   Thumb Code    32  mpu6050.o(.text)
    MPU6050::setIntDataReadyEnabled(bool)    0x0800643b   Thumb Code    12  mpu6050.o(.text)
    MPU6050::getIntStatus()                  0x08006447   Thumb Code    22  mpu6050.o(.text)
    MPU6050::getIntFreefallStatus()          0x0800645d   Thumb Code    32  mpu6050.o(.text)
    MPU6050::getIntMotionStatus()            0x0800647d   Thumb Code    36  mpu6050.o(.text)
    MPU6050::getIntZeroMotionStatus()        0x080064a1   Thumb Code    32  mpu6050.o(.text)
    MPU6050::getIntFIFOBufferOverflowStatus() 0x080064c1   Thumb Code    32  mpu6050.o(.text)
    MPU6050::getIntI2CMasterStatus()         0x080064e1   Thumb Code    32  mpu6050.o(.text)
    MPU6050::getIntDataReadyStatus()         0x08006501   Thumb Code    32  mpu6050.o(.text)
    MPU6050::getMotion6(short*, short*, short*, short*, short*, short*) 0x08006521   Thumb Code    94  mpu6050.o(.text)
    MPU6050::getMotion9(short*, short*, short*, short*, short*, short*, short*, short*, short*) 0x0800657f   Thumb Code    96  mpu6050.o(.text)
    MPU6050::getAcceleration(short*, short*, short*) 0x080065df   Thumb Code    54  mpu6050.o(.text)
    MPU6050::getAccelerationX()              0x08006615   Thumb Code    32  mpu6050.o(.text)
    MPU6050::getAccelerationY()              0x08006635   Thumb Code    32  mpu6050.o(.text)
    MPU6050::getAccelerationZ()              0x08006655   Thumb Code    32  mpu6050.o(.text)
    MPU6050::getTemperature()                0x08006675   Thumb Code    32  mpu6050.o(.text)
    MPU6050::getRotation(short*, short*, short*) 0x08006695   Thumb Code    54  mpu6050.o(.text)
    MPU6050::getRotationX()                  0x080066cb   Thumb Code    32  mpu6050.o(.text)
    MPU6050::getRotationY()                  0x080066eb   Thumb Code    32  mpu6050.o(.text)
    MPU6050::getRotationZ()                  0x0800670b   Thumb Code    32  mpu6050.o(.text)
    MPU6050::getExternalSensorByte(int)      0x0800672b   Thumb Code    26  mpu6050.o(.text)
    MPU6050::getExternalSensorWord(int)      0x08006745   Thumb Code    34  mpu6050.o(.text)
    MPU6050::getExternalSensorDWord(int)     0x08006767   Thumb Code    42  mpu6050.o(.text)
    MPU6050::getXNegMotionDetected()         0x08006791   Thumb Code    32  mpu6050.o(.text)
    MPU6050::getXPosMotionDetected()         0x080067b1   Thumb Code    32  mpu6050.o(.text)
    MPU6050::getYNegMotionDetected()         0x080067d1   Thumb Code    32  mpu6050.o(.text)
    MPU6050::getYPosMotionDetected()         0x080067f1   Thumb Code    32  mpu6050.o(.text)
    MPU6050::getZNegMotionDetected()         0x08006811   Thumb Code    32  mpu6050.o(.text)
    MPU6050::getZPosMotionDetected()         0x08006831   Thumb Code    32  mpu6050.o(.text)
    MPU6050::getZeroMotionDetected()         0x08006851   Thumb Code    32  mpu6050.o(.text)
    MPU6050::setSlaveOutputByte(unsigned char, unsigned char) 0x08006871   Thumb Code    20  mpu6050.o(.text)
    MPU6050::getExternalShadowDelayEnabled() 0x08006885   Thumb Code    32  mpu6050.o(.text)
    MPU6050::setExternalShadowDelayEnabled(bool) 0x080068a5   Thumb Code    12  mpu6050.o(.text)
    MPU6050::getSlaveDelayEnabled(unsigned char) 0x080068b1   Thumb Code    40  mpu6050.o(.text)
    MPU6050::setSlaveDelayEnabled(unsigned char, bool) 0x080068d9   Thumb Code    12  mpu6050.o(.text)
    MPU6050::resetGyroscopePath()            0x080068e5   Thumb Code    12  mpu6050.o(.text)
    MPU6050::resetAccelerometerPath()        0x080068f1   Thumb Code    12  mpu6050.o(.text)
    MPU6050::resetTemperaturePath()          0x080068fd   Thumb Code    12  mpu6050.o(.text)
    MPU6050::getAccelerometerPowerOnDelay()  0x08006909   Thumb Code    34  mpu6050.o(.text)
    MPU6050::setAccelerometerPowerOnDelay(unsigned char) 0x0800692b   Thumb Code    18  mpu6050.o(.text)
    MPU6050::getFreefallDetectionCounterDecrement() 0x0800693d   Thumb Code    34  mpu6050.o(.text)
    MPU6050::setFreefallDetectionCounterDecrement(unsigned char) 0x0800695f   Thumb Code    18  mpu6050.o(.text)
    MPU6050::getMotionDetectionCounterDecrement() 0x08006971   Thumb Code    34  mpu6050.o(.text)
    MPU6050::setMotionDetectionCounterDecrement(unsigned char) 0x08006993   Thumb Code    18  mpu6050.o(.text)
    MPU6050::getFIFOEnabled()                0x080069a5   Thumb Code    32  mpu6050.o(.text)
    MPU6050::setFIFOEnabled(bool)            0x080069c5   Thumb Code    12  mpu6050.o(.text)
    MPU6050::getI2CMasterModeEnabled()       0x080069d1   Thumb Code    32  mpu6050.o(.text)
    MPU6050::setI2CMasterModeEnabled(bool)   0x080069f1   Thumb Code    12  mpu6050.o(.text)
    MPU6050::switchSPIEnabled(bool)          0x080069fd   Thumb Code    12  mpu6050.o(.text)
    MPU6050::resetFIFO()                     0x08006a09   Thumb Code    12  mpu6050.o(.text)
    MPU6050::resetI2CMaster()                0x08006a15   Thumb Code    12  mpu6050.o(.text)
    MPU6050::resetSensors()                  0x08006a21   Thumb Code    12  mpu6050.o(.text)
    MPU6050::reset()                         0x08006a2d   Thumb Code    12  mpu6050.o(.text)
    MPU6050::getSleepEnabled()               0x08006a39   Thumb Code    32  mpu6050.o(.text)
    MPU6050::getWakeCycleEnabled()           0x08006a59   Thumb Code    32  mpu6050.o(.text)
    MPU6050::setWakeCycleEnabled(bool)       0x08006a79   Thumb Code    12  mpu6050.o(.text)
    MPU6050::getTempSensorEnabled()          0x08006a85   Thumb Code    34  mpu6050.o(.text)
    MPU6050::setTempSensorEnabled(bool)      0x08006aa7   Thumb Code    14  mpu6050.o(.text)
    MPU6050::getClockSource()                0x08006ab5   Thumb Code    34  mpu6050.o(.text)
    MPU6050::getWakeFrequency()              0x08006ad7   Thumb Code    34  mpu6050.o(.text)
    MPU6050::setWakeFrequency(unsigned char) 0x08006af9   Thumb Code    18  mpu6050.o(.text)
    MPU6050::getStandbyXAccelEnabled()       0x08006b0b   Thumb Code    32  mpu6050.o(.text)
    MPU6050::setStandbyXAccelEnabled(bool)   0x08006b2b   Thumb Code    12  mpu6050.o(.text)
    MPU6050::getStandbyYAccelEnabled()       0x08006b37   Thumb Code    32  mpu6050.o(.text)
    MPU6050::setStandbyYAccelEnabled(bool)   0x08006b57   Thumb Code    12  mpu6050.o(.text)
    MPU6050::getStandbyZAccelEnabled()       0x08006b63   Thumb Code    32  mpu6050.o(.text)
    MPU6050::setStandbyZAccelEnabled(bool)   0x08006b83   Thumb Code    12  mpu6050.o(.text)
    MPU6050::getStandbyXGyroEnabled()        0x08006b8f   Thumb Code    32  mpu6050.o(.text)
    MPU6050::setStandbyXGyroEnabled(bool)    0x08006baf   Thumb Code    12  mpu6050.o(.text)
    MPU6050::getStandbyYGyroEnabled()        0x08006bbb   Thumb Code    32  mpu6050.o(.text)
    MPU6050::setStandbyYGyroEnabled(bool)    0x08006bdb   Thumb Code    12  mpu6050.o(.text)
    MPU6050::getStandbyZGyroEnabled()        0x08006be7   Thumb Code    32  mpu6050.o(.text)
    MPU6050::setStandbyZGyroEnabled(bool)    0x08006c07   Thumb Code    12  mpu6050.o(.text)
    MPU6050::getFIFOCount()                  0x08006c13   Thumb Code    30  mpu6050.o(.text)
    MPU6050::getFIFOByte()                   0x08006c31   Thumb Code    22  mpu6050.o(.text)
    MPU6050::setFIFOByte(unsigned char)      0x08006c47   Thumb Code    10  mpu6050.o(.text)
    MPU6050::getFIFOBytes(unsigned char*, unsigned char) 0x08006c51   Thumb Code    32  mpu6050.o(.text)
    MPU6050::setDeviceID(unsigned char)      0x08006c71   Thumb Code    18  mpu6050.o(.text)
    MPU6050::getOTPBankValid()               0x08006c83   Thumb Code    26  mpu6050.o(.text)
    MPU6050::setOTPBankValid(bool)           0x08006c9d   Thumb Code    12  mpu6050.o(.text)
    MPU6050::getXGyroOffset()                0x08006ca9   Thumb Code    36  mpu6050.o(.text)
    MPU6050::setXGyroOffset(signed char)     0x08006ccd   Thumb Code    20  mpu6050.o(.text)
    MPU6050::getYGyroOffset()                0x08006ce1   Thumb Code    36  mpu6050.o(.text)
    MPU6050::setYGyroOffset(signed char)     0x08006d05   Thumb Code    20  mpu6050.o(.text)
    MPU6050::getZGyroOffset()                0x08006d19   Thumb Code    36  mpu6050.o(.text)
    MPU6050::setZGyroOffset(signed char)     0x08006d3d   Thumb Code    20  mpu6050.o(.text)
    MPU6050::getXFineGain()                  0x08006d51   Thumb Code    24  mpu6050.o(.text)
    MPU6050::setXFineGain(signed char)       0x08006d69   Thumb Code    10  mpu6050.o(.text)
    MPU6050::getYFineGain()                  0x08006d73   Thumb Code    24  mpu6050.o(.text)
    MPU6050::setYFineGain(signed char)       0x08006d8b   Thumb Code    10  mpu6050.o(.text)
    MPU6050::getZFineGain()                  0x08006d95   Thumb Code    24  mpu6050.o(.text)
    MPU6050::setZFineGain(signed char)       0x08006dad   Thumb Code    10  mpu6050.o(.text)
    MPU6050::getXAccelOffset()               0x08006db7   Thumb Code    32  mpu6050.o(.text)
    MPU6050::setXAccelOffset(short)          0x08006dd7   Thumb Code    10  mpu6050.o(.text)
    MPU6050::getYAccelOffset()               0x08006de1   Thumb Code    32  mpu6050.o(.text)
    MPU6050::setYAccelOffset(short)          0x08006e01   Thumb Code    10  mpu6050.o(.text)
    MPU6050::getZAccelOffset()               0x08006e0b   Thumb Code    32  mpu6050.o(.text)
    MPU6050::setZAccelOffset(short)          0x08006e2b   Thumb Code    10  mpu6050.o(.text)
    MPU6050::getXGyroOffsetUser()            0x08006e35   Thumb Code    32  mpu6050.o(.text)
    MPU6050::setXGyroOffsetUser(short)       0x08006e55   Thumb Code    10  mpu6050.o(.text)
    MPU6050::getYGyroOffsetUser()            0x08006e5f   Thumb Code    32  mpu6050.o(.text)
    MPU6050::setYGyroOffsetUser(short)       0x08006e7f   Thumb Code    10  mpu6050.o(.text)
    MPU6050::getZGyroOffsetUser()            0x08006e89   Thumb Code    32  mpu6050.o(.text)
    MPU6050::setZGyroOffsetUser(short)       0x08006ea9   Thumb Code    10  mpu6050.o(.text)
    MPU6050::getIntPLLReadyEnabled()         0x08006eb3   Thumb Code    32  mpu6050.o(.text)
    MPU6050::setIntPLLReadyEnabled(bool)     0x08006ed3   Thumb Code    12  mpu6050.o(.text)
    MPU6050::getIntDMPEnabled()              0x08006edf   Thumb Code    32  mpu6050.o(.text)
    MPU6050::setIntDMPEnabled(bool)          0x08006eff   Thumb Code    12  mpu6050.o(.text)
    MPU6050::getDMPInt5Status()              0x08006f0b   Thumb Code    32  mpu6050.o(.text)
    MPU6050::getDMPInt4Status()              0x08006f2b   Thumb Code    32  mpu6050.o(.text)
    MPU6050::getDMPInt3Status()              0x08006f4b   Thumb Code    32  mpu6050.o(.text)
    MPU6050::getDMPInt2Status()              0x08006f6b   Thumb Code    32  mpu6050.o(.text)
    MPU6050::getDMPInt1Status()              0x08006f8b   Thumb Code    32  mpu6050.o(.text)
    MPU6050::getDMPInt0Status()              0x08006fab   Thumb Code    32  mpu6050.o(.text)
    MPU6050::getIntPLLReadyStatus()          0x08006fcb   Thumb Code    32  mpu6050.o(.text)
    MPU6050::getIntDMPStatus()               0x08006feb   Thumb Code    32  mpu6050.o(.text)
    MPU6050::getDMPEnabled()                 0x0800700b   Thumb Code    32  mpu6050.o(.text)
    MPU6050::setDMPEnabled(bool)             0x0800702b   Thumb Code    12  mpu6050.o(.text)
    MPU6050::resetDMP()                      0x08007037   Thumb Code    12  mpu6050.o(.text)
    MPU6050::setMemoryBank(unsigned char, bool, bool) 0x08007043   Thumb Code    38  mpu6050.o(.text)
    MPU6050::setMemoryStartAddress(unsigned char) 0x08007069   Thumb Code    10  mpu6050.o(.text)
    MPU6050::readMemoryByte()                0x08007073   Thumb Code    22  mpu6050.o(.text)
    MPU6050::writeMemoryByte(unsigned char)  0x08007089   Thumb Code    10  mpu6050.o(.text)
    MPU6050::readMemoryBlock(unsigned char*, unsigned short, unsigned char, unsigned char) 0x08007093   Thumb Code   156  mpu6050.o(.text)
    MPU6050::writeMemoryBlock(const unsigned char*, unsigned short, unsigned char, unsigned char, bool, bool) 0x0800712f   Thumb Code   300  mpu6050.o(.text)
    MPU6050::writeProgMemoryBlock(const unsigned char*, unsigned short, unsigned char, unsigned char, bool) 0x0800725b   Thumb Code    26  mpu6050.o(.text)
    MPU6050::writeDMPConfigurationSet(const unsigned char*, unsigned short, bool) 0x08007275   Thumb Code   172  mpu6050.o(.text)
    MPU6050::writeProgDMPConfigurationSet(const unsigned char*, unsigned short) 0x08007321   Thumb Code     4  mpu6050.o(.text)
    MPU6050::getDMPConfig1()                 0x08007325   Thumb Code    22  mpu6050.o(.text)
    MPU6050::setDMPConfig1(unsigned char)    0x0800733b   Thumb Code    10  mpu6050.o(.text)
    MPU6050::getDMPConfig2()                 0x08007345   Thumb Code    22  mpu6050.o(.text)
    MPU6050::setDMPConfig2(unsigned char)    0x0800735b   Thumb Code    10  mpu6050.o(.text)
    rx_channel1_interrupt(EXTDriver*, unsigned) 0x08007369   Thumb Code    56  fernsteuerung.o(.text)
    rx_channel2_interrupt(EXTDriver*, unsigned) 0x080073a1   Thumb Code    56  fernsteuerung.o(.text)
    rx_channel3_interrupt(EXTDriver*, unsigned) 0x080073d9   Thumb Code    56  fernsteuerung.o(.text)
    rx_channel4_interrupt(EXTDriver*, unsigned) 0x08007411   Thumb Code    56  fernsteuerung.o(.text)
    setup_Fernsteuerung()                    0x08007449   Thumb Code    92  fernsteuerung.o(.text)
    getNick()                                0x080074a5   Thumb Code    54  fernsteuerung.o(.text)
    getRoll()                                0x080074db   Thumb Code    54  fernsteuerung.o(.text)
    getSchub()                               0x08007511   Thumb Code    54  fernsteuerung.o(.text)
    getYaw()                                 0x08007547   Thumb Code    54  fernsteuerung.o(.text)
    setup_Motoren()                          0x080075b5   Thumb Code   122  motoren.o(.text)
    setMotor_1(float)                        0x0800762f   Thumb Code    42  motoren.o(.text)
    setMotor_2(float)                        0x08007659   Thumb Code    42  motoren.o(.text)
    setMotor_3(float)                        0x08007683   Thumb Code    42  motoren.o(.text)
    setMotor_4(float)                        0x080076ad   Thumb Code    42  motoren.o(.text)
    datalog_regelung()                       0x080076f1   Thumb Code   754  regelung.o(.text)
    Regelung()                               0x080079e3   Thumb Code  2094  regelung.o(.text)
    setup_Regelung()                         0x08008223   Thumb Code    22  regelung.o(.text)
    mmc_is_inserted()                        0x08008261   Thumb Code     4  datalogger.o(.text)
    mmc_is_protected()                       0x08008265   Thumb Code     4  datalogger.o(.text)
    setup_Datalogger()                       0x0800830f   Thumb Code    76  datalogger.o(.text)
    Datalogger_ready()                       0x0800835b   Thumb Code    12  datalogger.o(.text)
    disk_initialize                          0x08008409   Thumb Code    38  diskio.o(.text)
    disk_status                              0x0800842f   Thumb Code    38  diskio.o(.text)
    disk_read                                0x08008455   Thumb Code    76  diskio.o(.text)
    disk_write                               0x080084a1   Thumb Code    90  diskio.o(.text)
    disk_ioctl                               0x080084fb   Thumb Code    28  diskio.o(.text)
    get_fattime                              0x08008517   Thumb Code     4  diskio.o(.text)
    clust2sect                               0x08008649   Thumb Code    24  ff.o(.text)
    get_fat                                  0x08008661   Thumb Code   192  ff.o(.text)
    put_fat                                  0x08008721   Thumb Code   254  ff.o(.text)
    f_mount                                  0x08008f61   Thumb Code    32  ff.o(.text)
    f_open                                   0x08008f81   Thumb Code   364  ff.o(.text)
    f_read                                   0x080090ed   Thumb Code   396  ff.o(.text)
    f_write                                  0x08009279   Thumb Code   454  ff.o(.text)
    f_sync                                   0x0800943f   Thumb Code   172  ff.o(.text)
    f_close                                  0x080094eb   Thumb Code    18  ff.o(.text)
    f_lseek                                  0x080094fd   Thumb Code   350  ff.o(.text)
    f_opendir                                0x0800965b   Thumb Code    88  ff.o(.text)
    f_readdir                                0x080096b3   Thumb Code   154  ff.o(.text)
    f_stat                                   0x0800974d   Thumb Code    60  ff.o(.text)
    f_getfree                                0x08009789   Thumb Code   210  ff.o(.text)
    f_truncate                               0x0800985b   Thumb Code   148  ff.o(.text)
    f_unlink                                 0x080098ef   Thumb Code   282  ff.o(.text)
    f_mkdir                                  0x08009a09   Thumb Code   406  ff.o(.text)
    f_chmod                                  0x08009b9f   Thumb Code    92  ff.o(.text)
    f_utime                                  0x08009bfb   Thumb Code    92  ff.o(.text)
    f_rename                                 0x08009c57   Thumb Code   310  ff.o(.text)
    f_mkfs                                   0x08009d8d   Thumb Code  1368  ff.o(.text)
    f_gets                                   0x0800a2e5   Thumb Code    74  ff.o(.text)
    f_putc                                   0x0800a32f   Thumb Code    36  ff.o(.text)
    f_puts                                   0x0800a353   Thumb Code    70  ff.o(.text)
    f_printf                                 0x0800a399   Thumb Code   754  ff.o(.text)
    free                                     0x0800a7a5   Thumb Code    78  h1_free.o(.text)
    memcmp                                   0x0800a7f3   Thumb Code    88  memcmp.o(.text)
    __use_two_region_memory                  0x0800a84b   Thumb Code     2  heapauxi.o(.text)
    __rt_heap_escrow                         0x0800a84d   Thumb Code     2  heapauxi.o(.text)
    __rt_heap_expand                         0x0800a84f   Thumb Code     2  heapauxi.o(.text)
    __cpp_initialize__aeabi_                 0x0800a851   Thumb Code    26  init_aeabi.o(.text)
    __rt_heap_descriptor                     0x0800a875   Thumb Code     8  rt_heap_descriptor_intlibspace.o(.text)
    __read_errno                             0x0800a87d   Thumb Code    10  _rserrno.o(.text)
    __set_errno                              0x0800a887   Thumb Code    12  _rserrno.o(.text)
    __aeabi_errno_addr                       0x0800a895   Thumb Code     8  rt_errno_addr_intlibspace.o(.text)
    __errno$intlibspace                      0x0800a895   Thumb Code     0  rt_errno_addr_intlibspace.o(.text)
    __rt_errno_addr$intlibspace              0x0800a895   Thumb Code     0  rt_errno_addr_intlibspace.o(.text)
    exit                                     0x0800a89d   Thumb Code    12  exit.o(.text)
    _sys_exit                                0x0800a8a9   Thumb Code     8  sys_exit.o(.text)
    __I$use$semihosting                      0x0800a8b5   Thumb Code     0  use_no_semi.o(.text)
    __use_no_semihosting_swi                 0x0800a8b5   Thumb Code     2  use_no_semi.o(.text)
    Quaternion::getProduct(Quaternion)       0x0800a8b7   Thumb Code   114  lage.o(i._ZN10Quaternion10getProductES_)
    __semihosting_library_function           0x0800a8b7   Thumb Code     0  indicate_semi.o(.text)
    __ARM_common_memcpy4_6                   0x0800a929   Thumb Code    10  lage.o(i.__ARM_common_memcpy4_6)
    __ARM_fpclassifyf                        0x0800a933   Thumb Code    38  fpclassifyf.o(i.__ARM_fpclassifyf)
    __hardfp_asinf                           0x0800a959   Thumb Code   250  asinf.o(i.__hardfp_asinf)
    __hardfp_atan2f                          0x0800aa7d   Thumb Code   486  atan2f.o(i.__hardfp_atan2f)
    __hardfp_atanf                           0x0800acc5   Thumb Code   290  atanf.o(i.__hardfp_atanf)
    __hardfp_sqrtf                           0x0800ae29   Thumb Code    58  sqrtf.o(i.__hardfp_sqrtf)
    __mathlib_flt_underflow                  0x0800ae65   Thumb Code    10  funder.o(i.__mathlib_flt_underflow)
    sqrtf                                    0x0800ae75   Thumb Code    62  sqrtf.o(i.sqrtf)
    __aeabi_d2f                              0x0800aeb5   Thumb Code     0  d2f.o(x$fpl$d2f)
    _d2f                                     0x0800aeb5   Thumb Code    98  d2f.o(x$fpl$d2f)
    __aeabi_dadd                             0x0800af19   Thumb Code     0  daddsub_clz.o(x$fpl$dadd)
    _dadd                                    0x0800af19   Thumb Code   332  daddsub_clz.o(x$fpl$dadd)
    __aeabi_dmul                             0x0800b069   Thumb Code     0  dmul.o(x$fpl$dmul)
    _dmul                                    0x0800b069   Thumb Code   332  dmul.o(x$fpl$dmul)
    __fpl_dnaninf                            0x0800b1bd   Thumb Code   156  dnaninf.o(x$fpl$dnaninf)
    __fpl_dretinf                            0x0800b259   Thumb Code    12  dretinf.o(x$fpl$dretinf)
    __aeabi_dsub                             0x0800b265   Thumb Code     0  daddsub_clz.o(x$fpl$dsub)
    _dsub                                    0x0800b265   Thumb Code   464  daddsub_clz.o(x$fpl$dsub)
    __aeabi_f2d                              0x0800b439   Thumb Code     0  f2d.o(x$fpl$f2d)
    _f2d                                     0x0800b439   Thumb Code    86  f2d.o(x$fpl$f2d)
    __fpl_fnaninf                            0x0800b48f   Thumb Code   140  fnaninf.o(x$fpl$fnaninf)
    _fp_init                                 0x0800b51b   Thumb Code    10  fpinit.o(x$fpl$fpinit)
    __fplib_config_fpu_vfp                   0x0800b523   Thumb Code     0  fpinit.o(x$fpl$fpinit)
    __fplib_config_pureend_doubles           0x0800b523   Thumb Code     0  fpinit.o(x$fpl$fpinit)
    __fpl_fretinf                            0x0800b525   Thumb Code    10  fretinf.o(x$fpl$fretinf)
    __I$use$fp                               0x0800b52e   Number         0  usenofp.o(x$fpl$usenofp)
    pal_default_config                       0x0800b530   Data         252  board.o(.constdata)
    _stm32_dma_streams                       0x0800b768   Data         192  stm32_dma.o(.constdata)
    Region$$Table$$Base                      0x0800c438   Number         0  anon$$obj.o(Region$$Table)
    Region$$Table$$Limit                     0x0800c458   Number         0  anon$$obj.o(Region$$Table)
    SHT$$INIT_ARRAY$$Base                    0x0800c458   Number         0  lage.o(.init_array)
    SHT$$INIT_ARRAY$$Limit                   0x0800c45c   Number         0  lage.o(.init_array)
    EXTD1                                    0x20000008   Data           8  ext_lld.o(.data)
    rc_main                                  0x20000018   Data           1  main.o(.data)
    datalog_main_opened                      0x2000001c   Data           4  main.o(.data)
    txbuf_global                             0x20000020   Data           1  i2cdev.o(.data)
    rxbuf                                    0x20000021   Data           1  i2cdev.o(.data)
    length_debug                             0x20000022   Data           1  i2cdev.o(.data)
    regAddr_debug                            0x20000023   Data           1  i2cdev.o(.data)
    devAddr_debug                            0x20000024   Data           1  i2cdev.o(.data)
    I2Cdev::readTimeout                      0x20000026   Data           2  i2cdev.o(.data)
    rxbuf_global                             0x20000028   Data           2  i2cdev.o(.data)
    i                                        0x2000002a   Data           2  i2cdev.o(.data)
    data_debug                               0x2000002c   Data           4  i2cdev.o(.data)
    dmpReady                                 0x20000030   Data           1  lage.o(.data)
    mpuInterrupt                             0x20000031   Data           1  lage.o(.data)
    dmpSuccess                               0x20000032   Data           1  lage.o(.data)
    mpuIntStatus                             0x20000033   Data           1  lage.o(.data)
    devStatus                                0x20000034   Data           1  lage.o(.data)
    rc_lage                                  0x20000035   Data           1  lage.o(.data)
    packetSize                               0x20000036   Data           2  lage.o(.data)
    fifoCount                                0x20000038   Data           2  lage.o(.data)
    datalog_lage_opened                      0x2000003c   Data           4  lage.o(.data)
    RC_INPUT_LAST_TCNT                       0x20000040   Data           2  fernsteuerung.o(.data)
    RC_INPUT_CHANNELS_Offset                 0x20000048   Data           8  fernsteuerung.o(.data)
    RC_INPUT_CHANNELS                        0x20000050   Data           8  fernsteuerung.o(.data)
    rc_datalog                               0x20000098   Data           1  regelung.o(.data)
    Schub_Offset                             0x2000009c   Data           4  regelung.o(.data)
    v_Nick_tp1                               0x200000a0   Data           4  regelung.o(.data)
    v_Nick_tp1_alt                           0x200000a4   Data           4  regelung.o(.data)
    di_Nick                                  0x200000a8   Data           4  regelung.o(.data)
    pi_Nick                                  0x200000ac   Data           4  regelung.o(.data)
    ii_Nick                                  0x200000b0   Data           4  regelung.o(.data)
    ia_Nick                                  0x200000b4   Data           4  regelung.o(.data)
    ei_Nick                                  0x200000b8   Data           4  regelung.o(.data)
    ei_Nick_alt                              0x200000bc   Data           4  regelung.o(.data)
    ea_Nick                                  0x200000c0   Data           4  regelung.o(.data)
    Soll_v_Nick                              0x200000c4   Data           4  regelung.o(.data)
    v_Roll_tp1                               0x200000c8   Data           4  regelung.o(.data)
    v_Roll_tp1_alt                           0x200000cc   Data           4  regelung.o(.data)
    di_Roll                                  0x200000d0   Data           4  regelung.o(.data)
    pi_Roll                                  0x200000d4   Data           4  regelung.o(.data)
    ii_Roll                                  0x200000d8   Data           4  regelung.o(.data)
    ia_Roll                                  0x200000dc   Data           4  regelung.o(.data)
    ei_Roll                                  0x200000e0   Data           4  regelung.o(.data)
    ei_Roll_alt                              0x200000e4   Data           4  regelung.o(.data)
    ea_Roll                                  0x200000e8   Data           4  regelung.o(.data)
    Soll_v_Roll                              0x200000ec   Data           4  regelung.o(.data)
    v_Yaw_tp1                                0x200000f0   Data           4  regelung.o(.data)
    v_Yaw_tp1_alt                            0x200000f4   Data           4  regelung.o(.data)
    di_Yaw                                   0x200000f8   Data           4  regelung.o(.data)
    pi_Yaw                                   0x200000fc   Data           4  regelung.o(.data)
    ii_Yaw                                   0x20000100   Data           4  regelung.o(.data)
    ia_Yaw                                   0x20000104   Data           4  regelung.o(.data)
    ei_Yaw                                   0x20000108   Data           4  regelung.o(.data)
    ei_Yaw_alt                               0x2000010c   Data           4  regelung.o(.data)
    ea_Yaw                                   0x20000110   Data           4  regelung.o(.data)
    Soll_v_Yaw                               0x20000114   Data           4  regelung.o(.data)
    datalog_regelung_opened                  0x20000118   Data           4  regelung.o(.data)
    inNickIstLage                            0x2000011c   Data           4  regelung.o(.data)
    inNickIstV                               0x20000120   Data           4  regelung.o(.data)
    inNickSollLage                           0x20000124   Data           4  regelung.o(.data)
    inRollIstLage                            0x20000128   Data           4  regelung.o(.data)
    inRollIstV                               0x2000012c   Data           4  regelung.o(.data)
    inRollSollLage                           0x20000130   Data           4  regelung.o(.data)
    inSchub                                  0x20000134   Data           4  regelung.o(.data)
    inYawIstLage                             0x20000138   Data           4  regelung.o(.data)
    inYawIstV                                0x2000013c   Data           4  regelung.o(.data)
    inYawSollLage                            0x20000140   Data           4  regelung.o(.data)
    outMotor1                                0x20000144   Data           4  regelung.o(.data)
    outMotor2                                0x20000148   Data           4  regelung.o(.data)
    outMotor3                                0x2000014c   Data           4  regelung.o(.data)
    outMotor4                                0x20000150   Data           4  regelung.o(.data)
    aNick                                    0x20000154   Data           4  regelung.o(.data)
    aRoll                                    0x20000158   Data           4  regelung.o(.data)
    aYaw                                     0x2000015c   Data           4  regelung.o(.data)
    err                                      0x20000160   Data           1  datalogger.o(.data)
    rlist                                    0x200001a8   Data          32  chschd.o(.bss)
    _idle_thread_wa                          0x20000210   Data         192  chsys.o(.bss)
    vtlist                                   0x200002d0   Data          16  chvt.o(.bss)
    ADCD1                                    0x200002e0   Data          52  adc_lld.o(.bss)
    ADCD2                                    0x20000314   Data          52  adc_lld.o(.bss)
    ADCD3                                    0x20000348   Data          52  adc_lld.o(.bss)
    PWMD4                                    0x2000037c   Data          20  pwm_lld.o(.bss)
    PWMD5                                    0x20000390   Data          20  pwm_lld.o(.bss)
    SD2                                      0x200003a4   Data         116  serial_lld.o(.bss)
    SPID1                                    0x20000418   Data          48  spi_lld.o(.bss)
    SPID2                                    0x20000448   Data          48  spi_lld.o(.bss)
    I2CD1                                    0x200004f8   Data          52  i2c_lld.o(.bss)
    tx                                       0x20000750   Data         256  i2cdev.o(.bss)
    mpu                                      0x20000850   Data          20  lage.o(.bss)
    fifoBuffer                               0x20000864   Data          64  lage.o(.bss)
    q                                        0x200008a4   Data          16  lage.o(.bss)
    euler                                    0x200008b4   Data          12  lage.o(.bss)
    gyroRate                                 0x200008c0   Data          12  lage.o(.bss)
    gyro_rate_float                          0x200008cc   Data          12  lage.o(.bss)
    MMC_FS                                   0x20001dd8   Data         560  datalogger.o(.bss)
    MMCD1                                    0x20002008   Data          64  datalogger.o(.bss)
    __libspace_start                         0x200021f8   Data          96  libspace.o(.bss)
    __main_thread_stack_base__               0x20002258   Data           0  cstartup.o(CSTACK)
    __temporary_stack_top$libspace           0x20002258   Data           0  libspace.o(.bss)
    __initial_sp                             0x20002658   Data           0  cstartup.o(CSTACK)
    Image$$RW_IRAM1$$ZI$$Limit               0x20002e58   Number         0  cstartup.o(MSTACK)
    __initial_msp                            0x20002e58   Data           0  cstartup.o(MSTACK)
    Image$$RW_IRAM2$$Base                    0x20020000   Number         0  anon$$obj.o(linker$$defined$$symbols)



==============================================================================

Memory Map of the image

  Image Entry point : 0x08000189

  Load Region LR_IROM1 (Base: 0x08000000, Size: 0x0000c5e4, Max: 0x00100000, ABSOLUTE, COMPRESSED[0x0000c48c])

    Execution Region ER_IROM1 (Base: 0x08000000, Size: 0x0000c45c, Max: 0x00100000, ABSOLUTE)

    Base Addr    Size         Type   Attr      Idx    E Section Name        Object

    0x08000000   0x00000188   Data   RO          281    RESET               vectors.o
    0x08000188   0x00000008   Code   RO         1949  * !!!main             c_w.l(__main.o)
    0x08000190   0x00000034   Code   RO         2249    !!!scatter          c_w.l(__scatter.o)
    0x080001c4   0x0000005a   Code   RO         2247    !!dczerorl2         c_w.l(__dczerorl2.o)
    0x0800021e   0x00000002   PAD
    0x08000220   0x0000001c   Code   RO         2251    !!handler_zi        c_w.l(__scatter_zi.o)
    0x0800023c   0x00000002   Code   RO         2183    .ARM.Collect$$libinit$$00000000  c_w.l(libinit.o)
    0x0800023e   0x00000004   Code   RO         2051    .ARM.Collect$$libinit$$00000001  c_w.l(libinit2.o)
    0x08000242   0x00000000   Code   RO         2055    .ARM.Collect$$libinit$$00000008  c_w.l(libinit2.o)
    0x08000242   0x00000000   Code   RO         2057    .ARM.Collect$$libinit$$0000000A  c_w.l(libinit2.o)
    0x08000242   0x00000000   Code   RO         2059    .ARM.Collect$$libinit$$0000000C  c_w.l(libinit2.o)
    0x08000242   0x00000000   Code   RO         2062    .ARM.Collect$$libinit$$0000000F  c_w.l(libinit2.o)
    0x08000242   0x00000000   Code   RO         2064    .ARM.Collect$$libinit$$00000011  c_w.l(libinit2.o)
    0x08000242   0x00000000   Code   RO         2066    .ARM.Collect$$libinit$$00000013  c_w.l(libinit2.o)
    0x08000242   0x00000000   Code   RO         2068    .ARM.Collect$$libinit$$00000015  c_w.l(libinit2.o)
    0x08000242   0x00000000   Code   RO         2070    .ARM.Collect$$libinit$$00000017  c_w.l(libinit2.o)
    0x08000242   0x00000000   Code   RO         2072    .ARM.Collect$$libinit$$00000019  c_w.l(libinit2.o)
    0x08000242   0x00000000   Code   RO         2074    .ARM.Collect$$libinit$$0000001B  c_w.l(libinit2.o)
    0x08000242   0x00000000   Code   RO         2076    .ARM.Collect$$libinit$$0000001D  c_w.l(libinit2.o)
    0x08000242   0x00000000   Code   RO         2078    .ARM.Collect$$libinit$$0000001F  c_w.l(libinit2.o)
    0x08000242   0x00000000   Code   RO         2080    .ARM.Collect$$libinit$$00000021  c_w.l(libinit2.o)
    0x08000242   0x00000000   Code   RO         2082    .ARM.Collect$$libinit$$00000023  c_w.l(libinit2.o)
    0x08000242   0x00000000   Code   RO         2086    .ARM.Collect$$libinit$$0000002A  c_w.l(libinit2.o)
    0x08000242   0x00000000   Code   RO         2088    .ARM.Collect$$libinit$$0000002C  c_w.l(libinit2.o)
    0x08000242   0x00000000   Code   RO         2090    .ARM.Collect$$libinit$$0000002E  c_w.l(libinit2.o)
    0x08000242   0x00000004   Code   RO         2091    .ARM.Collect$$libinit$$0000002F  c_w.l(libinit2.o)
    0x08000246   0x00000000   Code   RO         2092    .ARM.Collect$$libinit$$00000030  c_w.l(libinit2.o)
    0x08000246   0x00000002   Code   RO         2093    .ARM.Collect$$libinit$$00000031  c_w.l(libinit2.o)
    0x08000248   0x00000002   Code   RO         2243    .ARM.Collect$$libshutdown$$00000000  c_w.l(libshutdown.o)
    0x0800024a   0x00000000   Code   RO         2201    .ARM.Collect$$libshutdown$$00000003  c_w.l(libshutdown2.o)
    0x0800024a   0x00000000   Code   RO         2204    .ARM.Collect$$libshutdown$$00000006  c_w.l(libshutdown2.o)
    0x0800024a   0x00000000   Code   RO         2207    .ARM.Collect$$libshutdown$$00000009  c_w.l(libshutdown2.o)
    0x0800024a   0x00000000   Code   RO         2209    .ARM.Collect$$libshutdown$$0000000B  c_w.l(libshutdown2.o)
    0x0800024a   0x00000000   Code   RO         2212    .ARM.Collect$$libshutdown$$0000000E  c_w.l(libshutdown2.o)
    0x0800024a   0x00000002   Code   RO         2213    .ARM.Collect$$libshutdown$$0000000F  c_w.l(libshutdown2.o)
    0x0800024c   0x00000000   Code   RO         2019    .ARM.Collect$$rtentry$$00000000  c_w.l(rtentry.o)
    0x0800024c   0x00000000   Code   RO         2111    .ARM.Collect$$rtentry$$00000002  c_w.l(rtentry2.o)
    0x0800024c   0x00000004   Code   RO         2125    .ARM.Collect$$rtentry$$00000005  c_w.l(rtentry5.o)
    0x08000250   0x00000000   Code   RO         2113    .ARM.Collect$$rtentry$$00000009  c_w.l(rtentry2.o)
    0x08000250   0x00000004   Code   RO         2114    .ARM.Collect$$rtentry$$0000000A  c_w.l(rtentry2.o)
    0x08000254   0x00000000   Code   RO         2116    .ARM.Collect$$rtentry$$0000000C  c_w.l(rtentry2.o)
    0x08000254   0x00000008   Code   RO         2117    .ARM.Collect$$rtentry$$0000000D  c_w.l(rtentry2.o)
    0x0800025c   0x00000004   Code   RO         2126    .ARM.Collect$$rtentry$$00002716  c_w.l(rtentry5.o)
    0x08000260   0x00000002   Code   RO         2189    .ARM.Collect$$rtexit$$00000000  c_w.l(rtexit.o)
    0x08000262   0x00000000   Code   RO         2217    .ARM.Collect$$rtexit$$00000002  c_w.l(rtexit2.o)
    0x08000262   0x00000004   Code   RO         2218    .ARM.Collect$$rtexit$$00000003  c_w.l(rtexit2.o)
    0x08000266   0x00000006   Code   RO         2219    .ARM.Collect$$rtexit$$00000004  c_w.l(rtexit2.o)
    0x0800026c   0x00000006   Code   RO            2    .text               board.o
    0x08000272   0x00000002   PAD
    0x08000274   0x00000050   Code   RO          248    .text               cstartup.o
    0x080002c4   0x00000024   Code   RO          252    .text               chcoreasm_v7m.o
    0x080002e8   0x00000004   Code   RO          256    .text               chcore.o
    0x080002ec   0x000000bc   Code   RO          268    .text               chcore_v7m.o
    0x080003a8   0x00000002   Code   RO          282    .text               vectors.o
    0x080003aa   0x00000002   PAD
    0x080003ac   0x000000a0   Code   RO          286    .text               nvic.o
    0x0800044c   0x000000ea   Code   RO          320    .text               chdynamic.o
    0x08000536   0x00000002   PAD
    0x08000538   0x00000314   Code   RO          332    .text               chevents.o
    0x0800084c   0x00000150   Code   RO          345    .text               chheap.o
    0x0800099c   0x0000006c   Code   RO          378    .text               chmemcore.o
    0x08000a08   0x00000070   Code   RO          393    .text               chmempools.o
    0x08000a78   0x00000224   Code   RO          421    .text               chmtx.o
    0x08000c9c   0x00000328   Code   RO          437    .text               chqueues.o
    0x08000fc4   0x000001c8   Code   RO          461    .text               chschd.o
    0x0800118c   0x000000bc   Code   RO          499    .text               chsys.o
    0x08001248   0x00000218   Code   RO          517    .text               chthreads.o
    0x08001460   0x00000094   Code   RO          533    .text               chvt.o
    0x080014f4   0x00000124   Code   RO          552    .text               adc.o
    0x08001618   0x00000080   Code   RO          583    .text               hal.o
    0x08001698   0x0000008a   Code   RO          616    .text               pwm.o
    0x08001722   0x00000002   PAD
    0x08001724   0x00000144   Code   RO          632    .text               serial.o
    0x08001868   0x00000190   Code   RO          650    .text               spi.o
    0x080019f8   0x000000c6   Code   RO          666    .text               i2c.o
    0x08001abe   0x0000006e   Code   RO          682    .text               ext.o
    0x08001b2c   0x00000488   Code   RO          698    .text               ext_lld.o
    0x08001fb4   0x000006fc   Code   RO          723    .text               mmc_spi.o
    0x080026b0   0x000004b8   Code   RO          779    .text               adc_lld.o
    0x08002b68   0x00000180   Code   RO          801    .text               hal_lld.o
    0x08002ce8   0x00000154   Code   RO          817    .text               pal_lld.o
    0x08002e3c   0x0000029c   Code   RO          833    .text               pwm_lld.o
    0x080030d8   0x000001e4   Code   RO          858    .text               serial_lld.o
    0x080032bc   0x00000384   Code   RO          881    .text               spi_lld.o
    0x08003640   0x0000039c   Code   RO          907    .text               stm32_dma.o
    0x080039dc   0x00000648   Code   RO          946    .text               i2c_lld.o
    0x08004024   0x00000210   Code   RO         1289    .text               main.o
    0x08004234   0x0000027c   Code   RO         1553    .text               i2cdev.o
    0x080044b0   0x00000280   Code   RO         1600    .text               chprintf.o
    0x08004730   0x0000110c   Code   RO         1616    .text               lage.o
    0x0800583c   0x00001b2c   Code   RO         1728    .text               mpu6050.o
    0x08007368   0x0000024c   Code   RO         1750    .text               fernsteuerung.o
    0x080075b4   0x0000013c   Code   RO         1773    .text               motoren.o
    0x080076f0   0x00000b70   Code   RO         1792    .text               regelung.o
    0x08008260   0x000001a8   Code   RO         1819    .text               datalogger.o
    0x08008408   0x00000118   Code   RO         1843    .text               diskio.o
    0x08008520   0x00002284   Code   RO         1865    .text               ff.o
    0x0800a7a4   0x0000004e   Code   RO         1891    .text               c_w.l(h1_free.o)
    0x0800a7f2   0x00000058   Code   RO         1945    .text               c_w.l(memcmp.o)
    0x0800a84a   0x00000006   Code   RO         1947    .text               c_w.l(heapauxi.o)
    0x0800a850   0x00000024   Code   RO         1954    .text               c_w.l(init_aeabi.o)
    0x0800a874   0x00000008   Code   RO         2023    .text               c_w.l(rt_heap_descriptor_intlibspace.o)
    0x0800a87c   0x00000016   Code   RO         2047    .text               c_w.l(_rserrno.o)
    0x0800a892   0x00000002   PAD
    0x0800a894   0x00000008   Code   RO         2133    .text               c_w.l(rt_errno_addr_intlibspace.o)
    0x0800a89c   0x0000000c   Code   RO         2168    .text               c_w.l(exit.o)
    0x0800a8a8   0x0000000c   Code   RO         2184    .text               c_w.l(sys_exit.o)
    0x0800a8b4   0x00000002   Code   RO         2186    .text               c_w.l(use_no_semi.o)
    0x0800a8b6   0x00000000   Code   RO         2188    .text               c_w.l(indicate_semi.o)
    0x0800a8b6   0x00000072   Code   RO         1635    i._ZN10Quaternion10getProductES_  lage.o
    0x0800a928   0x0000000a   Code   RO         1641    i.__ARM_common_memcpy4_6  lage.o
    0x0800a932   0x00000026   Code   RO         2103    i.__ARM_fpclassifyf  m_wm.l(fpclassifyf.o)
    0x0800a958   0x00000124   Code   RO         1969    i.__hardfp_asinf    m_wm.l(asinf.o)
    0x0800aa7c   0x00000248   Code   RO         1981    i.__hardfp_atan2f   m_wm.l(atan2f.o)
    0x0800acc4   0x00000164   Code   RO         1993    i.__hardfp_atanf    m_wm.l(atanf.o)
    0x0800ae28   0x0000003a   Code   RO         2005    i.__hardfp_sqrtf    m_wm.l(sqrtf.o)
    0x0800ae62   0x00000002   PAD
    0x0800ae64   0x00000010   Code   RO         2105    i.__mathlib_flt_underflow  m_wm.l(funder.o)
    0x0800ae74   0x0000003e   Code   RO         2007    i.sqrtf             m_wm.l(sqrtf.o)
    0x0800aeb2   0x00000002   PAD
    0x0800aeb4   0x00000062   Code   RO         1957    x$fpl$d2f           fz_wm.l(d2f.o)
    0x0800af16   0x00000002   PAD
    0x0800af18   0x00000150   Code   RO         1959    x$fpl$dadd          fz_wm.l(daddsub_clz.o)
    0x0800b068   0x00000154   Code   RO         1965    x$fpl$dmul          fz_wm.l(dmul.o)
    0x0800b1bc   0x0000009c   Code   RO         2094    x$fpl$dnaninf       fz_wm.l(dnaninf.o)
    0x0800b258   0x0000000c   Code   RO         2096    x$fpl$dretinf       fz_wm.l(dretinf.o)
    0x0800b264   0x000001d4   Code   RO         1961    x$fpl$dsub          fz_wm.l(daddsub_clz.o)
    0x0800b438   0x00000056   Code   RO         1967    x$fpl$f2d           fz_wm.l(f2d.o)
    0x0800b48e   0x0000008c   Code   RO         2098    x$fpl$fnaninf       fz_wm.l(fnaninf.o)
    0x0800b51a   0x0000000a   Code   RO         2156    x$fpl$fpinit        fz_wm.l(fpinit.o)
    0x0800b524   0x0000000a   Code   RO         2100    x$fpl$fretinf       fz_wm.l(fretinf.o)
    0x0800b52e   0x00000000   Code   RO         2102    x$fpl$usenofp       fz_wm.l(usenofp.o)
    0x0800b52e   0x00000002   PAD
    0x0800b530   0x000000fc   Data   RO            3    .constdata          board.o
    0x0800b62c   0x00000024   Data   RO          633    .constdata          serial.o
    0x0800b650   0x0000010b   Data   RO          724    .constdata          mmc_spi.o
    0x0800b75b   0x00000001   PAD
    0x0800b75c   0x0000000c   Data   RO          860    .constdata          serial_lld.o
    0x0800b768   0x000000c0   Data   RO          909    .constdata          stm32_dma.o
    0x0800b828   0x0000092c   Data   RO         1619    .constdata          lage.o
    0x0800c154   0x000000c0   Data   RO         1752    .constdata          fernsteuerung.o
    0x0800c214   0x000001f0   Data   RO         1795    .constdata          regelung.o
    0x0800c404   0x00000008   Data   RO         1824    .constdata          datalogger.o
    0x0800c40c   0x0000002c   Data   RO         1866    .constdata          ff.o
    0x0800c438   0x00000020   Data   RO         2244    Region$$Table       anon$$obj.o
    0x0800c458   0x00000004   Data   RO         1621    .init_array         lage.o


    Execution Region RW_IRAM1 (Base: 0x20000000, Size: 0x00002e58, Max: 0x00020000, ABSOLUTE, COMPRESSED[0x00000030])

    Base Addr    Size         Type   Attr      Idx    E Section Name        Object

    0x20000000   0x00000008   Data   RW          379    .data               chmemcore.o
    0x20000008   0x00000008   Data   RW          699    .data               ext_lld.o
    0x20000010   0x00000004   Data   RW          883    .data               spi_lld.o
    0x20000014   0x00000004   Data   RW          910    .data               stm32_dma.o
    0x20000018   0x00000008   Data   RW         1292    .data               main.o
    0x20000020   0x00000010   Data   RW         1556    .data               i2cdev.o
    0x20000030   0x00000010   Data   RW         1620    .data               lage.o
    0x20000040   0x00000018   Data   RW         1753    .data               fernsteuerung.o
    0x20000058   0x00000040   Data   RW         1775    .data               motoren.o
    0x20000098   0x000000c8   Data   RW         1796    .data               regelung.o
    0x20000160   0x00000020   Data   RW         1825    .data               datalogger.o
    0x20000180   0x00000008   Data   RW         1867    .data               ff.o
    0x20000188   0x00000020   Zero   RW          346    .bss                chheap.o
    0x200001a8   0x00000020   Zero   RW          462    .bss                chschd.o
    0x200001c8   0x00000108   Zero   RW          500    .bss                chsys.o
    0x200002d0   0x00000010   Zero   RW          534    .bss                chvt.o
    0x200002e0   0x0000009c   Zero   RW          780    .bss                adc_lld.o
    0x2000037c   0x00000028   Zero   RW          834    .bss                pwm_lld.o
    0x200003a4   0x00000074   Zero   RW          859    .bss                serial_lld.o
    0x20000418   0x00000060   Zero   RW          882    .bss                spi_lld.o
    0x20000478   0x00000080   Zero   RW          908    .bss                stm32_dma.o
    0x200004f8   0x00000034   Zero   RW          947    .bss                i2c_lld.o
    0x2000052c   0x00000224   Zero   RW         1291    .bss                main.o
    0x20000750   0x00000100   Zero   RW         1555    .bss                i2cdev.o
    0x20000850   0x000002ac   Zero   RW         1618    .bss                lage.o
    0x20000afc   0x00000004   PAD
    0x20000b00   0x000012d8   Zero   RW         1794    .bss                regelung.o
    0x20001dd8   0x00000420   Zero   RW         1821    .bss                datalogger.o
    0x200021f8   0x00000060   Zero   RW         2108    .bss                c_w.l(libspace.o)
    0x20002258   0x00000400   Zero   RW          246    CSTACK              cstartup.o
    0x20002658   0x00000400   Zero   RW          247    HEAP                cstartup.o
    0x20002a58   0x00000400   Zero   RW          245    MSTACK              cstartup.o


    Execution Region RW_IRAM2 (Base: 0x20020000, Size: 0x00000000, Max: 0x00000001, ABSOLUTE)

    Base Addr    Size         Type   Attr      Idx    E Section Name        Object

    0x20020000   0x00000000   Data   RO         2246    linker$$defined$$symbols  anon$$obj.o


==============================================================================

Image component sizes


      Code (inc. data)   RO Data    RW Data    ZI Data      Debug   Object Name

       292          6          0          0          0       7837   adc.o
      1208         74          0          0        156       6710   adc_lld.o
         6          0        252          0          0     264760   board.o
         4          0          0          0          0        476   chcore.o
       188         26          0          0          0       1805   chcore_v7m.o
        36          0          0          0          0        536   chcoreasm_v7m.o
       234          0          0          0          0       1965   chdynamic.o
       788          4          0          0          0       5221   chevents.o
       336         10          0          0         32       2204   chheap.o
       108         12          0          8          0       1942   chmemcore.o
       112          0          0          0          0       1959   chmempools.o
         0          0          0          0          0        632   chmsg.o
       548          4          0          0          0       4134   chmtx.o
       640         10          0          0          0       2683   chprintf.o
       808          4          0          0          0       4547   chqueues.o
       456         10          0          0         32       4947   chschd.o
       188         34          0          0        264       1554   chsys.o
       536         12          0          0          0       4673   chthreads.o
       148          6          0          0         16       2675   chvt.o
        80         32          0          0       3072        492   cstartup.o
       424        162          8         32       1056       2512   datalogger.o
       280          6          0          0          0       4046   diskio.o
       110          0          0          0          0       1812   ext.o
      1160         48          0          8          0       6211   ext_lld.o
       588         56        192         24          0       3621   fernsteuerung.o
      8836        108         44          8          0      29191   ff.o
       128          8          0          0          0       1614   hal.o
       384         68          0          0          0       1352   hal_lld.o
       198          0          0          0          0       2475   i2c.o
      1608         52          0          0         52       7663   i2c_lld.o
       636         22          0         16        256       6339   i2cdev.o
      4488        326       2352         16        684      41832   lage.o
       528        222          0          8        548     242524   main.o
      1788         24        267          0          0       9015   mmc_spi.o
       316         26          0         64          0       1232   motoren.o
      6956         32          0          0          0      60244   mpu6050.o
       160         10          0          0          0        918   nvic.o
       340         44          0          0          0       1954   pal_lld.o
       138          0          0          0          0       1828   pwm.o
       668         30          0          0         40       4926   pwm_lld.o
      2928        372        496        200       4824       4898   regelung.o
       324          4         36          0          0       3120   serial.o
       484         32         12          0        116       3650   serial_lld.o
       400          6          0          0          0       3365   spi.o
       900         64          0          4         96       3733   spi_lld.o
       924         38        192          4        128       9674   stm32_dma.o
         2          0        392          0          0        448   vectors.o

    ----------------------------------------------------------------------
     42420       2004       4276        392      11376     781949   Object Totals
         0          0         32          0          0          0   (incl. Generated)
         8          0          1          0          4          0   (incl. Padding)

    ----------------------------------------------------------------------

      Code (inc. data)   RO Data    RW Data    ZI Data      Debug   Library Member Name

        90          0          0          0          0          0   __dczerorl2.o
         8          0          0          0          0         68   __main.o
        52          8          0          0          0          0   __scatter.o
        28          0          0          0          0          0   __scatter_zi.o
        22          0          0          0          0        100   _rserrno.o
        12          0          0          0          0         72   exit.o
        78          0          0          0          0         80   h1_free.o
         6          0          0          0          0        152   heapauxi.o
         0          0          0          0          0          0   indicate_semi.o
        36         10          0          0          0         80   init_aeabi.o
         2          0          0          0          0          0   libinit.o
        10          0          0          0          0          0   libinit2.o
         2          0          0          0          0          0   libshutdown.o
         2          0          0          0          0          0   libshutdown2.o
         0          0          0          0         96          0   libspace.o
        88          0          0          0          0         76   memcmp.o
         8          4          0          0          0         68   rt_errno_addr_intlibspace.o
         8          4          0          0          0         68   rt_heap_descriptor_intlibspace.o
         0          0          0          0          0          0   rtentry.o
        12          0          0          0          0          0   rtentry2.o
         8          4          0          0          0          0   rtentry5.o
         2          0          0          0          0          0   rtexit.o
        10          0          0          0          0          0   rtexit2.o
        12          4          0          0          0         68   sys_exit.o
         2          0          0          0          0         68   use_no_semi.o
        98          4          0          0          0        140   d2f.o
       804         16          0          0          0        376   daddsub_clz.o
       340         12          0          0          0        152   dmul.o
       156          4          0          0          0        140   dnaninf.o
        12          0          0          0          0        116   dretinf.o
        86          4          0          0          0        132   f2d.o
       140          4          0          0          0        132   fnaninf.o
        10          0          0          0          0        116   fpinit.o
        10          0          0          0          0        116   fretinf.o
         0          0          0          0          0          0   usenofp.o
       292         42          0          0          0        180   asinf.o
       584         98          0          0          0        176   atan2f.o
       356         66          0          0          0        164   atanf.o
        38          0          0          0          0        116   fpclassifyf.o
        16          6          0          0          0        116   funder.o
       120          0          0          0          0        272   sqrtf.o

    ----------------------------------------------------------------------
      3572        290          0          0         96       3344   Library Totals
        12          0          0          0          0          0   (incl. Padding)

    ----------------------------------------------------------------------

      Code (inc. data)   RO Data    RW Data    ZI Data      Debug   Library Name

       498         34          0          0         96        900   c_w.l
      1656         44          0          0          0       1420   fz_wm.l
      1406        212          0          0          0       1024   m_wm.l

    ----------------------------------------------------------------------
      3572        290          0          0         96       3344   Library Totals

    ----------------------------------------------------------------------

==============================================================================


      Code (inc. data)   RO Data    RW Data    ZI Data      Debug   

     45992       2294       4276        392      11472     773625   Grand Totals
     45992       2294       4276         48      11472     773625   ELF Image Totals (compressed)
     45992       2294       4276         48          0          0   ROM Totals

==============================================================================

    Total RO  Size (Code + RO Data)                50268 (  49.09kB)
    Total RW  Size (RW Data + ZI Data)             11864 (  11.59kB)
    Total ROM Size (Code + RO Data + RW Data)      50316 (  49.14kB)

==============================================================================

