


ARM Macro Assembler    Page 1 


    1 00000000         #line   1                "..\\..\\..\\os\\ports\\RVCT\\A
RMCMx\\STM32F4xx\\vectors.s"
    1 00000000         
    2 00000000         
    3 00000000         
    4 00000000         
    5 00000000         
    6 00000000         
    7 00000000         
    8 00000000         
    9 00000000         
   10 00000000         
   11 00000000         
   12 00000000         
   13 00000000         
   14 00000000         
   15 00000000         
   16 00000000         
   17 00000000         
   18 00000000         
   19 00000000         
   20 00000000         
   21 00000000         
   22 00000000         
   23 00000000         
   24 00000000         
   25 00000000         
   26 00000000         
   27 00000000         
   28 00000000         #line   1                "..\\..\\..\\boards\\ST_STM32F4
_DISCOVERY\\board.h"
    1 00000000         
    2 00000000         
    3 00000000         
    4 00000000         
    5 00000000         
    6 00000000         
    7 00000000         
    8 00000000         
    9 00000000         
   10 00000000         
   11 00000000         
   12 00000000         
   13 00000000         
   14 00000000         
   15 00000000         
   16 00000000         
   17 00000000         
   18 00000000         
   19 00000000         
   20 00000000         
   21 00000000         
   22 00000000         
   23 00000000         
   24 00000000         
   25 00000000         
   26 00000000         
   27 00000000         
   28 00000000         



ARM Macro Assembler    Page 2 


   29 00000000         
   30 00000000         
   31 00000000         
   32 00000000         
   33 00000000         
   34 00000000         
   35 00000000         
   36 00000000         
   37 00000000         
   38 00000000         
   39 00000000         
   40 00000000         
   41 00000000         
   42 00000000         
   43 00000000         
   44 00000000         
   45 00000000         
   46 00000000         
   47 00000000         
   48 00000000         
   49 00000000         
   50 00000000         
   51 00000000         
   52 00000000         
   53 00000000         
   54 00000000         
   55 00000000         
   56 00000000         
   57 00000000         
   58 00000000         
   59 00000000         
   60 00000000         
   61 00000000         
   62 00000000         #line   73               "..\\..\\..\\boards\\ST_STM32F4
_DISCOVERY\\board.h"
   73 00000000         
   74 00000000         
   75 00000000         
   76 00000000         
   77 00000000         
   78 00000000         
   79 00000000         #line   85               "..\\..\\..\\boards\\ST_STM32F4
_DISCOVERY\\board.h"
   85 00000000         
   86 00000000         #line   92               "..\\..\\..\\boards\\ST_STM32F4
_DISCOVERY\\board.h"
   92 00000000         
   93 00000000         
   94 00000000         
   95 00000000         
   96 00000000         
   97 00000000         
   98 00000000         
   99 00000000         
  100 00000000         
  101 00000000         
  102 00000000         
  103 00000000         
  104 00000000         



ARM Macro Assembler    Page 3 


  105 00000000         #line   119              "..\\..\\..\\boards\\ST_STM32F4
_DISCOVERY\\board.h"
  119 00000000         
  120 00000000         
  121 00000000         
  122 00000000         
  123 00000000         
  124 00000000         
  125 00000000         
  126 00000000         
  127 00000000         
  128 00000000         
  129 00000000         
  130 00000000         
  131 00000000         
  132 00000000         
  133 00000000         
  134 00000000         
  135 00000000         #line   177              "..\\..\\..\\boards\\ST_STM32F4
_DISCOVERY\\board.h"
  177 00000000         
  178 00000000         
  179 00000000         
  180 00000000         
  181 00000000         
  182 00000000         
  183 00000000         
  184 00000000         
  185 00000000         #line   224              "..\\..\\..\\boards\\ST_STM32F4
_DISCOVERY\\board.h"
  224 00000000         
  225 00000000         
  226 00000000         
  227 00000000         
  228 00000000         
  229 00000000         
  230 00000000         
  231 00000000         
  232 00000000         
  233 00000000         
  234 00000000         #line   272              "..\\..\\..\\boards\\ST_STM32F4
_DISCOVERY\\board.h"
  272 00000000         
  273 00000000         
  274 00000000         
  275 00000000         
  276 00000000         
  277 00000000         
  278 00000000         
  279 00000000         
  280 00000000         
  281 00000000         
  282 00000000         
  283 00000000         #line   320              "..\\..\\..\\boards\\ST_STM32F4
_DISCOVERY\\board.h"
  320 00000000         
  321 00000000         
  322 00000000         
  323 00000000         



ARM Macro Assembler    Page 4 


  324 00000000         
  325 00000000         
  326 00000000         
  327 00000000         
  328 00000000         #line   365              "..\\..\\..\\boards\\ST_STM32F4
_DISCOVERY\\board.h"
  365 00000000         
  366 00000000         
  367 00000000         
  368 00000000         
  369 00000000         
  370 00000000         #line   392              "..\\..\\..\\boards\\ST_STM32F4
_DISCOVERY\\board.h"
  392 00000000         
  393 00000000         
  394 00000000         
  395 00000000         
  396 00000000         
  397 00000000         #line   419              "..\\..\\..\\boards\\ST_STM32F4
_DISCOVERY\\board.h"
  419 00000000         
  420 00000000         
  421 00000000         
  422 00000000         
  423 00000000         
  424 00000000         
  425 00000000         
  426 00000000         #line   463              "..\\..\\..\\boards\\ST_STM32F4
_DISCOVERY\\board.h"
  463 00000000         
  464 00000000         
  465 00000000         
  466 00000000         
  467 00000000         
  468 00000000         #line   490              "..\\..\\..\\boards\\ST_STM32F4
_DISCOVERY\\board.h"
  490 00000000         
  491 00000000         #line   500              "..\\..\\..\\boards\\ST_STM32F4
_DISCOVERY\\board.h"
  500 00000000         
  501 00000000         #line   31               "..\\..\\..\\os\\ports\\RVCT\\A
RMCMx\\STM32F4xx\\vectors.s"
   31 00000000         
   32 00000000         
   33 00000000                 PRESERVE8
   34 00000000         
   35 00000000                 AREA             RESET, DATA, READONLY
   36 00000000         
   37 00000000                 IMPORT           __initial_msp
   38 00000000                 IMPORT           Reset_Handler
   39 00000000                 EXPORT           __Vectors
   40 00000000         
   41 00000000         __Vectors
   42 00000000 00000000        DCD              __initial_msp
   43 00000004 00000000        DCD              Reset_Handler
   44 00000008 00000000        DCD              NMIVector
   45 0000000C 00000000        DCD              HardFaultVector
   46 00000010 00000000        DCD              MemManageVector
   47 00000014 00000000        DCD              BusFaultVector



ARM Macro Assembler    Page 5 


   48 00000018 00000000        DCD              UsageFaultVector
   49 0000001C 00000000        DCD              Vector1C
   50 00000020 00000000        DCD              Vector20
   51 00000024 00000000        DCD              Vector24
   52 00000028 00000000        DCD              Vector28
   53 0000002C 00000000        DCD              SVCallVector
   54 00000030 00000000        DCD              DebugMonitorVector
   55 00000034 00000000        DCD              Vector34
   56 00000038 00000000        DCD              PendSVVector
   57 0000003C 00000000        DCD              SysTickVector
   58 00000040 00000000        DCD              Vector40
   59 00000044 00000000        DCD              Vector44
   60 00000048 00000000        DCD              Vector48
   61 0000004C 00000000        DCD              Vector4C
   62 00000050 00000000        DCD              Vector50
   63 00000054 00000000        DCD              Vector54
   64 00000058 00000000        DCD              Vector58
   65 0000005C 00000000        DCD              Vector5C
   66 00000060 00000000        DCD              Vector60
   67 00000064 00000000        DCD              Vector64
   68 00000068 00000000        DCD              Vector68
   69 0000006C 00000000        DCD              Vector6C
   70 00000070 00000000        DCD              Vector70
   71 00000074 00000000        DCD              Vector74
   72 00000078 00000000        DCD              Vector78
   73 0000007C 00000000        DCD              Vector7C
   74 00000080 00000000        DCD              Vector80
   75 00000084 00000000        DCD              Vector84
   76 00000088 00000000        DCD              Vector88
   77 0000008C 00000000        DCD              Vector8C
   78 00000090 00000000        DCD              Vector90
   79 00000094 00000000        DCD              Vector94
   80 00000098 00000000        DCD              Vector98
   81 0000009C 00000000        DCD              Vector9C
   82 000000A0 00000000        DCD              VectorA0
   83 000000A4 00000000        DCD              VectorA4
   84 000000A8 00000000        DCD              VectorA8
   85 000000AC 00000000        DCD              VectorAC
   86 000000B0 00000000        DCD              VectorB0
   87 000000B4 00000000        DCD              VectorB4
   88 000000B8 00000000        DCD              VectorB8
   89 000000BC 00000000        DCD              VectorBC
   90 000000C0 00000000        DCD              VectorC0
   91 000000C4 00000000        DCD              VectorC4
   92 000000C8 00000000        DCD              VectorC8
   93 000000CC 00000000        DCD              VectorCC
   94 000000D0 00000000        DCD              VectorD0
   95 000000D4 00000000        DCD              VectorD4
   96 000000D8 00000000        DCD              VectorD8
   97 000000DC 00000000        DCD              VectorDC
   98 000000E0 00000000        DCD              VectorE0
   99 000000E4 00000000        DCD              VectorE4
  100 000000E8 00000000        DCD              VectorE8
  101 000000EC 00000000        DCD              VectorEC
  102 000000F0 00000000        DCD              VectorF0
  103 000000F4 00000000        DCD              VectorF4
  104 000000F8 00000000        DCD              VectorF8
  105 000000FC 00000000        DCD              VectorFC
  106 00000100 00000000        DCD              Vector100



ARM Macro Assembler    Page 6 


  107 00000104 00000000        DCD              Vector104
  108 00000108 00000000        DCD              Vector108
  109 0000010C 00000000        DCD              Vector10C
  110 00000110 00000000        DCD              Vector110
  111 00000114 00000000        DCD              Vector114
  112 00000118 00000000        DCD              Vector118
  113 0000011C 00000000        DCD              Vector11C
  114 00000120 00000000        DCD              Vector120
  115 00000124 00000000        DCD              Vector124
  116 00000128 00000000        DCD              Vector128
  117 0000012C 00000000        DCD              Vector12C
  118 00000130 00000000        DCD              Vector130
  119 00000134 00000000        DCD              Vector134
  120 00000138 00000000        DCD              Vector138
  121 0000013C 00000000        DCD              Vector13C
  122 00000140 00000000        DCD              Vector140
  123 00000144 00000000        DCD              Vector144
  124 00000148 00000000        DCD              Vector148
  125 0000014C 00000000        DCD              Vector14C
  126 00000150 00000000        DCD              Vector150
  127 00000154 00000000        DCD              Vector154
  128 00000158 00000000        DCD              Vector158
  129 0000015C 00000000        DCD              Vector15C
  130 00000160 00000000        DCD              Vector160
  131 00000164 00000000        DCD              Vector164
  132 00000168 00000000        DCD              Vector168
  133 0000016C 00000000        DCD              Vector16C
  134 00000170 00000000        DCD              Vector170
  135 00000174 00000000        DCD              Vector174
  136 00000178 00000000        DCD              Vector178
  137 0000017C 00000000        DCD              Vector17C
  138 00000180 00000000        DCD              Vector180
  139 00000184 00000000        DCD              Vector184
  140 00000188         
  141 00000188                 AREA             |.text|, CODE, READONLY
  142 00000000                 THUMB
  143 00000000         
  144 00000000         
  145 00000000         
  146 00000000         
  147 00000000                 EXPORT           _unhandled_exception
  148 00000000         _unhandled_exception
                               PROC
  149 00000000                 EXPORT           NMIVector               [WEAK]
  150 00000000                 EXPORT           HardFaultVector         [WEAK]
  151 00000000                 EXPORT           MemManageVector         [WEAK]
  152 00000000                 EXPORT           BusFaultVector          [WEAK]
  153 00000000                 EXPORT           UsageFaultVector        [WEAK]
  154 00000000                 EXPORT           Vector1C                [WEAK]
  155 00000000                 EXPORT           Vector20                [WEAK]
  156 00000000                 EXPORT           Vector24                [WEAK]
  157 00000000                 EXPORT           Vector28                [WEAK]
  158 00000000                 EXPORT           SVCallVector            [WEAK]
  159 00000000                 EXPORT           DebugMonitorVector      [WEAK]
  160 00000000                 EXPORT           Vector34                [WEAK]
  161 00000000                 EXPORT           PendSVVector            [WEAK]
  162 00000000                 EXPORT           SysTickVector           [WEAK]
  163 00000000                 EXPORT           Vector40                [WEAK]
  164 00000000                 EXPORT           Vector44                [WEAK]



ARM Macro Assembler    Page 7 


  165 00000000                 EXPORT           Vector48                [WEAK]
  166 00000000                 EXPORT           Vector4C                [WEAK]
  167 00000000                 EXPORT           Vector50                [WEAK]
  168 00000000                 EXPORT           Vector54                [WEAK]
  169 00000000                 EXPORT           Vector58                [WEAK]
  170 00000000                 EXPORT           Vector5C                [WEAK]
  171 00000000                 EXPORT           Vector60                [WEAK]
  172 00000000                 EXPORT           Vector64                [WEAK]
  173 00000000                 EXPORT           Vector68                [WEAK]
  174 00000000                 EXPORT           Vector6C                [WEAK]
  175 00000000                 EXPORT           Vector70                [WEAK]
  176 00000000                 EXPORT           Vector74                [WEAK]
  177 00000000                 EXPORT           Vector78                [WEAK]
  178 00000000                 EXPORT           Vector7C                [WEAK]
  179 00000000                 EXPORT           Vector80                [WEAK]
  180 00000000                 EXPORT           Vector84                [WEAK]
  181 00000000                 EXPORT           Vector88                [WEAK]
  182 00000000                 EXPORT           Vector8C                [WEAK]
  183 00000000                 EXPORT           Vector90                [WEAK]
  184 00000000                 EXPORT           Vector94                [WEAK]
  185 00000000                 EXPORT           Vector98                [WEAK]
  186 00000000                 EXPORT           Vector9C                [WEAK]
  187 00000000                 EXPORT           VectorA0                [WEAK]
  188 00000000                 EXPORT           VectorA4                [WEAK]
  189 00000000                 EXPORT           VectorA8                [WEAK]
  190 00000000                 EXPORT           VectorAC                [WEAK]
  191 00000000                 EXPORT           VectorB0                [WEAK]
  192 00000000                 EXPORT           VectorB4                [WEAK]
  193 00000000                 EXPORT           VectorB8                [WEAK]
  194 00000000                 EXPORT           VectorBC                [WEAK]
  195 00000000                 EXPORT           VectorC0                [WEAK]
  196 00000000                 EXPORT           VectorC4                [WEAK]
  197 00000000                 EXPORT           VectorC8                [WEAK]
  198 00000000                 EXPORT           VectorCC                [WEAK]
  199 00000000                 EXPORT           VectorD0                [WEAK]
  200 00000000                 EXPORT           VectorD4                [WEAK]
  201 00000000                 EXPORT           VectorD8                [WEAK]
  202 00000000                 EXPORT           VectorDC                [WEAK]
  203 00000000                 EXPORT           VectorE0                [WEAK]
  204 00000000                 EXPORT           VectorE4                [WEAK]
  205 00000000                 EXPORT           VectorE8                [WEAK]
  206 00000000                 EXPORT           VectorEC                [WEAK]
  207 00000000                 EXPORT           VectorF0                [WEAK]
  208 00000000                 EXPORT           VectorF4                [WEAK]
  209 00000000                 EXPORT           VectorF8                [WEAK]
  210 00000000                 EXPORT           VectorFC                [WEAK]
  211 00000000                 EXPORT           Vector100               [WEAK]
  212 00000000                 EXPORT           Vector104               [WEAK]
  213 00000000                 EXPORT           Vector108               [WEAK]
  214 00000000                 EXPORT           Vector10C               [WEAK]
  215 00000000                 EXPORT           Vector110               [WEAK]
  216 00000000                 EXPORT           Vector114               [WEAK]
  217 00000000                 EXPORT           Vector118               [WEAK]
  218 00000000                 EXPORT           Vector11C               [WEAK]
  219 00000000                 EXPORT           Vector120               [WEAK]
  220 00000000                 EXPORT           Vector124               [WEAK]
  221 00000000                 EXPORT           Vector128               [WEAK]
  222 00000000                 EXPORT           Vector12C               [WEAK]
  223 00000000                 EXPORT           Vector130               [WEAK]



ARM Macro Assembler    Page 8 


  224 00000000                 EXPORT           Vector134               [WEAK]
  225 00000000                 EXPORT           Vector138               [WEAK]
  226 00000000                 EXPORT           Vector13C               [WEAK]
  227 00000000                 EXPORT           Vector140               [WEAK]
  228 00000000                 EXPORT           Vector144               [WEAK]
  229 00000000                 EXPORT           Vector148               [WEAK]
  230 00000000                 EXPORT           Vector14C               [WEAK]
  231 00000000                 EXPORT           Vector150               [WEAK]
  232 00000000                 EXPORT           Vector154               [WEAK]
  233 00000000                 EXPORT           Vector158               [WEAK]
  234 00000000                 EXPORT           Vector15C               [WEAK]
  235 00000000                 EXPORT           Vector160               [WEAK]
  236 00000000                 EXPORT           Vector164               [WEAK]
  237 00000000                 EXPORT           Vector168               [WEAK]
  238 00000000                 EXPORT           Vector16C               [WEAK]
  239 00000000                 EXPORT           Vector170               [WEAK]
  240 00000000                 EXPORT           Vector174               [WEAK]
  241 00000000                 EXPORT           Vector178               [WEAK]
  242 00000000                 EXPORT           Vector17C               [WEAK]
  243 00000000                 EXPORT           Vector180               [WEAK]
  244 00000000                 EXPORT           Vector184               [WEAK]
  245 00000000         
  246 00000000         NMIVector
  247 00000000         HardFaultVector
  248 00000000         MemManageVector
  249 00000000         BusFaultVector
  250 00000000         UsageFaultVector
  251 00000000         Vector1C
  252 00000000         Vector20
  253 00000000         Vector24
  254 00000000         Vector28
  255 00000000         SVCallVector
  256 00000000         DebugMonitorVector
  257 00000000         Vector34
  258 00000000         PendSVVector
  259 00000000         SysTickVector
  260 00000000         Vector40
  261 00000000         Vector44
  262 00000000         Vector48
  263 00000000         Vector4C
  264 00000000         Vector50
  265 00000000         Vector54
  266 00000000         Vector58
  267 00000000         Vector5C
  268 00000000         Vector60
  269 00000000         Vector64
  270 00000000         Vector68
  271 00000000         Vector6C
  272 00000000         Vector70
  273 00000000         Vector74
  274 00000000         Vector78
  275 00000000         Vector7C
  276 00000000         Vector80
  277 00000000         Vector84
  278 00000000         Vector88
  279 00000000         Vector8C
  280 00000000         Vector90
  281 00000000         Vector94
  282 00000000         Vector98



ARM Macro Assembler    Page 9 


  283 00000000         Vector9C
  284 00000000         VectorA0
  285 00000000         VectorA4
  286 00000000         VectorA8
  287 00000000         VectorAC
  288 00000000         VectorB0
  289 00000000         VectorB4
  290 00000000         VectorB8
  291 00000000         VectorBC
  292 00000000         VectorC0
  293 00000000         VectorC4
  294 00000000         VectorC8
  295 00000000         VectorCC
  296 00000000         VectorD0
  297 00000000         VectorD4
  298 00000000         VectorD8
  299 00000000         VectorDC
  300 00000000         VectorE0
  301 00000000         VectorE4
  302 00000000         VectorE8
  303 00000000         VectorEC
  304 00000000         VectorF0
  305 00000000         VectorF4
  306 00000000         VectorF8
  307 00000000         VectorFC
  308 00000000         Vector100
  309 00000000         Vector104
  310 00000000         Vector108
  311 00000000         Vector10C
  312 00000000         Vector110
  313 00000000         Vector114
  314 00000000         Vector118
  315 00000000         Vector11C
  316 00000000         Vector120
  317 00000000         Vector124
  318 00000000         Vector128
  319 00000000         Vector12C
  320 00000000         Vector130
  321 00000000         Vector134
  322 00000000         Vector138
  323 00000000         Vector13C
  324 00000000         Vector140
  325 00000000         Vector144
  326 00000000         Vector148
  327 00000000         Vector14C
  328 00000000         Vector150
  329 00000000         Vector154
  330 00000000         Vector158
  331 00000000         Vector15C
  332 00000000         Vector160
  333 00000000         Vector164
  334 00000000         Vector168
  335 00000000         Vector16C
  336 00000000         Vector170
  337 00000000         Vector174
  338 00000000         Vector178
  339 00000000         Vector17C
  340 00000000         Vector180
  341 00000000         Vector184



ARM Macro Assembler    Page 10 


  342 00000000 E7FE            b                _unhandled_exception
  343 00000002                 ENDP
  344 00000002         
  345 00000002                 END
Command Line: --debug --xref --cpreproc --cpu=Cortex-M4.fp --apcs=interwork --d
epend=.\obj\vectors.d -o.\obj\vectors.o -I..\ -I..\..\..\boards\ST_STM32F4_DISC
OVERY -I..\..\..\os\ports\RVCT\ARMCMx\STM32F4xx -I"D:\Program Files\Keil\ARM\RV
31\INC" -I"D:\Program Files\Keil\ARM\CMSIS\Include" -I"D:\Program Files\Keil\AR
M\Inc\ST\STM32F4xx" --list=.\lst\vectors.lst ..\..\..\os\ports\RVCT\ARMCMx\STM3
2F4xx\vectors.s



ARM Macro Assembler    Page 1 Alphabetic symbol ordering
Relocatable symbols

RESET 00000000

Symbol: RESET
   Definitions
      At line 35 in file ..\\..\\..\\os\\ports\\RVCT\\ARMCMx\\STM32F4xx\\vector
s.s
   Uses
      None
Comment: RESET unused
__Vectors 00000000

Symbol: __Vectors
   Definitions
      At line 41 in file ..\\..\\..\\os\\ports\\RVCT\\ARMCMx\\STM32F4xx\\vector
s.s
   Uses
      At line 39 in file ..\\..\\..\\os\\ports\\RVCT\\ARMCMx\\STM32F4xx\\vector
s.s
Comment: __Vectors used once
2 symbols



ARM Macro Assembler    Page 1 Alphabetic symbol ordering
Relocatable symbols

.text 00000000

Symbol: .text
   Definitions
      At line 141 in file ..\\..\\..\\os\\ports\\RVCT\\ARMCMx\\STM32F4xx\\vecto
rs.s
   Uses
      None
Comment: .text unused
BusFaultVector 00000000

Symbol: BusFaultVector
   Definitions
      At line 249 in file ..\\..\\..\\os\\ports\\RVCT\\ARMCMx\\STM32F4xx\\vecto
rs.s
   Uses
      At line 47 in file ..\\..\\..\\os\\ports\\RVCT\\ARMCMx\\STM32F4xx\\vector
s.s
      At line 152 in file ..\\..\\..\\os\\ports\\RVCT\\ARMCMx\\STM32F4xx\\vecto
rs.s

DebugMonitorVector 00000000

Symbol: DebugMonitorVector
   Definitions
      At line 256 in file ..\\..\\..\\os\\ports\\RVCT\\ARMCMx\\STM32F4xx\\vecto
rs.s
   Uses
      At line 54 in file ..\\..\\..\\os\\ports\\RVCT\\ARMCMx\\STM32F4xx\\vector
s.s
      At line 159 in file ..\\..\\..\\os\\ports\\RVCT\\ARMCMx\\STM32F4xx\\vecto
rs.s

HardFaultVector 00000000

Symbol: HardFaultVector
   Definitions
      At line 247 in file ..\\..\\..\\os\\ports\\RVCT\\ARMCMx\\STM32F4xx\\vecto
rs.s
   Uses
      At line 45 in file ..\\..\\..\\os\\ports\\RVCT\\ARMCMx\\STM32F4xx\\vector
s.s
      At line 150 in file ..\\..\\..\\os\\ports\\RVCT\\ARMCMx\\STM32F4xx\\vecto
rs.s

MemManageVector 00000000

Symbol: MemManageVector
   Definitions
      At line 248 in file ..\\..\\..\\os\\ports\\RVCT\\ARMCMx\\STM32F4xx\\vecto
rs.s
   Uses
      At line 46 in file ..\\..\\..\\os\\ports\\RVCT\\ARMCMx\\STM32F4xx\\vector
s.s
      At line 151 in file ..\\..\\..\\os\\ports\\RVCT\\ARMCMx\\STM32F4xx\\vecto
rs.s

NMIVector 00000000




ARM Macro Assembler    Page 2 Alphabetic symbol ordering
Relocatable symbols

Symbol: NMIVector
   Definitions
      At line 246 in file ..\\..\\..\\os\\ports\\RVCT\\ARMCMx\\STM32F4xx\\vecto
rs.s
   Uses
      At line 44 in file ..\\..\\..\\os\\ports\\RVCT\\ARMCMx\\STM32F4xx\\vector
s.s
      At line 149 in file ..\\..\\..\\os\\ports\\RVCT\\ARMCMx\\STM32F4xx\\vecto
rs.s

PendSVVector 00000000

Symbol: PendSVVector
   Definitions
      At line 258 in file ..\\..\\..\\os\\ports\\RVCT\\ARMCMx\\STM32F4xx\\vecto
rs.s
   Uses
      At line 56 in file ..\\..\\..\\os\\ports\\RVCT\\ARMCMx\\STM32F4xx\\vector
s.s
      At line 161 in file ..\\..\\..\\os\\ports\\RVCT\\ARMCMx\\STM32F4xx\\vecto
rs.s

SVCallVector 00000000

Symbol: SVCallVector
   Definitions
      At line 255 in file ..\\..\\..\\os\\ports\\RVCT\\ARMCMx\\STM32F4xx\\vecto
rs.s
   Uses
      At line 53 in file ..\\..\\..\\os\\ports\\RVCT\\ARMCMx\\STM32F4xx\\vector
s.s
      At line 158 in file ..\\..\\..\\os\\ports\\RVCT\\ARMCMx\\STM32F4xx\\vecto
rs.s

SysTickVector 00000000

Symbol: SysTickVector
   Definitions
      At line 259 in file ..\\..\\..\\os\\ports\\RVCT\\ARMCMx\\STM32F4xx\\vecto
rs.s
   Uses
      At line 57 in file ..\\..\\..\\os\\ports\\RVCT\\ARMCMx\\STM32F4xx\\vector
s.s
      At line 162 in file ..\\..\\..\\os\\ports\\RVCT\\ARMCMx\\STM32F4xx\\vecto
rs.s

UsageFaultVector 00000000

Symbol: UsageFaultVector
   Definitions
      At line 250 in file ..\\..\\..\\os\\ports\\RVCT\\ARMCMx\\STM32F4xx\\vecto
rs.s
   Uses
      At line 48 in file ..\\..\\..\\os\\ports\\RVCT\\ARMCMx\\STM32F4xx\\vector
s.s
      At line 153 in file ..\\..\\..\\os\\ports\\RVCT\\ARMCMx\\STM32F4xx\\vecto
rs.s

Vector100 00000000



ARM Macro Assembler    Page 3 Alphabetic symbol ordering
Relocatable symbols


Symbol: Vector100
   Definitions
      At line 308 in file ..\\..\\..\\os\\ports\\RVCT\\ARMCMx\\STM32F4xx\\vecto
rs.s
   Uses
      At line 106 in file ..\\..\\..\\os\\ports\\RVCT\\ARMCMx\\STM32F4xx\\vecto
rs.s
      At line 211 in file ..\\..\\..\\os\\ports\\RVCT\\ARMCMx\\STM32F4xx\\vecto
rs.s

Vector104 00000000

Symbol: Vector104
   Definitions
      At line 309 in file ..\\..\\..\\os\\ports\\RVCT\\ARMCMx\\STM32F4xx\\vecto
rs.s
   Uses
      At line 107 in file ..\\..\\..\\os\\ports\\RVCT\\ARMCMx\\STM32F4xx\\vecto
rs.s
      At line 212 in file ..\\..\\..\\os\\ports\\RVCT\\ARMCMx\\STM32F4xx\\vecto
rs.s

Vector108 00000000

Symbol: Vector108
   Definitions
      At line 310 in file ..\\..\\..\\os\\ports\\RVCT\\ARMCMx\\STM32F4xx\\vecto
rs.s
   Uses
      At line 108 in file ..\\..\\..\\os\\ports\\RVCT\\ARMCMx\\STM32F4xx\\vecto
rs.s
      At line 213 in file ..\\..\\..\\os\\ports\\RVCT\\ARMCMx\\STM32F4xx\\vecto
rs.s

Vector10C 00000000

Symbol: Vector10C
   Definitions
      At line 311 in file ..\\..\\..\\os\\ports\\RVCT\\ARMCMx\\STM32F4xx\\vecto
rs.s
   Uses
      At line 109 in file ..\\..\\..\\os\\ports\\RVCT\\ARMCMx\\STM32F4xx\\vecto
rs.s
      At line 214 in file ..\\..\\..\\os\\ports\\RVCT\\ARMCMx\\STM32F4xx\\vecto
rs.s

Vector110 00000000

Symbol: Vector110
   Definitions
      At line 312 in file ..\\..\\..\\os\\ports\\RVCT\\ARMCMx\\STM32F4xx\\vecto
rs.s
   Uses
      At line 110 in file ..\\..\\..\\os\\ports\\RVCT\\ARMCMx\\STM32F4xx\\vecto
rs.s
      At line 215 in file ..\\..\\..\\os\\ports\\RVCT\\ARMCMx\\STM32F4xx\\vecto
rs.s




ARM Macro Assembler    Page 4 Alphabetic symbol ordering
Relocatable symbols

Vector114 00000000

Symbol: Vector114
   Definitions
      At line 313 in file ..\\..\\..\\os\\ports\\RVCT\\ARMCMx\\STM32F4xx\\vecto
rs.s
   Uses
      At line 111 in file ..\\..\\..\\os\\ports\\RVCT\\ARMCMx\\STM32F4xx\\vecto
rs.s
      At line 216 in file ..\\..\\..\\os\\ports\\RVCT\\ARMCMx\\STM32F4xx\\vecto
rs.s

Vector118 00000000

Symbol: Vector118
   Definitions
      At line 314 in file ..\\..\\..\\os\\ports\\RVCT\\ARMCMx\\STM32F4xx\\vecto
rs.s
   Uses
      At line 112 in file ..\\..\\..\\os\\ports\\RVCT\\ARMCMx\\STM32F4xx\\vecto
rs.s
      At line 217 in file ..\\..\\..\\os\\ports\\RVCT\\ARMCMx\\STM32F4xx\\vecto
rs.s

Vector11C 00000000

Symbol: Vector11C
   Definitions
      At line 315 in file ..\\..\\..\\os\\ports\\RVCT\\ARMCMx\\STM32F4xx\\vecto
rs.s
   Uses
      At line 113 in file ..\\..\\..\\os\\ports\\RVCT\\ARMCMx\\STM32F4xx\\vecto
rs.s
      At line 218 in file ..\\..\\..\\os\\ports\\RVCT\\ARMCMx\\STM32F4xx\\vecto
rs.s

Vector120 00000000

Symbol: Vector120
   Definitions
      At line 316 in file ..\\..\\..\\os\\ports\\RVCT\\ARMCMx\\STM32F4xx\\vecto
rs.s
   Uses
      At line 114 in file ..\\..\\..\\os\\ports\\RVCT\\ARMCMx\\STM32F4xx\\vecto
rs.s
      At line 219 in file ..\\..\\..\\os\\ports\\RVCT\\ARMCMx\\STM32F4xx\\vecto
rs.s

Vector124 00000000

Symbol: Vector124
   Definitions
      At line 317 in file ..\\..\\..\\os\\ports\\RVCT\\ARMCMx\\STM32F4xx\\vecto
rs.s
   Uses
      At line 115 in file ..\\..\\..\\os\\ports\\RVCT\\ARMCMx\\STM32F4xx\\vecto
rs.s
      At line 220 in file ..\\..\\..\\os\\ports\\RVCT\\ARMCMx\\STM32F4xx\\vecto
rs.s



ARM Macro Assembler    Page 5 Alphabetic symbol ordering
Relocatable symbols


Vector128 00000000

Symbol: Vector128
   Definitions
      At line 318 in file ..\\..\\..\\os\\ports\\RVCT\\ARMCMx\\STM32F4xx\\vecto
rs.s
   Uses
      At line 116 in file ..\\..\\..\\os\\ports\\RVCT\\ARMCMx\\STM32F4xx\\vecto
rs.s
      At line 221 in file ..\\..\\..\\os\\ports\\RVCT\\ARMCMx\\STM32F4xx\\vecto
rs.s

Vector12C 00000000

Symbol: Vector12C
   Definitions
      At line 319 in file ..\\..\\..\\os\\ports\\RVCT\\ARMCMx\\STM32F4xx\\vecto
rs.s
   Uses
      At line 117 in file ..\\..\\..\\os\\ports\\RVCT\\ARMCMx\\STM32F4xx\\vecto
rs.s
      At line 222 in file ..\\..\\..\\os\\ports\\RVCT\\ARMCMx\\STM32F4xx\\vecto
rs.s

Vector130 00000000

Symbol: Vector130
   Definitions
      At line 320 in file ..\\..\\..\\os\\ports\\RVCT\\ARMCMx\\STM32F4xx\\vecto
rs.s
   Uses
      At line 118 in file ..\\..\\..\\os\\ports\\RVCT\\ARMCMx\\STM32F4xx\\vecto
rs.s
      At line 223 in file ..\\..\\..\\os\\ports\\RVCT\\ARMCMx\\STM32F4xx\\vecto
rs.s

Vector134 00000000

Symbol: Vector134
   Definitions
      At line 321 in file ..\\..\\..\\os\\ports\\RVCT\\ARMCMx\\STM32F4xx\\vecto
rs.s
   Uses
      At line 119 in file ..\\..\\..\\os\\ports\\RVCT\\ARMCMx\\STM32F4xx\\vecto
rs.s
      At line 224 in file ..\\..\\..\\os\\ports\\RVCT\\ARMCMx\\STM32F4xx\\vecto
rs.s

Vector138 00000000

Symbol: Vector138
   Definitions
      At line 322 in file ..\\..\\..\\os\\ports\\RVCT\\ARMCMx\\STM32F4xx\\vecto
rs.s
   Uses
      At line 120 in file ..\\..\\..\\os\\ports\\RVCT\\ARMCMx\\STM32F4xx\\vecto
rs.s
      At line 225 in file ..\\..\\..\\os\\ports\\RVCT\\ARMCMx\\STM32F4xx\\vecto



ARM Macro Assembler    Page 6 Alphabetic symbol ordering
Relocatable symbols

rs.s

Vector13C 00000000

Symbol: Vector13C
   Definitions
      At line 323 in file ..\\..\\..\\os\\ports\\RVCT\\ARMCMx\\STM32F4xx\\vecto
rs.s
   Uses
      At line 121 in file ..\\..\\..\\os\\ports\\RVCT\\ARMCMx\\STM32F4xx\\vecto
rs.s
      At line 226 in file ..\\..\\..\\os\\ports\\RVCT\\ARMCMx\\STM32F4xx\\vecto
rs.s

Vector140 00000000

Symbol: Vector140
   Definitions
      At line 324 in file ..\\..\\..\\os\\ports\\RVCT\\ARMCMx\\STM32F4xx\\vecto
rs.s
   Uses
      At line 122 in file ..\\..\\..\\os\\ports\\RVCT\\ARMCMx\\STM32F4xx\\vecto
rs.s
      At line 227 in file ..\\..\\..\\os\\ports\\RVCT\\ARMCMx\\STM32F4xx\\vecto
rs.s

Vector144 00000000

Symbol: Vector144
   Definitions
      At line 325 in file ..\\..\\..\\os\\ports\\RVCT\\ARMCMx\\STM32F4xx\\vecto
rs.s
   Uses
      At line 123 in file ..\\..\\..\\os\\ports\\RVCT\\ARMCMx\\STM32F4xx\\vecto
rs.s
      At line 228 in file ..\\..\\..\\os\\ports\\RVCT\\ARMCMx\\STM32F4xx\\vecto
rs.s

Vector148 00000000

Symbol: Vector148
   Definitions
      At line 326 in file ..\\..\\..\\os\\ports\\RVCT\\ARMCMx\\STM32F4xx\\vecto
rs.s
   Uses
      At line 124 in file ..\\..\\..\\os\\ports\\RVCT\\ARMCMx\\STM32F4xx\\vecto
rs.s
      At line 229 in file ..\\..\\..\\os\\ports\\RVCT\\ARMCMx\\STM32F4xx\\vecto
rs.s

Vector14C 00000000

Symbol: Vector14C
   Definitions
      At line 327 in file ..\\..\\..\\os\\ports\\RVCT\\ARMCMx\\STM32F4xx\\vecto
rs.s
   Uses
      At line 125 in file ..\\..\\..\\os\\ports\\RVCT\\ARMCMx\\STM32F4xx\\vecto
rs.s



ARM Macro Assembler    Page 7 Alphabetic symbol ordering
Relocatable symbols

      At line 230 in file ..\\..\\..\\os\\ports\\RVCT\\ARMCMx\\STM32F4xx\\vecto
rs.s

Vector150 00000000

Symbol: Vector150
   Definitions
      At line 328 in file ..\\..\\..\\os\\ports\\RVCT\\ARMCMx\\STM32F4xx\\vecto
rs.s
   Uses
      At line 126 in file ..\\..\\..\\os\\ports\\RVCT\\ARMCMx\\STM32F4xx\\vecto
rs.s
      At line 231 in file ..\\..\\..\\os\\ports\\RVCT\\ARMCMx\\STM32F4xx\\vecto
rs.s

Vector154 00000000

Symbol: Vector154
   Definitions
      At line 329 in file ..\\..\\..\\os\\ports\\RVCT\\ARMCMx\\STM32F4xx\\vecto
rs.s
   Uses
      At line 127 in file ..\\..\\..\\os\\ports\\RVCT\\ARMCMx\\STM32F4xx\\vecto
rs.s
      At line 232 in file ..\\..\\..\\os\\ports\\RVCT\\ARMCMx\\STM32F4xx\\vecto
rs.s

Vector158 00000000

Symbol: Vector158
   Definitions
      At line 330 in file ..\\..\\..\\os\\ports\\RVCT\\ARMCMx\\STM32F4xx\\vecto
rs.s
   Uses
      At line 128 in file ..\\..\\..\\os\\ports\\RVCT\\ARMCMx\\STM32F4xx\\vecto
rs.s
      At line 233 in file ..\\..\\..\\os\\ports\\RVCT\\ARMCMx\\STM32F4xx\\vecto
rs.s

Vector15C 00000000

Symbol: Vector15C
   Definitions
      At line 331 in file ..\\..\\..\\os\\ports\\RVCT\\ARMCMx\\STM32F4xx\\vecto
rs.s
   Uses
      At line 129 in file ..\\..\\..\\os\\ports\\RVCT\\ARMCMx\\STM32F4xx\\vecto
rs.s
      At line 234 in file ..\\..\\..\\os\\ports\\RVCT\\ARMCMx\\STM32F4xx\\vecto
rs.s

Vector160 00000000

Symbol: Vector160
   Definitions
      At line 332 in file ..\\..\\..\\os\\ports\\RVCT\\ARMCMx\\STM32F4xx\\vecto
rs.s
   Uses
      At line 130 in file ..\\..\\..\\os\\ports\\RVCT\\ARMCMx\\STM32F4xx\\vecto



ARM Macro Assembler    Page 8 Alphabetic symbol ordering
Relocatable symbols

rs.s
      At line 235 in file ..\\..\\..\\os\\ports\\RVCT\\ARMCMx\\STM32F4xx\\vecto
rs.s

Vector164 00000000

Symbol: Vector164
   Definitions
      At line 333 in file ..\\..\\..\\os\\ports\\RVCT\\ARMCMx\\STM32F4xx\\vecto
rs.s
   Uses
      At line 131 in file ..\\..\\..\\os\\ports\\RVCT\\ARMCMx\\STM32F4xx\\vecto
rs.s
      At line 236 in file ..\\..\\..\\os\\ports\\RVCT\\ARMCMx\\STM32F4xx\\vecto
rs.s

Vector168 00000000

Symbol: Vector168
   Definitions
      At line 334 in file ..\\..\\..\\os\\ports\\RVCT\\ARMCMx\\STM32F4xx\\vecto
rs.s
   Uses
      At line 132 in file ..\\..\\..\\os\\ports\\RVCT\\ARMCMx\\STM32F4xx\\vecto
rs.s
      At line 237 in file ..\\..\\..\\os\\ports\\RVCT\\ARMCMx\\STM32F4xx\\vecto
rs.s

Vector16C 00000000

Symbol: Vector16C
   Definitions
      At line 335 in file ..\\..\\..\\os\\ports\\RVCT\\ARMCMx\\STM32F4xx\\vecto
rs.s
   Uses
      At line 133 in file ..\\..\\..\\os\\ports\\RVCT\\ARMCMx\\STM32F4xx\\vecto
rs.s
      At line 238 in file ..\\..\\..\\os\\ports\\RVCT\\ARMCMx\\STM32F4xx\\vecto
rs.s

Vector170 00000000

Symbol: Vector170
   Definitions
      At line 336 in file ..\\..\\..\\os\\ports\\RVCT\\ARMCMx\\STM32F4xx\\vecto
rs.s
   Uses
      At line 134 in file ..\\..\\..\\os\\ports\\RVCT\\ARMCMx\\STM32F4xx\\vecto
rs.s
      At line 239 in file ..\\..\\..\\os\\ports\\RVCT\\ARMCMx\\STM32F4xx\\vecto
rs.s

Vector174 00000000

Symbol: Vector174
   Definitions
      At line 337 in file ..\\..\\..\\os\\ports\\RVCT\\ARMCMx\\STM32F4xx\\vecto
rs.s
   Uses



ARM Macro Assembler    Page 9 Alphabetic symbol ordering
Relocatable symbols

      At line 135 in file ..\\..\\..\\os\\ports\\RVCT\\ARMCMx\\STM32F4xx\\vecto
rs.s
      At line 240 in file ..\\..\\..\\os\\ports\\RVCT\\ARMCMx\\STM32F4xx\\vecto
rs.s

Vector178 00000000

Symbol: Vector178
   Definitions
      At line 338 in file ..\\..\\..\\os\\ports\\RVCT\\ARMCMx\\STM32F4xx\\vecto
rs.s
   Uses
      At line 136 in file ..\\..\\..\\os\\ports\\RVCT\\ARMCMx\\STM32F4xx\\vecto
rs.s
      At line 241 in file ..\\..\\..\\os\\ports\\RVCT\\ARMCMx\\STM32F4xx\\vecto
rs.s

Vector17C 00000000

Symbol: Vector17C
   Definitions
      At line 339 in file ..\\..\\..\\os\\ports\\RVCT\\ARMCMx\\STM32F4xx\\vecto
rs.s
   Uses
      At line 137 in file ..\\..\\..\\os\\ports\\RVCT\\ARMCMx\\STM32F4xx\\vecto
rs.s
      At line 242 in file ..\\..\\..\\os\\ports\\RVCT\\ARMCMx\\STM32F4xx\\vecto
rs.s

Vector180 00000000

Symbol: Vector180
   Definitions
      At line 340 in file ..\\..\\..\\os\\ports\\RVCT\\ARMCMx\\STM32F4xx\\vecto
rs.s
   Uses
      At line 138 in file ..\\..\\..\\os\\ports\\RVCT\\ARMCMx\\STM32F4xx\\vecto
rs.s
      At line 243 in file ..\\..\\..\\os\\ports\\RVCT\\ARMCMx\\STM32F4xx\\vecto
rs.s

Vector184 00000000

Symbol: Vector184
   Definitions
      At line 341 in file ..\\..\\..\\os\\ports\\RVCT\\ARMCMx\\STM32F4xx\\vecto
rs.s
   Uses
      At line 139 in file ..\\..\\..\\os\\ports\\RVCT\\ARMCMx\\STM32F4xx\\vecto
rs.s
      At line 244 in file ..\\..\\..\\os\\ports\\RVCT\\ARMCMx\\STM32F4xx\\vecto
rs.s

Vector1C 00000000

Symbol: Vector1C
   Definitions
      At line 251 in file ..\\..\\..\\os\\ports\\RVCT\\ARMCMx\\STM32F4xx\\vecto
rs.s



ARM Macro Assembler    Page 10 Alphabetic symbol ordering
Relocatable symbols

   Uses
      At line 49 in file ..\\..\\..\\os\\ports\\RVCT\\ARMCMx\\STM32F4xx\\vector
s.s
      At line 154 in file ..\\..\\..\\os\\ports\\RVCT\\ARMCMx\\STM32F4xx\\vecto
rs.s

Vector20 00000000

Symbol: Vector20
   Definitions
      At line 252 in file ..\\..\\..\\os\\ports\\RVCT\\ARMCMx\\STM32F4xx\\vecto
rs.s
   Uses
      At line 50 in file ..\\..\\..\\os\\ports\\RVCT\\ARMCMx\\STM32F4xx\\vector
s.s
      At line 155 in file ..\\..\\..\\os\\ports\\RVCT\\ARMCMx\\STM32F4xx\\vecto
rs.s

Vector24 00000000

Symbol: Vector24
   Definitions
      At line 253 in file ..\\..\\..\\os\\ports\\RVCT\\ARMCMx\\STM32F4xx\\vecto
rs.s
   Uses
      At line 51 in file ..\\..\\..\\os\\ports\\RVCT\\ARMCMx\\STM32F4xx\\vector
s.s
      At line 156 in file ..\\..\\..\\os\\ports\\RVCT\\ARMCMx\\STM32F4xx\\vecto
rs.s

Vector28 00000000

Symbol: Vector28
   Definitions
      At line 254 in file ..\\..\\..\\os\\ports\\RVCT\\ARMCMx\\STM32F4xx\\vecto
rs.s
   Uses
      At line 52 in file ..\\..\\..\\os\\ports\\RVCT\\ARMCMx\\STM32F4xx\\vector
s.s
      At line 157 in file ..\\..\\..\\os\\ports\\RVCT\\ARMCMx\\STM32F4xx\\vecto
rs.s

Vector34 00000000

Symbol: Vector34
   Definitions
      At line 257 in file ..\\..\\..\\os\\ports\\RVCT\\ARMCMx\\STM32F4xx\\vecto
rs.s
   Uses
      At line 55 in file ..\\..\\..\\os\\ports\\RVCT\\ARMCMx\\STM32F4xx\\vector
s.s
      At line 160 in file ..\\..\\..\\os\\ports\\RVCT\\ARMCMx\\STM32F4xx\\vecto
rs.s

Vector40 00000000

Symbol: Vector40
   Definitions
      At line 260 in file ..\\..\\..\\os\\ports\\RVCT\\ARMCMx\\STM32F4xx\\vecto



ARM Macro Assembler    Page 11 Alphabetic symbol ordering
Relocatable symbols

rs.s
   Uses
      At line 58 in file ..\\..\\..\\os\\ports\\RVCT\\ARMCMx\\STM32F4xx\\vector
s.s
      At line 163 in file ..\\..\\..\\os\\ports\\RVCT\\ARMCMx\\STM32F4xx\\vecto
rs.s

Vector44 00000000

Symbol: Vector44
   Definitions
      At line 261 in file ..\\..\\..\\os\\ports\\RVCT\\ARMCMx\\STM32F4xx\\vecto
rs.s
   Uses
      At line 59 in file ..\\..\\..\\os\\ports\\RVCT\\ARMCMx\\STM32F4xx\\vector
s.s
      At line 164 in file ..\\..\\..\\os\\ports\\RVCT\\ARMCMx\\STM32F4xx\\vecto
rs.s

Vector48 00000000

Symbol: Vector48
   Definitions
      At line 262 in file ..\\..\\..\\os\\ports\\RVCT\\ARMCMx\\STM32F4xx\\vecto
rs.s
   Uses
      At line 60 in file ..\\..\\..\\os\\ports\\RVCT\\ARMCMx\\STM32F4xx\\vector
s.s
      At line 165 in file ..\\..\\..\\os\\ports\\RVCT\\ARMCMx\\STM32F4xx\\vecto
rs.s

Vector4C 00000000

Symbol: Vector4C
   Definitions
      At line 263 in file ..\\..\\..\\os\\ports\\RVCT\\ARMCMx\\STM32F4xx\\vecto
rs.s
   Uses
      At line 61 in file ..\\..\\..\\os\\ports\\RVCT\\ARMCMx\\STM32F4xx\\vector
s.s
      At line 166 in file ..\\..\\..\\os\\ports\\RVCT\\ARMCMx\\STM32F4xx\\vecto
rs.s

Vector50 00000000

Symbol: Vector50
   Definitions
      At line 264 in file ..\\..\\..\\os\\ports\\RVCT\\ARMCMx\\STM32F4xx\\vecto
rs.s
   Uses
      At line 62 in file ..\\..\\..\\os\\ports\\RVCT\\ARMCMx\\STM32F4xx\\vector
s.s
      At line 167 in file ..\\..\\..\\os\\ports\\RVCT\\ARMCMx\\STM32F4xx\\vecto
rs.s

Vector54 00000000

Symbol: Vector54
   Definitions



ARM Macro Assembler    Page 12 Alphabetic symbol ordering
Relocatable symbols

      At line 265 in file ..\\..\\..\\os\\ports\\RVCT\\ARMCMx\\STM32F4xx\\vecto
rs.s
   Uses
      At line 63 in file ..\\..\\..\\os\\ports\\RVCT\\ARMCMx\\STM32F4xx\\vector
s.s
      At line 168 in file ..\\..\\..\\os\\ports\\RVCT\\ARMCMx\\STM32F4xx\\vecto
rs.s

Vector58 00000000

Symbol: Vector58
   Definitions
      At line 266 in file ..\\..\\..\\os\\ports\\RVCT\\ARMCMx\\STM32F4xx\\vecto
rs.s
   Uses
      At line 64 in file ..\\..\\..\\os\\ports\\RVCT\\ARMCMx\\STM32F4xx\\vector
s.s
      At line 169 in file ..\\..\\..\\os\\ports\\RVCT\\ARMCMx\\STM32F4xx\\vecto
rs.s

Vector5C 00000000

Symbol: Vector5C
   Definitions
      At line 267 in file ..\\..\\..\\os\\ports\\RVCT\\ARMCMx\\STM32F4xx\\vecto
rs.s
   Uses
      At line 65 in file ..\\..\\..\\os\\ports\\RVCT\\ARMCMx\\STM32F4xx\\vector
s.s
      At line 170 in file ..\\..\\..\\os\\ports\\RVCT\\ARMCMx\\STM32F4xx\\vecto
rs.s

Vector60 00000000

Symbol: Vector60
   Definitions
      At line 268 in file ..\\..\\..\\os\\ports\\RVCT\\ARMCMx\\STM32F4xx\\vecto
rs.s
   Uses
      At line 66 in file ..\\..\\..\\os\\ports\\RVCT\\ARMCMx\\STM32F4xx\\vector
s.s
      At line 171 in file ..\\..\\..\\os\\ports\\RVCT\\ARMCMx\\STM32F4xx\\vecto
rs.s

Vector64 00000000

Symbol: Vector64
   Definitions
      At line 269 in file ..\\..\\..\\os\\ports\\RVCT\\ARMCMx\\STM32F4xx\\vecto
rs.s
   Uses
      At line 67 in file ..\\..\\..\\os\\ports\\RVCT\\ARMCMx\\STM32F4xx\\vector
s.s
      At line 172 in file ..\\..\\..\\os\\ports\\RVCT\\ARMCMx\\STM32F4xx\\vecto
rs.s

Vector68 00000000

Symbol: Vector68



ARM Macro Assembler    Page 13 Alphabetic symbol ordering
Relocatable symbols

   Definitions
      At line 270 in file ..\\..\\..\\os\\ports\\RVCT\\ARMCMx\\STM32F4xx\\vecto
rs.s
   Uses
      At line 68 in file ..\\..\\..\\os\\ports\\RVCT\\ARMCMx\\STM32F4xx\\vector
s.s
      At line 173 in file ..\\..\\..\\os\\ports\\RVCT\\ARMCMx\\STM32F4xx\\vecto
rs.s

Vector6C 00000000

Symbol: Vector6C
   Definitions
      At line 271 in file ..\\..\\..\\os\\ports\\RVCT\\ARMCMx\\STM32F4xx\\vecto
rs.s
   Uses
      At line 69 in file ..\\..\\..\\os\\ports\\RVCT\\ARMCMx\\STM32F4xx\\vector
s.s
      At line 174 in file ..\\..\\..\\os\\ports\\RVCT\\ARMCMx\\STM32F4xx\\vecto
rs.s

Vector70 00000000

Symbol: Vector70
   Definitions
      At line 272 in file ..\\..\\..\\os\\ports\\RVCT\\ARMCMx\\STM32F4xx\\vecto
rs.s
   Uses
      At line 70 in file ..\\..\\..\\os\\ports\\RVCT\\ARMCMx\\STM32F4xx\\vector
s.s
      At line 175 in file ..\\..\\..\\os\\ports\\RVCT\\ARMCMx\\STM32F4xx\\vecto
rs.s

Vector74 00000000

Symbol: Vector74
   Definitions
      At line 273 in file ..\\..\\..\\os\\ports\\RVCT\\ARMCMx\\STM32F4xx\\vecto
rs.s
   Uses
      At line 71 in file ..\\..\\..\\os\\ports\\RVCT\\ARMCMx\\STM32F4xx\\vector
s.s
      At line 176 in file ..\\..\\..\\os\\ports\\RVCT\\ARMCMx\\STM32F4xx\\vecto
rs.s

Vector78 00000000

Symbol: Vector78
   Definitions
      At line 274 in file ..\\..\\..\\os\\ports\\RVCT\\ARMCMx\\STM32F4xx\\vecto
rs.s
   Uses
      At line 72 in file ..\\..\\..\\os\\ports\\RVCT\\ARMCMx\\STM32F4xx\\vector
s.s
      At line 177 in file ..\\..\\..\\os\\ports\\RVCT\\ARMCMx\\STM32F4xx\\vecto
rs.s

Vector7C 00000000




ARM Macro Assembler    Page 14 Alphabetic symbol ordering
Relocatable symbols

Symbol: Vector7C
   Definitions
      At line 275 in file ..\\..\\..\\os\\ports\\RVCT\\ARMCMx\\STM32F4xx\\vecto
rs.s
   Uses
      At line 73 in file ..\\..\\..\\os\\ports\\RVCT\\ARMCMx\\STM32F4xx\\vector
s.s
      At line 178 in file ..\\..\\..\\os\\ports\\RVCT\\ARMCMx\\STM32F4xx\\vecto
rs.s

Vector80 00000000

Symbol: Vector80
   Definitions
      At line 276 in file ..\\..\\..\\os\\ports\\RVCT\\ARMCMx\\STM32F4xx\\vecto
rs.s
   Uses
      At line 74 in file ..\\..\\..\\os\\ports\\RVCT\\ARMCMx\\STM32F4xx\\vector
s.s
      At line 179 in file ..\\..\\..\\os\\ports\\RVCT\\ARMCMx\\STM32F4xx\\vecto
rs.s

Vector84 00000000

Symbol: Vector84
   Definitions
      At line 277 in file ..\\..\\..\\os\\ports\\RVCT\\ARMCMx\\STM32F4xx\\vecto
rs.s
   Uses
      At line 75 in file ..\\..\\..\\os\\ports\\RVCT\\ARMCMx\\STM32F4xx\\vector
s.s
      At line 180 in file ..\\..\\..\\os\\ports\\RVCT\\ARMCMx\\STM32F4xx\\vecto
rs.s

Vector88 00000000

Symbol: Vector88
   Definitions
      At line 278 in file ..\\..\\..\\os\\ports\\RVCT\\ARMCMx\\STM32F4xx\\vecto
rs.s
   Uses
      At line 76 in file ..\\..\\..\\os\\ports\\RVCT\\ARMCMx\\STM32F4xx\\vector
s.s
      At line 181 in file ..\\..\\..\\os\\ports\\RVCT\\ARMCMx\\STM32F4xx\\vecto
rs.s

Vector8C 00000000

Symbol: Vector8C
   Definitions
      At line 279 in file ..\\..\\..\\os\\ports\\RVCT\\ARMCMx\\STM32F4xx\\vecto
rs.s
   Uses
      At line 77 in file ..\\..\\..\\os\\ports\\RVCT\\ARMCMx\\STM32F4xx\\vector
s.s
      At line 182 in file ..\\..\\..\\os\\ports\\RVCT\\ARMCMx\\STM32F4xx\\vecto
rs.s

Vector90 00000000



ARM Macro Assembler    Page 15 Alphabetic symbol ordering
Relocatable symbols


Symbol: Vector90
   Definitions
      At line 280 in file ..\\..\\..\\os\\ports\\RVCT\\ARMCMx\\STM32F4xx\\vecto
rs.s
   Uses
      At line 78 in file ..\\..\\..\\os\\ports\\RVCT\\ARMCMx\\STM32F4xx\\vector
s.s
      At line 183 in file ..\\..\\..\\os\\ports\\RVCT\\ARMCMx\\STM32F4xx\\vecto
rs.s

Vector94 00000000

Symbol: Vector94
   Definitions
      At line 281 in file ..\\..\\..\\os\\ports\\RVCT\\ARMCMx\\STM32F4xx\\vecto
rs.s
   Uses
      At line 79 in file ..\\..\\..\\os\\ports\\RVCT\\ARMCMx\\STM32F4xx\\vector
s.s
      At line 184 in file ..\\..\\..\\os\\ports\\RVCT\\ARMCMx\\STM32F4xx\\vecto
rs.s

Vector98 00000000

Symbol: Vector98
   Definitions
      At line 282 in file ..\\..\\..\\os\\ports\\RVCT\\ARMCMx\\STM32F4xx\\vecto
rs.s
   Uses
      At line 80 in file ..\\..\\..\\os\\ports\\RVCT\\ARMCMx\\STM32F4xx\\vector
s.s
      At line 185 in file ..\\..\\..\\os\\ports\\RVCT\\ARMCMx\\STM32F4xx\\vecto
rs.s

Vector9C 00000000

Symbol: Vector9C
   Definitions
      At line 283 in file ..\\..\\..\\os\\ports\\RVCT\\ARMCMx\\STM32F4xx\\vecto
rs.s
   Uses
      At line 81 in file ..\\..\\..\\os\\ports\\RVCT\\ARMCMx\\STM32F4xx\\vector
s.s
      At line 186 in file ..\\..\\..\\os\\ports\\RVCT\\ARMCMx\\STM32F4xx\\vecto
rs.s

VectorA0 00000000

Symbol: VectorA0
   Definitions
      At line 284 in file ..\\..\\..\\os\\ports\\RVCT\\ARMCMx\\STM32F4xx\\vecto
rs.s
   Uses
      At line 82 in file ..\\..\\..\\os\\ports\\RVCT\\ARMCMx\\STM32F4xx\\vector
s.s
      At line 187 in file ..\\..\\..\\os\\ports\\RVCT\\ARMCMx\\STM32F4xx\\vecto
rs.s




ARM Macro Assembler    Page 16 Alphabetic symbol ordering
Relocatable symbols

VectorA4 00000000

Symbol: VectorA4
   Definitions
      At line 285 in file ..\\..\\..\\os\\ports\\RVCT\\ARMCMx\\STM32F4xx\\vecto
rs.s
   Uses
      At line 83 in file ..\\..\\..\\os\\ports\\RVCT\\ARMCMx\\STM32F4xx\\vector
s.s
      At line 188 in file ..\\..\\..\\os\\ports\\RVCT\\ARMCMx\\STM32F4xx\\vecto
rs.s

VectorA8 00000000

Symbol: VectorA8
   Definitions
      At line 286 in file ..\\..\\..\\os\\ports\\RVCT\\ARMCMx\\STM32F4xx\\vecto
rs.s
   Uses
      At line 84 in file ..\\..\\..\\os\\ports\\RVCT\\ARMCMx\\STM32F4xx\\vector
s.s
      At line 189 in file ..\\..\\..\\os\\ports\\RVCT\\ARMCMx\\STM32F4xx\\vecto
rs.s

VectorAC 00000000

Symbol: VectorAC
   Definitions
      At line 287 in file ..\\..\\..\\os\\ports\\RVCT\\ARMCMx\\STM32F4xx\\vecto
rs.s
   Uses
      At line 85 in file ..\\..\\..\\os\\ports\\RVCT\\ARMCMx\\STM32F4xx\\vector
s.s
      At line 190 in file ..\\..\\..\\os\\ports\\RVCT\\ARMCMx\\STM32F4xx\\vecto
rs.s

VectorB0 00000000

Symbol: VectorB0
   Definitions
      At line 288 in file ..\\..\\..\\os\\ports\\RVCT\\ARMCMx\\STM32F4xx\\vecto
rs.s
   Uses
      At line 86 in file ..\\..\\..\\os\\ports\\RVCT\\ARMCMx\\STM32F4xx\\vector
s.s
      At line 191 in file ..\\..\\..\\os\\ports\\RVCT\\ARMCMx\\STM32F4xx\\vecto
rs.s

VectorB4 00000000

Symbol: VectorB4
   Definitions
      At line 289 in file ..\\..\\..\\os\\ports\\RVCT\\ARMCMx\\STM32F4xx\\vecto
rs.s
   Uses
      At line 87 in file ..\\..\\..\\os\\ports\\RVCT\\ARMCMx\\STM32F4xx\\vector
s.s
      At line 192 in file ..\\..\\..\\os\\ports\\RVCT\\ARMCMx\\STM32F4xx\\vecto
rs.s



ARM Macro Assembler    Page 17 Alphabetic symbol ordering
Relocatable symbols


VectorB8 00000000

Symbol: VectorB8
   Definitions
      At line 290 in file ..\\..\\..\\os\\ports\\RVCT\\ARMCMx\\STM32F4xx\\vecto
rs.s
   Uses
      At line 88 in file ..\\..\\..\\os\\ports\\RVCT\\ARMCMx\\STM32F4xx\\vector
s.s
      At line 193 in file ..\\..\\..\\os\\ports\\RVCT\\ARMCMx\\STM32F4xx\\vecto
rs.s

VectorBC 00000000

Symbol: VectorBC
   Definitions
      At line 291 in file ..\\..\\..\\os\\ports\\RVCT\\ARMCMx\\STM32F4xx\\vecto
rs.s
   Uses
      At line 89 in file ..\\..\\..\\os\\ports\\RVCT\\ARMCMx\\STM32F4xx\\vector
s.s
      At line 194 in file ..\\..\\..\\os\\ports\\RVCT\\ARMCMx\\STM32F4xx\\vecto
rs.s

VectorC0 00000000

Symbol: VectorC0
   Definitions
      At line 292 in file ..\\..\\..\\os\\ports\\RVCT\\ARMCMx\\STM32F4xx\\vecto
rs.s
   Uses
      At line 90 in file ..\\..\\..\\os\\ports\\RVCT\\ARMCMx\\STM32F4xx\\vector
s.s
      At line 195 in file ..\\..\\..\\os\\ports\\RVCT\\ARMCMx\\STM32F4xx\\vecto
rs.s

VectorC4 00000000

Symbol: VectorC4
   Definitions
      At line 293 in file ..\\..\\..\\os\\ports\\RVCT\\ARMCMx\\STM32F4xx\\vecto
rs.s
   Uses
      At line 91 in file ..\\..\\..\\os\\ports\\RVCT\\ARMCMx\\STM32F4xx\\vector
s.s
      At line 196 in file ..\\..\\..\\os\\ports\\RVCT\\ARMCMx\\STM32F4xx\\vecto
rs.s

VectorC8 00000000

Symbol: VectorC8
   Definitions
      At line 294 in file ..\\..\\..\\os\\ports\\RVCT\\ARMCMx\\STM32F4xx\\vecto
rs.s
   Uses
      At line 92 in file ..\\..\\..\\os\\ports\\RVCT\\ARMCMx\\STM32F4xx\\vector
s.s
      At line 197 in file ..\\..\\..\\os\\ports\\RVCT\\ARMCMx\\STM32F4xx\\vecto



ARM Macro Assembler    Page 18 Alphabetic symbol ordering
Relocatable symbols

rs.s

VectorCC 00000000

Symbol: VectorCC
   Definitions
      At line 295 in file ..\\..\\..\\os\\ports\\RVCT\\ARMCMx\\STM32F4xx\\vecto
rs.s
   Uses
      At line 93 in file ..\\..\\..\\os\\ports\\RVCT\\ARMCMx\\STM32F4xx\\vector
s.s
      At line 198 in file ..\\..\\..\\os\\ports\\RVCT\\ARMCMx\\STM32F4xx\\vecto
rs.s

VectorD0 00000000

Symbol: VectorD0
   Definitions
      At line 296 in file ..\\..\\..\\os\\ports\\RVCT\\ARMCMx\\STM32F4xx\\vecto
rs.s
   Uses
      At line 94 in file ..\\..\\..\\os\\ports\\RVCT\\ARMCMx\\STM32F4xx\\vector
s.s
      At line 199 in file ..\\..\\..\\os\\ports\\RVCT\\ARMCMx\\STM32F4xx\\vecto
rs.s

VectorD4 00000000

Symbol: VectorD4
   Definitions
      At line 297 in file ..\\..\\..\\os\\ports\\RVCT\\ARMCMx\\STM32F4xx\\vecto
rs.s
   Uses
      At line 95 in file ..\\..\\..\\os\\ports\\RVCT\\ARMCMx\\STM32F4xx\\vector
s.s
      At line 200 in file ..\\..\\..\\os\\ports\\RVCT\\ARMCMx\\STM32F4xx\\vecto
rs.s

VectorD8 00000000

Symbol: VectorD8
   Definitions
      At line 298 in file ..\\..\\..\\os\\ports\\RVCT\\ARMCMx\\STM32F4xx\\vecto
rs.s
   Uses
      At line 96 in file ..\\..\\..\\os\\ports\\RVCT\\ARMCMx\\STM32F4xx\\vector
s.s
      At line 201 in file ..\\..\\..\\os\\ports\\RVCT\\ARMCMx\\STM32F4xx\\vecto
rs.s

VectorDC 00000000

Symbol: VectorDC
   Definitions
      At line 299 in file ..\\..\\..\\os\\ports\\RVCT\\ARMCMx\\STM32F4xx\\vecto
rs.s
   Uses
      At line 97 in file ..\\..\\..\\os\\ports\\RVCT\\ARMCMx\\STM32F4xx\\vector
s.s



ARM Macro Assembler    Page 19 Alphabetic symbol ordering
Relocatable symbols

      At line 202 in file ..\\..\\..\\os\\ports\\RVCT\\ARMCMx\\STM32F4xx\\vecto
rs.s

VectorE0 00000000

Symbol: VectorE0
   Definitions
      At line 300 in file ..\\..\\..\\os\\ports\\RVCT\\ARMCMx\\STM32F4xx\\vecto
rs.s
   Uses
      At line 98 in file ..\\..\\..\\os\\ports\\RVCT\\ARMCMx\\STM32F4xx\\vector
s.s
      At line 203 in file ..\\..\\..\\os\\ports\\RVCT\\ARMCMx\\STM32F4xx\\vecto
rs.s

VectorE4 00000000

Symbol: VectorE4
   Definitions
      At line 301 in file ..\\..\\..\\os\\ports\\RVCT\\ARMCMx\\STM32F4xx\\vecto
rs.s
   Uses
      At line 99 in file ..\\..\\..\\os\\ports\\RVCT\\ARMCMx\\STM32F4xx\\vector
s.s
      At line 204 in file ..\\..\\..\\os\\ports\\RVCT\\ARMCMx\\STM32F4xx\\vecto
rs.s

VectorE8 00000000

Symbol: VectorE8
   Definitions
      At line 302 in file ..\\..\\..\\os\\ports\\RVCT\\ARMCMx\\STM32F4xx\\vecto
rs.s
   Uses
      At line 100 in file ..\\..\\..\\os\\ports\\RVCT\\ARMCMx\\STM32F4xx\\vecto
rs.s
      At line 205 in file ..\\..\\..\\os\\ports\\RVCT\\ARMCMx\\STM32F4xx\\vecto
rs.s

VectorEC 00000000

Symbol: VectorEC
   Definitions
      At line 303 in file ..\\..\\..\\os\\ports\\RVCT\\ARMCMx\\STM32F4xx\\vecto
rs.s
   Uses
      At line 101 in file ..\\..\\..\\os\\ports\\RVCT\\ARMCMx\\STM32F4xx\\vecto
rs.s
      At line 206 in file ..\\..\\..\\os\\ports\\RVCT\\ARMCMx\\STM32F4xx\\vecto
rs.s

VectorF0 00000000

Symbol: VectorF0
   Definitions
      At line 304 in file ..\\..\\..\\os\\ports\\RVCT\\ARMCMx\\STM32F4xx\\vecto
rs.s
   Uses
      At line 102 in file ..\\..\\..\\os\\ports\\RVCT\\ARMCMx\\STM32F4xx\\vecto



ARM Macro Assembler    Page 20 Alphabetic symbol ordering
Relocatable symbols

rs.s
      At line 207 in file ..\\..\\..\\os\\ports\\RVCT\\ARMCMx\\STM32F4xx\\vecto
rs.s

VectorF4 00000000

Symbol: VectorF4
   Definitions
      At line 305 in file ..\\..\\..\\os\\ports\\RVCT\\ARMCMx\\STM32F4xx\\vecto
rs.s
   Uses
      At line 103 in file ..\\..\\..\\os\\ports\\RVCT\\ARMCMx\\STM32F4xx\\vecto
rs.s
      At line 208 in file ..\\..\\..\\os\\ports\\RVCT\\ARMCMx\\STM32F4xx\\vecto
rs.s

VectorF8 00000000

Symbol: VectorF8
   Definitions
      At line 306 in file ..\\..\\..\\os\\ports\\RVCT\\ARMCMx\\STM32F4xx\\vecto
rs.s
   Uses
      At line 104 in file ..\\..\\..\\os\\ports\\RVCT\\ARMCMx\\STM32F4xx\\vecto
rs.s
      At line 209 in file ..\\..\\..\\os\\ports\\RVCT\\ARMCMx\\STM32F4xx\\vecto
rs.s

VectorFC 00000000

Symbol: VectorFC
   Definitions
      At line 307 in file ..\\..\\..\\os\\ports\\RVCT\\ARMCMx\\STM32F4xx\\vecto
rs.s
   Uses
      At line 105 in file ..\\..\\..\\os\\ports\\RVCT\\ARMCMx\\STM32F4xx\\vecto
rs.s
      At line 210 in file ..\\..\\..\\os\\ports\\RVCT\\ARMCMx\\STM32F4xx\\vecto
rs.s

_unhandled_exception 00000000

Symbol: _unhandled_exception
   Definitions
      At line 148 in file ..\\..\\..\\os\\ports\\RVCT\\ARMCMx\\STM32F4xx\\vecto
rs.s
   Uses
      At line 147 in file ..\\..\\..\\os\\ports\\RVCT\\ARMCMx\\STM32F4xx\\vecto
rs.s
      At line 342 in file ..\\..\\..\\os\\ports\\RVCT\\ARMCMx\\STM32F4xx\\vecto
rs.s

98 symbols



ARM Macro Assembler    Page 1 Alphabetic symbol ordering
External symbols

Reset_Handler 00000000

Symbol: Reset_Handler
   Definitions
      At line 38 in file ..\\..\\..\\os\\ports\\RVCT\\ARMCMx\\STM32F4xx\\vector
s.s
   Uses
      At line 43 in file ..\\..\\..\\os\\ports\\RVCT\\ARMCMx\\STM32F4xx\\vector
s.s
Comment: Reset_Handler used once
__initial_msp 00000000

Symbol: __initial_msp
   Definitions
      At line 37 in file ..\\..\\..\\os\\ports\\RVCT\\ARMCMx\\STM32F4xx\\vector
s.s
   Uses
      At line 42 in file ..\\..\\..\\os\\ports\\RVCT\\ARMCMx\\STM32F4xx\\vector
s.s
Comment: __initial_msp used once
2 symbols
433 symbols in table
