ARM Linker, 4.1 [Build 791] [Standard]

==============================================================================

Section Cross References

    board.o(.text) refers to hal_lld.o(.text) for stm32_clock_init
    cstartup.o(MSTACK) refers (Special) to heapauxi.o(.text) for __use_two_region_memory
    cstartup.o(CSTACK) refers (Special) to heapauxi.o(.text) for __use_two_region_memory
    cstartup.o(HEAP) refers (Special) to heapauxi.o(.text) for __use_two_region_memory
    cstartup.o(.text) refers (Special) to heapauxi.o(.text) for __use_two_region_memory
    cstartup.o(.text) refers to board.o(.text) for __early_init
    cstartup.o(.text) refers to cstartup.o(CSTACK) for __initial_sp
    cstartup.o(.text) refers to __main.o(!!!main) for __main
    cstartup.o(.text) refers to cstartup.o(HEAP) for Heap_Mem
    chcoreasm_v7m.o(.text) refers to chthreads.o(.text) for chThdExit
    chcoreasm_v7m.o(.text) refers to chschd.o(.text) for chSchDoReschedule
    chcore_v7m.o(.text) refers to chsys.o(.text) for chSysTimerHandlerI
    chcore_v7m.o(.text) refers to nvic.o(.text) for nvicSetSystemHandlerPriority
    chcore_v7m.o(.text) refers to chschd.o(.bss) for rlist
    chcore_v7m.o(.text) refers to chcoreasm_v7m.o(.text) for _port_switch_from_isr
    vectors.o(RESET) refers to cstartup.o(MSTACK) for __initial_msp
    vectors.o(RESET) refers to cstartup.o(.text) for Reset_Handler
    vectors.o(RESET) refers to vectors.o(.text) for NMIVector
    vectors.o(RESET) refers to chcore_v7m.o(.text) for SVCallVector
    vectors.o(RESET) refers to stm32_dma.o(.text) for Vector6C
    vectors.o(RESET) refers to adc_lld.o(.text) for Vector88
    vectors.o(RESET) refers to pwm_lld.o(.text) for VectorB8
    vectors.o(RESET) refers to i2c_lld.o(.text) for VectorBC
    vectors.o(RESET) refers to serial_lld.o(.text) for VectorD8
    chcond.o(.text) refers to chschd.o(.text) for chSchWakeupS
    chcond.o(.text) refers to chmtx.o(.text) for chMtxUnlockS
    chcond.o(.text) refers to chschd.o(.bss) for rlist
    chdynamic.o(.text) refers to chmempools.o(.text) for chPoolFree
    chdynamic.o(.text) refers to chheap.o(.text) for chHeapFree
    chdynamic.o(.text) refers to chthreads.o(.text) for chThdCreateI
    chdynamic.o(.text) refers to chschd.o(.text) for chSchWakeupS
    chevents.o(.text) refers to chschd.o(.text) for chSchReadyI
    chevents.o(.text) refers to chschd.o(.bss) for rlist
    chheap.o(.text) refers to chmtx.o(.text) for chMtxInit
    chheap.o(.text) refers to chmemcore.o(.text) for chCoreAlloc
    chheap.o(.text) refers to chheap.o(.bss) for .bss
    chmboxes.o(.text) refers to chsem.o(.text) for chSemInit
    chmboxes.o(.text) refers to chschd.o(.text) for chSchRescheduleS
    chmemcore.o(.text) refers to chmemcore.o(.data) for .data
    chmsg.o(.text) refers to chschd.o(.text) for chSchReadyI
    chmsg.o(.text) refers to chschd.o(.bss) for rlist
    chmtx.o(.text) refers to chschd.o(.text) for chSchReadyI
    chmtx.o(.text) refers to chschd.o(.bss) for rlist
    chqueues.o(.text) refers to chschd.o(.text) for chSchReadyI
    chqueues.o(.text) refers to chschd.o(.bss) for rlist
    chregistry.o(.text) refers to chdynamic.o(.text) for chThdRelease
    chregistry.o(.text) refers to chschd.o(.bss) for rlist
    chschd.o(.text) refers to chcoreasm_v7m.o(.text) for _port_switch
    chschd.o(.text) refers to chvt.o(.text) for chVTSetI
    chschd.o(.text) refers to chschd.o(.bss) for .bss
    chsem.o(.text) refers to chschd.o(.text) for chSchReadyI
    chsem.o(.text) refers to chschd.o(.bss) for rlist
    chsys.o(.text) refers to chcore_v7m.o(.text) for _port_init
    chsys.o(.text) refers to chschd.o(.text) for _scheduler_init
    chsys.o(.text) refers to chvt.o(.text) for _vt_init
    chsys.o(.text) refers to chmemcore.o(.text) for _core_init
    chsys.o(.text) refers to chheap.o(.text) for _heap_init
    chsys.o(.text) refers to chthreads.o(.text) for _thread_init
    chsys.o(.text) refers to chschd.o(.bss) for rlist
    chsys.o(.text) refers to chsys.o(.bss) for .bss
    chsys.o(.text) refers to chvt.o(.bss) for vtlist
    chthreads.o(.text) refers to chschd.o(.text) for chSchWakeupS
    chthreads.o(.text) refers to chdynamic.o(.text) for chThdRelease
    chthreads.o(.text) refers to chschd.o(.bss) for rlist
    chthreads.o(.text) refers to chcoreasm_v7m.o(.text) for _port_thread_start
    chthreads.o(.text) refers to chvt.o(.bss) for vtlist
    chvt.o(.text) refers to chvt.o(.bss) for .bss
    adc.o(.text) refers to adc_lld.o(.text) for adc_lld_init
    adc.o(.text) refers to chmtx.o(.text) for chMtxInit
    adc.o(.text) refers to chschd.o(.text) for chSchWakeupS
    adc.o(.text) refers to chschd.o(.bss) for rlist
    hal.o(.text) refers to hal_lld.o(.text) for hal_lld_init
    hal.o(.text) refers to pal_lld.o(.text) for _pal_lld_init
    hal.o(.text) refers to adc.o(.text) for adcInit
    hal.o(.text) refers to i2c.o(.text) for i2cInit
    hal.o(.text) refers to pwm.o(.text) for pwmInit
[...]
    .constdata                               0x08007a90   Section       36  serial.o(.constdata)
    vmt                                      0x08007a90   Data          36  serial.o(.constdata)
    .constdata                               0x08007ab4   Section       12  serial_lld.o(.constdata)
    default_config                           0x08007ab4   Data          12  serial_lld.o(.constdata)
    .constdata                               0x08007ac0   Section      192  stm32_dma.o(.constdata)
    .constdata                               0x08007b80   Section       20  test.o(.constdata)
    .constdata                               0x08007b94   Section       16  testbmk.o(.constdata)
    .constdata                               0x08007ba4   Section       16  testbmk.o(.constdata)
    .constdata                               0x08007bb4   Section       16  testbmk.o(.constdata)
    .constdata                               0x08007bc4   Section       16  testbmk.o(.constdata)
    .constdata                               0x08007bd4   Section       16  testbmk.o(.constdata)
    .constdata                               0x08007be4   Section       16  testbmk.o(.constdata)
    .constdata                               0x08007bf4   Section       16  testbmk.o(.constdata)
    .constdata                               0x08007c04   Section       16  testbmk.o(.constdata)
    .constdata                               0x08007c14   Section       16  testbmk.o(.constdata)
    .constdata                               0x08007c24   Section       16  testbmk.o(.constdata)
    .constdata                               0x08007c34   Section       16  testbmk.o(.constdata)
    .constdata                               0x08007c44   Section       16  testbmk.o(.constdata)
    .constdata                               0x08007c54   Section       16  testbmk.o(.constdata)
    .constdata                               0x08007c64   Section       56  testbmk.o(.constdata)
    .constdata                               0x08007c9c   Section       16  testdyn.o(.constdata)
    .constdata                               0x08007cac   Section       16  testdyn.o(.constdata)
    .constdata                               0x08007cbc   Section       16  testdyn.o(.constdata)
    .constdata                               0x08007ccc   Section       16  testdyn.o(.constdata)
    .constdata                               0x08007cdc   Section       12  testevt.o(.constdata)
    evhndl                                   0x08007cdc   Data          12  testevt.o(.constdata)
    .constdata                               0x08007ce8   Section       16  testevt.o(.constdata)
    .constdata                               0x08007cf8   Section       16  testevt.o(.constdata)
    .constdata                               0x08007d08   Section       16  testevt.o(.constdata)
    .constdata                               0x08007d18   Section       16  testevt.o(.constdata)
    .constdata                               0x08007d28   Section       16  testheap.o(.constdata)
    .constdata                               0x08007d38   Section        8  testheap.o(.constdata)
    .constdata                               0x08007d40   Section       16  testmbox.o(.constdata)
    .constdata                               0x08007d50   Section        8  testmbox.o(.constdata)
    .constdata                               0x08007d58   Section       16  testmsg.o(.constdata)
    .constdata                               0x08007d68   Section        8  testmsg.o(.constdata)
    .constdata                               0x08007d70   Section       16  testmtx.o(.constdata)
    .constdata                               0x08007d80   Section       16  testmtx.o(.constdata)
    .constdata                               0x08007d90   Section       16  testmtx.o(.constdata)
    .constdata                               0x08007da0   Section       16  testmtx.o(.constdata)
    .constdata                               0x08007db0   Section       16  testmtx.o(.constdata)
    .constdata                               0x08007dc0   Section       16  testmtx.o(.constdata)
    .constdata                               0x08007dd0   Section       16  testmtx.o(.constdata)
    .constdata                               0x08007de0   Section       16  testmtx.o(.constdata)
    .constdata                               0x08007df0   Section       36  testmtx.o(.constdata)
    .constdata                               0x08007e14   Section       16  testpools.o(.constdata)
    .constdata                               0x08007e24   Section        8  testpools.o(.constdata)
    .constdata                               0x08007e2c   Section       16  testqueues.o(.constdata)
    .constdata                               0x08007e3c   Section       16  testqueues.o(.constdata)
    .constdata                               0x08007e4c   Section       12  testqueues.o(.constdata)
    .constdata                               0x08007e58   Section       16  testsem.o(.constdata)
    .constdata                               0x08007e68   Section       16  testsem.o(.constdata)
    .constdata                               0x08007e78   Section       16  testsem.o(.constdata)
    .constdata                               0x08007e88   Section       16  testsem.o(.constdata)
    .constdata                               0x08007e98   Section       20  testsem.o(.constdata)
    .constdata                               0x08007eac   Section       16  testthd.o(.constdata)
    .constdata                               0x08007ebc   Section       16  testthd.o(.constdata)
    .constdata                               0x08007ecc   Section       16  testthd.o(.constdata)
    .constdata                               0x08007edc   Section       16  testthd.o(.constdata)
    .constdata                               0x08007eec   Section       20  testthd.o(.constdata)
    .constdata                               0x08007f00   Section       80  main.o(.constdata)
    adcgrpcfg                                0x08007f00   Data          44  main.o(.constdata)
    spi1cfg                                  0x08007f2c   Data          12  main.o(.constdata)
    spi2cfg                                  0x08007f38   Data          12  main.o(.constdata)
    i2cfg1                                   0x08007f44   Data          12  main.o(.constdata)
    .conststring                             0x08007f50   Section       23  testbmk.o(.conststring)
    .conststring                             0x08007f67   Section       23  testbmk.o(.conststring)
    .conststring                             0x08007f7e   Section       23  testbmk.o(.conststring)
    .conststring                             0x08007f95   Section       26  testbmk.o(.conststring)
    .conststring                             0x08007faf   Section       31  testbmk.o(.conststring)
    .conststring                             0x08007fce   Section       32  testbmk.o(.conststring)
    .conststring                             0x08007fee   Section       38  testbmk.o(.conststring)
    .conststring                             0x08008014   Section       41  testbmk.o(.conststring)
    .conststring                             0x0800803d   Section       33  testbmk.o(.conststring)
    .conststring                             0x0800805e   Section       36  testbmk.o(.conststring)
    .conststring                             0x08008082   Section       34  testbmk.o(.conststring)
    .conststring                             0x080080a4   Section       31  testbmk.o(.conststring)
    .conststring                             0x080080c3   Section       25  testbmk.o(.conststring)
    .conststring                             0x080080dc   Section       41  testdyn.o(.conststring)
    .conststring                             0x08008105   Section       48  testdyn.o(.conststring)
    .conststring                             0x08008135   Section       38  testdyn.o(.conststring)
    .conststring                             0x0800815b   Section       34  testevt.o(.conststring)
    .conststring                             0x0800817d   Section       27  testevt.o(.conststring)
    .conststring                             0x08008198   Section       17  testevt.o(.conststring)
    .conststring                             0x080081a9   Section       40  testheap.o(.conststring)
    .conststring                             0x080081d1   Section       32  testmbox.o(.conststring)
    .conststring                             0x080081f1   Section       15  testmsg.o(.conststring)
    .conststring                             0x08008200   Section       33  testmtx.o(.conststring)
    .conststring                             0x08008221   Section       43  testmtx.o(.conststring)
    .conststring                             0x0800824c   Section       44  testmtx.o(.conststring)
    .conststring                             0x08008278   Section       25  testmtx.o(.conststring)
    .conststring                             0x08008291   Section       16  testmtx.o(.conststring)
    .conststring                             0x080082a1   Section       21  testmtx.o(.conststring)
    .conststring                             0x080082b6   Section       24  testmtx.o(.conststring)
    .conststring                             0x080082ce   Section       20  testmtx.o(.conststring)
    .conststring                             0x080082e2   Section       28  testpools.o(.conststring)
    .conststring                             0x080082fe   Section       21  testqueues.o(.conststring)
    .conststring                             0x08008313   Section       22  testqueues.o(.conststring)
    .conststring                             0x08008329   Section       22  testsem.o(.conststring)
    .conststring                             0x0800833f   Section       20  testsem.o(.conststring)
    .conststring                             0x08008353   Section       31  testsem.o(.conststring)
    .conststring                             0x08008372   Section       33  testsem.o(.conststring)
    .conststring                             0x08008393   Section       27  testthd.o(.conststring)
    .conststring                             0x080083ae   Section       27  testthd.o(.conststring)
    .conststring                             0x080083c9   Section       25  testthd.o(.conststring)
    .conststring                             0x080083e2   Section       16  testthd.o(.conststring)
    .data                                    0x20000000   Section        8  chmemcore.o(.data)
    nextmem                                  0x20000000   Data           4  chmemcore.o(.data)
    endmem                                   0x20000004   Data           4  chmemcore.o(.data)
    .data                                    0x20000008   Section        4  spi_lld.o(.data)
    dummytx                                  0x20000008   Data           2  spi_lld.o(.data)
    dummyrx                                  0x2000000a   Data           2  spi_lld.o(.data)
    .data                                    0x2000000c   Section        4  stm32_dma.o(.data)
    dma_streams_mask                         0x2000000c   Data           4  stm32_dma.o(.data)
    .data                                    0x20000010   Section       72  test.o(.data)
    local_fail                               0x20000010   Data           4  test.o(.data)
    global_fail                              0x20000014   Data           4  test.o(.data)
    failpoint                                0x20000018   Data           4  test.o(.data)
    tokp                                     0x2000001c   Data           4  test.o(.data)
    chp                                      0x20000020   Data           4  test.o(.data)
    patterns                                 0x20000028   Data          48  test.o(.data)
    .data                                    0x20000058   Section        8  testevt.o(.data)
    es1                                      0x20000058   Data           4  testevt.o(.data)
    es2                                      0x2000005c   Data           4  testevt.o(.data)
    .data                                    0x20000060   Section       40  testmbox.o(.data)
    mb1                                      0x20000060   Data          40  testmbox.o(.data)
    .data                                    0x20000088   Section       40  testmtx.o(.data)
    c1                                       0x20000088   Data           8  testmtx.o(.data)
    m1                                       0x20000090   Data          16  testmtx.o(.data)
    m2                                       0x200000a0   Data          16  testmtx.o(.data)
    .data                                    0x200000b0   Section       12  testpools.o(.data)
    mp1                                      0x200000b0   Data          12  testpools.o(.data)
    .data                                    0x200000bc   Section       64  testqueues.o(.data)
    iq                                       0x200000bc   Data          32  testqueues.o(.data)
    oq                                       0x200000dc   Data          32  testqueues.o(.data)
    .data                                    0x200000fc   Section       12  testsem.o(.data)
    sem1                                     0x200000fc   Data          12  testsem.o(.data)
    .data                                    0x20000108   Section       48  main.o(.data)
    pwmcfg                                   0x20000108   Data          48  main.o(.data)
    .data                                    0x20000138   Section        4  lis302dl.o(.data)
    txbuf                                    0x20000138   Data           2  lis302dl.o(.data)
    rxbuf                                    0x2000013a   Data           2  lis302dl.o(.data)
    .bss                                     0x20000140   Section       32  chheap.o(.bss)
    default_heap                             0x20000140   Data          32  chheap.o(.bss)
    .bss                                     0x20000160   Section       32  chschd.o(.bss)
    .bss                                     0x20000180   Section      264  chsys.o(.bss)
    mainthread                               0x20000180   Data          72  chsys.o(.bss)
    .bss                                     0x20000288   Section       16  chvt.o(.bss)
    .bss                                     0x20000298   Section      156  adc_lld.o(.bss)
    .bss                                     0x20000334   Section       20  pwm_lld.o(.bss)
    .bss                                     0x20000348   Section      116  serial_lld.o(.bss)
    .bss                                     0x200003bc   Section       96  spi_lld.o(.bss)
    .bss                                     0x2000041c   Section      128  stm32_dma.o(.bss)
    dma_isr_redir                            0x2000041c   Data         128  stm32_dma.o(.bss)
    .bss                                     0x2000049c   Section       52  i2c_lld.o(.bss)
    .bss                                     0x200004d0   Section       56  test.o(.bss)
    tokens_buffer                            0x200004d0   Data          16  test.o(.bss)
    vt                                       0x200004f4   Data          20  test.o(.bss)
    .bss                                     0x20000508   Section     1520  test.o(.bss)
    .bss                                     0x20000af8   Section      116  testbmk.o(.bss)
    ib                                       0x20000af8   Data          16  testbmk.o(.bss)
    iq                                       0x20000b08   Data          32  testbmk.o(.bss)
    vt1                                      0x20000b28   Data          20  testbmk.o(.bss)
    vt2                                      0x20000b3c   Data          20  testbmk.o(.bss)
    sem1                                     0x20000b50   Data          12  testbmk.o(.bss)
    mtx1                                     0x20000b5c   Data          16  testbmk.o(.bss)
    .bss                                     0x20000b70   Section       44  testdyn.o(.bss)
    heap1                                    0x20000b70   Data          32  testdyn.o(.bss)
    mp1                                      0x20000b90   Data          12  testdyn.o(.bss)
    .bss                                     0x20000ba0   Section       32  testheap.o(.bss)
    test_heap                                0x20000ba0   Data          32  testheap.o(.bss)
    .bss                                     0x20000bc0   Section      320  main.o(.bss)
    samples                                  0x20000bc0   Data          16  main.o(.bss)
    waThread1                                0x20000bd0   Data         304  main.o(.bss)
    CSTACK                                   0x20000d00   Section     1024  cstartup.o(CSTACK)
    proc_stack_mem                           0x20000d00   Data        1024  cstartup.o(CSTACK)
    HEAP                                     0x20001100   Section     1024  cstartup.o(HEAP)
    Heap_Mem                                 0x20001100   Data        1024  cstartup.o(HEAP)
    MSTACK                                   0x20001500   Section     1024  cstartup.o(MSTACK)

    Global Symbols

    Symbol Name                              Value     Ov Type        Size  Object(Section)

    BuildAttributes$$THM_ISAv4$E$P$D$K$B$S$7EM$VFPi3$EXTD16$VFPS$VFMA$PE$A:L22UL41UL21$X:L11$S22US41US21$IEEE1$IW$USESV6$~STKCKD$USESV7$~SHL$OTIME$ROPI$EBA8$UX$STANDARDLIB$REQ8$PRES8$EABIv2 0x00000000   Number         0  anon$$obj.o ABSOLUTE
    __ARM_use_no_argv                        0x00000000   Number         0  main.o ABSOLUTE
    __ARM_exceptions_init                     - Undefined Weak Reference
    __alloca_initialize                       - Undefined Weak Reference
    __cpp_initialize__aeabi_                  - Undefined Weak Reference
    __cxa_finalize                            - Undefined Weak Reference
    __rt_locale                               - Undefined Weak Reference
    __sigvec_lookup                           - Undefined Weak Reference
    _atexit_init                              - Undefined Weak Reference
    _call_atexit_fns                          - Undefined Weak Reference
    _clock_init                               - Undefined Weak Reference
    _fp_trap_init                             - Undefined Weak Reference
    _fp_trap_shutdown                         - Undefined Weak Reference
    _get_lc_collate                           - Undefined Weak Reference
    _get_lc_ctype                             - Undefined Weak Reference
    _get_lc_monetary                          - Undefined Weak Reference
    _get_lc_numeric                           - Undefined Weak Reference
    _get_lc_time                              - Undefined Weak Reference
    _getenv_init                              - Undefined Weak Reference
    _handle_redirection                       - Undefined Weak Reference
    _init_alloc                               - Undefined Weak Reference
    _init_user_alloc                          - Undefined Weak Reference
    _initio                                   - Undefined Weak Reference
    _rand_init                                - Undefined Weak Reference
    _signal_finish                            - Undefined Weak Reference
    _signal_init                              - Undefined Weak Reference
    _terminate_alloc                          - Undefined Weak Reference
    _terminate_user_alloc                     - Undefined Weak Reference
    _terminateio                              - Undefined Weak Reference
    __Vectors                                0x08000000   Data           0  vectors.o(RESET)
    __main                                   0x08000189   Thumb Code     8  __main.o(!!!main)
    __scatterload                            0x08000191   Thumb Code     0  __scatter.o(!!!scatter)
    __scatterload_rt2                        0x08000191   Thumb Code    44  __scatter.o(!!!scatter)
    __scatterload_rt2_thumb_only             0x08000191   Thumb Code     0  __scatter.o(!!!scatter)
    __scatterload_null                       0x0800019f   Thumb Code     0  __scatter.o(!!!scatter)
    __decompress                             0x080001c5   Thumb Code    90  __dczerorl2.o(!!dczerorl2)
    __decompress1                            0x080001c5   Thumb Code     0  __dczerorl2.o(!!dczerorl2)
    __scatterload_zeroinit                   0x08000221   Thumb Code    28  __scatter_zi.o(!!handler_zi)
    __rt_lib_init                            0x0800023d   Thumb Code     0  libinit.o(.ARM.Collect$$libinit$$00000000)
    __rt_lib_init_alloca_1                   0x08000243   Thumb Code     0  libinit2.o(.ARM.Collect$$libinit$$0000002A)
    __rt_lib_init_argv_1                     0x08000243   Thumb Code     0  libinit2.o(.ARM.Collect$$libinit$$00000028)
    __rt_lib_init_atexit_1                   0x08000243   Thumb Code     0  libinit2.o(.ARM.Collect$$libinit$$00000017)
    __rt_lib_init_clock_1                    0x08000243   Thumb Code     0  libinit2.o(.ARM.Collect$$libinit$$0000001D)
    __rt_lib_init_cpp_1                      0x08000243   Thumb Code     0  libinit2.o(.ARM.Collect$$libinit$$0000002E)
    __rt_lib_init_exceptions_1               0x08000243   Thumb Code     0  libinit2.o(.ARM.Collect$$libinit$$0000002C)
    __rt_lib_init_fp_trap_1                  0x08000243   Thumb Code     0  libinit2.o(.ARM.Collect$$libinit$$0000001B)
    __rt_lib_init_getenv_1                   0x08000243   Thumb Code     0  libinit2.o(.ARM.Collect$$libinit$$0000001F)
    __rt_lib_init_heap_1                     0x08000243   Thumb Code     0  libinit2.o(.ARM.Collect$$libinit$$00000006)
    __rt_lib_init_lc_collate_1               0x08000243   Thumb Code     0  libinit2.o(.ARM.Collect$$libinit$$0000000D)
    __rt_lib_init_lc_ctype_1                 0x08000243   Thumb Code     0  libinit2.o(.ARM.Collect$$libinit$$0000000F)
    __rt_lib_init_lc_monetary_1              0x08000243   Thumb Code     0  libinit2.o(.ARM.Collect$$libinit$$00000011)
    __rt_lib_init_lc_numeric_1               0x08000243   Thumb Code     0  libinit2.o(.ARM.Collect$$libinit$$00000013)
    __rt_lib_init_lc_time_1                  0x08000243   Thumb Code     0  libinit2.o(.ARM.Collect$$libinit$$00000015)
    __rt_lib_init_rand_1                     0x08000243   Thumb Code     0  libinit2.o(.ARM.Collect$$libinit$$0000000A)
    __rt_lib_init_return                     0x08000243   Thumb Code     0  libinit2.o(.ARM.Collect$$libinit$$0000002F)
    __rt_lib_init_signal_1                   0x08000243   Thumb Code     0  libinit2.o(.ARM.Collect$$libinit$$00000019)
    __rt_lib_init_stdio_1                    0x08000243   Thumb Code     0  libinit2.o(.ARM.Collect$$libinit$$00000021)
    __rt_lib_init_user_alloc_1               0x08000243   Thumb Code     0  libinit2.o(.ARM.Collect$$libinit$$00000008)
    __rt_lib_shutdown                        0x08000245   Thumb Code     0  libshutdown.o(.ARM.Collect$$libshutdown$$00000000)
    __rt_lib_shutdown_fp_trap_1              0x08000247   Thumb Code     0  libshutdown2.o(.ARM.Collect$$libshutdown$$00000006)
    __rt_lib_shutdown_heap_1                 0x08000247   Thumb Code     0  libshutdown2.o(.ARM.Collect$$libshutdown$$0000000E)
    __rt_lib_shutdown_return                 0x08000247   Thumb Code     0  libshutdown2.o(.ARM.Collect$$libshutdown$$0000000F)
    __rt_lib_shutdown_signal_1               0x08000247   Thumb Code     0  libshutdown2.o(.ARM.Collect$$libshutdown$$00000009)
    __rt_lib_shutdown_stdio_1                0x08000247   Thumb Code     0  libshutdown2.o(.ARM.Collect$$libshutdown$$00000003)
    __rt_lib_shutdown_user_alloc_1           0x08000247   Thumb Code     0  libshutdown2.o(.ARM.Collect$$libshutdown$$0000000B)
    __rt_entry                               0x08000249   Thumb Code     0  rtentry.o(.ARM.Collect$$rtentry$$00000000)
    __rt_entry_presh_1                       0x08000249   Thumb Code     0  rtentry2.o(.ARM.Collect$$rtentry$$00000002)
    __rt_entry_sh                            0x08000249   Thumb Code     0  rtentry5.o(.ARM.Collect$$rtentry$$00000005)
    __rt_entry_li                            0x0800024d   Thumb Code     0  rtentry2.o(.ARM.Collect$$rtentry$$0000000A)
    __rt_entry_postsh_1                      0x0800024d   Thumb Code     0  rtentry2.o(.ARM.Collect$$rtentry$$00000009)
    __rt_entry_main                          0x08000251   Thumb Code     0  rtentry2.o(.ARM.Collect$$rtentry$$0000000D)
    __rt_entry_postli_1                      0x08000251   Thumb Code     0  rtentry2.o(.ARM.Collect$$rtentry$$0000000C)
    __rt_exit                                0x0800025d   Thumb Code     0  rtexit.o(.ARM.Collect$$rtexit$$00000000)
    __rt_exit_ls                             0x0800025f   Thumb Code     0  rtexit2.o(.ARM.Collect$$rtexit$$00000003)
    __rt_exit_prels_1                        0x0800025f   Thumb Code     0  rtexit2.o(.ARM.Collect$$rtexit$$00000002)
    __rt_exit_exit                           0x08000263   Thumb Code     0  rtexit2.o(.ARM.Collect$$rtexit$$00000004)
    __early_init                             0x08000269   Thumb Code     4  board.o(.text)
    boardInit                                0x0800026d   Thumb Code     2  board.o(.text)
    Reset_Handler                            0x08000271   Thumb Code    36  cstartup.o(.text)
    __user_initial_stackheap                 0x08000299   Thumb Code     0  cstartup.o(.text)
    _port_switch                             0x080002c1   Thumb Code    16  chcoreasm_v7m.o(.text)
    _port_thread_start                       0x080002d1   Thumb Code    14  chcoreasm_v7m.o(.text)
    _port_switch_from_isr                    0x080002df   Thumb Code     6  chcoreasm_v7m.o(.text)
    _port_exit_from_isr                      0x080002e3   Thumb Code     0  chcoreasm_v7m.o(.text)
    port_halt                                0x080002e5   Thumb Code     4  chcore.o(.text)
    _port_irq_epilogue                       0x080002e9   Thumb Code    80  chcore_v7m.o(.text)
    SysTickVector                            0x08000339   Thumb Code    24  chcore_v7m.o(.text)
    SVCallVector                             0x08000351   Thumb Code    18  chcore_v7m.o(.text)
    _port_init                               0x08000363   Thumb Code    44  chcore_v7m.o(.text)
    BusFaultVector                           0x080003a9   Thumb Code     0  vectors.o(.text)
    DebugMonitorVector                       0x080003a9   Thumb Code     0  vectors.o(.text)
    HardFaultVector                          0x080003a9   Thumb Code     0  vectors.o(.text)
    MemManageVector                          0x080003a9   Thumb Code     0  vectors.o(.text)
    NMIVector                                0x080003a9   Thumb Code     0  vectors.o(.text)
    PendSVVector                             0x080003a9   Thumb Code     0  vectors.o(.text)
    UsageFaultVector                         0x080003a9   Thumb Code     0  vectors.o(.text)
    Vector100                                0x080003a9   Thumb Code     0  vectors.o(.text)
    Vector104                                0x080003a9   Thumb Code     0  vectors.o(.text)
    Vector108                                0x080003a9   Thumb Code     0  vectors.o(.text)
    Vector10C                                0x080003a9   Thumb Code     0  vectors.o(.text)
    Vector110                                0x080003a9   Thumb Code     0  vectors.o(.text)
    Vector114                                0x080003a9   Thumb Code     0  vectors.o(.text)
    Vector118                                0x080003a9   Thumb Code     0  vectors.o(.text)
    Vector11C                                0x080003a9   Thumb Code     0  vectors.o(.text)
    Vector134                                0x080003a9   Thumb Code     0  vectors.o(.text)
    Vector138                                0x080003a9   Thumb Code     0  vectors.o(.text)
    Vector13C                                0x080003a9   Thumb Code     0  vectors.o(.text)
    Vector140                                0x080003a9   Thumb Code     0  vectors.o(.text)
    Vector144                                0x080003a9   Thumb Code     0  vectors.o(.text)
    Vector148                                0x080003a9   Thumb Code     0  vectors.o(.text)
    Vector14C                                0x080003a9   Thumb Code     0  vectors.o(.text)
    Vector15C                                0x080003a9   Thumb Code     0  vectors.o(.text)
    Vector160                                0x080003a9   Thumb Code     0  vectors.o(.text)
    Vector164                                0x080003a9   Thumb Code     0  vectors.o(.text)
    Vector168                                0x080003a9   Thumb Code     0  vectors.o(.text)
    Vector16C                                0x080003a9   Thumb Code     0  vectors.o(.text)
    Vector170                                0x080003a9   Thumb Code     0  vectors.o(.text)
    Vector174                                0x080003a9   Thumb Code     0  vectors.o(.text)
    Vector178                                0x080003a9   Thumb Code     0  vectors.o(.text)
    Vector17C                                0x080003a9   Thumb Code     0  vectors.o(.text)
    Vector180                                0x080003a9   Thumb Code     0  vectors.o(.text)
    Vector184                                0x080003a9   Thumb Code     0  vectors.o(.text)
    Vector1C                                 0x080003a9   Thumb Code     0  vectors.o(.text)
    Vector20                                 0x080003a9   Thumb Code     0  vectors.o(.text)
    Vector24                                 0x080003a9   Thumb Code     0  vectors.o(.text)
    Vector28                                 0x080003a9   Thumb Code     0  vectors.o(.text)
    Vector34                                 0x080003a9   Thumb Code     0  vectors.o(.text)
    Vector40                                 0x080003a9   Thumb Code     0  vectors.o(.text)
    Vector44                                 0x080003a9   Thumb Code     0  vectors.o(.text)
    Vector48                                 0x080003a9   Thumb Code     0  vectors.o(.text)
    Vector4C                                 0x080003a9   Thumb Code     0  vectors.o(.text)
    Vector50                                 0x080003a9   Thumb Code     0  vectors.o(.text)
    Vector54                                 0x080003a9   Thumb Code     0  vectors.o(.text)
    Vector58                                 0x080003a9   Thumb Code     0  vectors.o(.text)
    Vector5C                                 0x080003a9   Thumb Code     0  vectors.o(.text)
    Vector60                                 0x080003a9   Thumb Code     0  vectors.o(.text)
    Vector64                                 0x080003a9   Thumb Code     0  vectors.o(.text)
    Vector68                                 0x080003a9   Thumb Code     0  vectors.o(.text)
    Vector8C                                 0x080003a9   Thumb Code     0  vectors.o(.text)
    Vector90                                 0x080003a9   Thumb Code     0  vectors.o(.text)
    Vector94                                 0x080003a9   Thumb Code     0  vectors.o(.text)
    Vector98                                 0x080003a9   Thumb Code     0  vectors.o(.text)
    Vector9C                                 0x080003a9   Thumb Code     0  vectors.o(.text)
    VectorA0                                 0x080003a9   Thumb Code     0  vectors.o(.text)
    VectorA4                                 0x080003a9   Thumb Code     0  vectors.o(.text)
    VectorA8                                 0x080003a9   Thumb Code     0  vectors.o(.text)
    VectorAC                                 0x080003a9   Thumb Code     0  vectors.o(.text)
    VectorB0                                 0x080003a9   Thumb Code     0  vectors.o(.text)
    VectorB4                                 0x080003a9   Thumb Code     0  vectors.o(.text)
    VectorC4                                 0x080003a9   Thumb Code     0  vectors.o(.text)
    VectorC8                                 0x080003a9   Thumb Code     0  vectors.o(.text)
    VectorCC                                 0x080003a9   Thumb Code     0  vectors.o(.text)
    VectorD0                                 0x080003a9   Thumb Code     0  vectors.o(.text)
    VectorD4                                 0x080003a9   Thumb Code     0  vectors.o(.text)
    VectorDC                                 0x080003a9   Thumb Code     0  vectors.o(.text)
    VectorE0                                 0x080003a9   Thumb Code     0  vectors.o(.text)
    VectorE4                                 0x080003a9   Thumb Code     0  vectors.o(.text)
    VectorE8                                 0x080003a9   Thumb Code     0  vectors.o(.text)
    VectorEC                                 0x080003a9   Thumb Code     0  vectors.o(.text)
    VectorF0                                 0x080003a9   Thumb Code     0  vectors.o(.text)
    VectorF4                                 0x080003a9   Thumb Code     0  vectors.o(.text)
    VectorF8                                 0x080003a9   Thumb Code     0  vectors.o(.text)
    _unhandled_exception                     0x080003a9   Thumb Code     2  vectors.o(.text)
    nvicEnableVector                         0x080003ad   Thumb Code    64  nvic.o(.text)
    nvicDisableVector                        0x080003ed   Thumb Code    52  nvic.o(.text)
    nvicSetSystemHandlerPriority             0x08000421   Thumb Code    34  nvic.o(.text)
    chCondInit                               0x0800044d   Thumb Code     6  chcond.o(.text)
    chCondSignal                             0x08000453   Thumb Code    36  chcond.o(.text)
    chCondSignalI                            0x08000477   Thumb Code    28  chcond.o(.text)
    chCondBroadcastI                         0x08000493   Thumb Code    38  chcond.o(.text)
    chCondBroadcast                          0x080004b9   Thumb Code    54  chcond.o(.text)
    chCondWaitS                              0x080004ef   Thumb Code    62  chcond.o(.text)
    chCondWait                               0x0800052d   Thumb Code    74  chcond.o(.text)
    chCondWaitTimeoutS                       0x08000577   Thumb Code    70  chcond.o(.text)
    chCondWaitTimeout                        0x080005bd   Thumb Code    82  chcond.o(.text)
    chThdAddRef                              0x08000615   Thumb Code    20  chdynamic.o(.text)
    chThdRelease                             0x08000629   Thumb Code    86  chdynamic.o(.text)
    chThdCreateFromHeap                      0x0800067f   Thumb Code    82  chdynamic.o(.text)
    chThdCreateFromMemoryPool                0x080006d1   Thumb Code    62  chdynamic.o(.text)
    chEvtRegisterMask                        0x08000711   Thumb Code    28  chevents.o(.text)
    chEvtUnregister                          0x0800072d   Thumb Code    42  chevents.o(.text)
    chEvtClearFlags                          0x08000757   Thumb Code    36  chevents.o(.text)
    chEvtAddFlags                            0x0800077b   Thumb Code    24  chevents.o(.text)
    chEvtSignalFlagsI                        0x08000793   Thumb Code    48  chevents.o(.text)
    chEvtSignalFlags                         0x080007c3   Thumb Code    60  chevents.o(.text)
    chEvtBroadcastFlagsI                     0x080007ff   Thumb Code    76  chevents.o(.text)
    chEvtBroadcastFlags                      0x0800084b   Thumb Code    86  chevents.o(.text)
    chEvtDispatch                            0x080008a1   Thumb Code    48  chevents.o(.text)
    chEvtWaitOne                             0x080008d1   Thumb Code    50  chevents.o(.text)
    chEvtWaitAny                             0x08000903   Thumb Code    46  chevents.o(.text)
    chEvtWaitAll                             0x08000931   Thumb Code    46  chevents.o(.text)
    chEvtWaitOneTimeout                      0x0800095f   Thumb Code    68  chevents.o(.text)
    chEvtWaitAnyTimeout                      0x080009a3   Thumb Code    64  chevents.o(.text)
    chEvtWaitAllTimeout                      0x080009e3   Thumb Code    62  chevents.o(.text)
    _heap_init                               0x08000a25   Thumb Code    18  chheap.o(.text)
    chHeapInit                               0x08000a37   Thumb Code    20  chheap.o(.text)
    chHeapAlloc                              0x08000a4b   Thumb Code   128  chheap.o(.text)
    chHeapFree                               0x08000acb   Thumb Code   106  chheap.o(.text)
    chHeapStatus                             0x08000b35   Thumb Code    54  chheap.o(.text)
    chMBInit                                 0x08000b75   Thumb Code    40  chmboxes.o(.text)
    chMBReset                                0x08000b9d   Thumb Code    52  chmboxes.o(.text)
    chMBPostS                                0x08000bd1   Thumb Code    54  chmboxes.o(.text)
    chMBPost                                 0x08000c07   Thumb Code    66  chmboxes.o(.text)
    chMBPostI                                0x08000c49   Thumb Code    48  chmboxes.o(.text)
    chMBPostAheadS                           0x08000c79   Thumb Code    54  chmboxes.o(.text)
    chMBPostAhead                            0x08000caf   Thumb Code    66  chmboxes.o(.text)
    chMBPostAheadI                           0x08000cf1   Thumb Code    48  chmboxes.o(.text)
    chMBFetchS                               0x08000d21   Thumb Code    56  chmboxes.o(.text)
    chMBFetch                                0x08000d59   Thumb Code    68  chmboxes.o(.text)
    chMBFetchI                               0x08000d9d   Thumb Code    50  chmboxes.o(.text)
    _core_init                               0x08000dd1   Thumb Code    20  chmemcore.o(.text)
    chCoreAllocI                             0x08000de5   Thumb Code    26  chmemcore.o(.text)
    chCoreAlloc                              0x08000dff   Thumb Code    40  chmemcore.o(.text)
    chCoreStatus                             0x08000e27   Thumb Code    10  chmemcore.o(.text)
    chPoolInit                               0x08000e3d   Thumb Code    16  chmempools.o(.text)
    chPoolAllocI                             0x08000e4d   Thumb Code    28  chmempools.o(.text)
    chPoolAlloc                              0x08000e69   Thumb Code    40  chmempools.o(.text)
    chPoolFreeI                              0x08000e91   Thumb Code     8  chmempools.o(.text)
    chPoolFree                               0x08000e99   Thumb Code    20  chmempools.o(.text)
    chMsgSend                                0x08000ead   Thumb Code    58  chmsg.o(.text)
    chMsgWait                                0x08000ee7   Thumb Code    50  chmsg.o(.text)
    chMsgRelease                             0x08000f19   Thumb Code    20  chmsg.o(.text)
    chMtxInit                                0x08000f31   Thumb Code    10  chmtx.o(.text)
    chMtxLockS                               0x08000f3b   Thumb Code   212  chmtx.o(.text)
    chMtxLock                                0x0800100f   Thumb Code    20  chmtx.o(.text)
    chMtxTryLockS                            0x08001023   Thumb Code    30  chmtx.o(.text)
    chMtxTryLock                             0x08001041   Thumb Code    42  chmtx.o(.text)
    chMtxUnlock                              0x0800106b   Thumb Code    86  chmtx.o(.text)
    chMtxUnlockS                             0x080010c1   Thumb Code    74  chmtx.o(.text)
    chMtxUnlockAll                           0x0800110b   Thumb Code    72  chmtx.o(.text)
    chIQInit                                 0x08001159   Thumb Code    24  chqueues.o(.text)
    chIQResetI                               0x08001171   Thumb Code    46  chqueues.o(.text)
    chIQPutI                                 0x0800119f   Thumb Code    70  chqueues.o(.text)
    chIQGetTimeout                           0x080011e5   Thumb Code   114  chqueues.o(.text)
    chIQReadTimeout                          0x08001257   Thumb Code   156  chqueues.o(.text)
    chOQInit                                 0x080012f3   Thumb Code    20  chqueues.o(.text)
    chOQResetI                               0x08001307   Thumb Code    48  chqueues.o(.text)
    chOQPutTimeout                           0x08001337   Thumb Code   134  chqueues.o(.text)
    chOQGetI                                 0x080013bd   Thumb Code    68  chqueues.o(.text)
    chOQWriteTimeout                         0x08001401   Thumb Code   156  chqueues.o(.text)
    chRegFirstThread                         0x080014a1   Thumb Code    24  chregistry.o(.text)
    chRegNextThread                          0x080014b9   Thumb Code    40  chregistry.o(.text)
    _scheduler_init                          0x080014e5   Thumb Code    20  chschd.o(.text)
    chSchReadyI                              0x080014f9   Thumb Code    30  chschd.o(.text)
    chSchGoSleepS                            0x08001517   Thumb Code    30  chschd.o(.text)
    chSchGoSleepTimeoutS                     0x08001583   Thumb Code   100  chschd.o(.text)
    chSchWakeupS                             0x080015e7   Thumb Code    90  chschd.o(.text)
    chSchDoReschedule                        0x08001641   Thumb Code    80  chschd.o(.text)
    chSchRescheduleS                         0x08001691   Thumb Code    18  chschd.o(.text)
    chSemInit                                0x080016ad   Thumb Code     8  chsem.o(.text)
    chSemResetI                              0x080016b5   Thumb Code    42  chsem.o(.text)
    chSemReset                               0x080016df   Thumb Code    58  chsem.o(.text)
    chSemWaitS                               0x08001719   Thumb Code    46  chsem.o(.text)
    chSemWait                                0x08001747   Thumb Code    58  chsem.o(.text)
    chSemWaitTimeoutS                        0x08001781   Thumb Code    50  chsem.o(.text)
    chSemWaitTimeout                         0x080017b3   Thumb Code    66  chsem.o(.text)
    chSemSignal                              0x080017f5   Thumb Code    42  chsem.o(.text)
    chSemSignalI                             0x0800181f   Thumb Code    30  chsem.o(.text)
    chSemAddCounterI                         0x0800183d   Thumb Code    46  chsem.o(.text)
    chSemSignalWait                          0x0800186b   Thumb Code    86  chsem.o(.text)
    _idle_thread                             0x080018c5   Thumb Code    10  chsys.o(.text)
    chSysInit                                0x080018cf   Thumb Code    68  chsys.o(.text)
    chSysTimerHandlerI                       0x08001913   Thumb Code    76  chsys.o(.text)
    _thread_init                             0x08001981   Thumb Code    52  chthreads.o(.text)
    chThdCreateI                             0x080019b5   Thumb Code    76  chthreads.o(.text)
    chThdCreateStatic                        0x08001a01   Thumb Code    38  chthreads.o(.text)
    chThdSetPriority                         0x08001a27   Thumb Code    44  chthreads.o(.text)
    chThdResume                              0x08001a53   Thumb Code    28  chthreads.o(.text)
    chThdTerminate                           0x08001a6f   Thumb Code    22  chthreads.o(.text)
    chThdSleep                               0x08001a85   Thumb Code    24  chthreads.o(.text)
    chThdSleepUntil                          0x08001a9d   Thumb Code    30  chthreads.o(.text)
    chThdYield                               0x08001abb   Thumb Code    34  chthreads.o(.text)
    chThdExitS                               0x08001add   Thumb Code    62  chthreads.o(.text)
    chThdExit                                0x08001b1b   Thumb Code    68  chthreads.o(.text)
    chThdWait                                0x08001b5f   Thumb Code    50  chthreads.o(.text)
    _vt_init                                 0x08001b9d   Thumb Code    18  chvt.o(.text)
    chVTSetI                                 0x08001baf   Thumb Code    56  chvt.o(.text)
    chVTResetI                               0x08001be7   Thumb Code    34  chvt.o(.text)
    chTimeIsWithin                           0x08001c09   Thumb Code    34  chvt.o(.text)
    adcInit                                  0x08001c31   Thumb Code     4  adc.o(.text)
    adcObjectInit                            0x08001c35   Thumb Code    22  adc.o(.text)
    adcStart                                 0x08001c4b   Thumb Code    30  adc.o(.text)
    adcStop                                  0x08001c69   Thumb Code    28  adc.o(.text)
    adcStartConversionI                      0x08001c85   Thumb Code    14  adc.o(.text)
    adcStartConversion                       0x08001c93   Thumb Code    32  adc.o(.text)
    adcStopConversion                        0x08001cb3   Thumb Code    48  adc.o(.text)
    adcStopConversionI                       0x08001ce3   Thumb Code    50  adc.o(.text)
    adcConvert                               0x08001d15   Thumb Code    50  adc.o(.text)
    adcAcquireBus                            0x08001d47   Thumb Code     6  adc.o(.text)
    adcReleaseBus                            0x08001d4d   Thumb Code     4  adc.o(.text)
    halInit                                  0x08001d55   Thumb Code    40  hal.o(.text)
    halIsCounterWithin                       0x08001d7d   Thumb Code    34  hal.o(.text)
    halPolledDelay                           0x08001d9f   Thumb Code    38  hal.o(.text)
    pwmInit                                  0x08001dcd   Thumb Code     4  pwm.o(.text)
    pwmObjectInit                            0x08001dd1   Thumb Code    10  pwm.o(.text)
    pwmStart                                 0x08001ddb   Thumb Code    34  pwm.o(.text)
    pwmStop                                  0x08001dfd   Thumb Code    28  pwm.o(.text)
    pwmChangePeriod                          0x08001e19   Thumb Code    24  pwm.o(.text)
    pwmEnableChannel                         0x08001e31   Thumb Code    20  pwm.o(.text)
    pwmDisableChannel                        0x08001e45   Thumb Code    20  pwm.o(.text)
    sdInit                                   0x08001eb1   Thumb Code     4  serial.o(.text)
    sdObjectInit                             0x08001eb5   Thumb Code    58  serial.o(.text)
    sdStart                                  0x08001eef   Thumb Code    28  serial.o(.text)
    sdStop                                   0x08001f0b   Thumb Code    48  serial.o(.text)
    sdIncomingDataI                          0x08001f3b   Thumb Code    62  serial.o(.text)
    sdRequestDataI                           0x08001f79   Thumb Code    34  serial.o(.text)
    spiInit                                  0x08001fa1   Thumb Code     4  spi.o(.text)
    spiObjectInit                            0x08001fa5   Thumb Code    16  spi.o(.text)
    spiStart                                 0x08001fb5   Thumb Code    30  spi.o(.text)
    spiStop                                  0x08001fd3   Thumb Code    34  spi.o(.text)
    spiSelect                                0x08001ff5   Thumb Code    20  spi.o(.text)
    spiUnselect                              0x08002009   Thumb Code    20  spi.o(.text)
    spiStartIgnore                           0x0800201d   Thumb Code    24  spi.o(.text)
    spiStartExchange                         0x08002035   Thumb Code    30  spi.o(.text)
    spiStartSend                             0x08002053   Thumb Code    24  spi.o(.text)
    spiStartReceive                          0x0800206b   Thumb Code    24  spi.o(.text)
    spiIgnore                                0x08002083   Thumb Code    40  spi.o(.text)
    spiExchange                              0x080020ab   Thumb Code    40  spi.o(.text)
    spiSend                                  0x080020d3   Thumb Code    40  spi.o(.text)
    spiReceive                               0x080020fb   Thumb Code    40  spi.o(.text)
    spiAcquireBus                            0x08002123   Thumb Code     6  spi.o(.text)
    spiReleaseBus                            0x08002129   Thumb Code     4  spi.o(.text)
    i2cInit                                  0x08002131   Thumb Code     4  i2c.o(.text)
    i2cObjectInit                            0x08002135   Thumb Code    14  i2c.o(.text)
    i2cStart                                 0x08002143   Thumb Code    30  i2c.o(.text)
    i2cStop                                  0x08002161   Thumb Code    28  i2c.o(.text)
    i2cGetErrors                             0x0800217d   Thumb Code     4  i2c.o(.text)
    i2cMasterTransmitTimeout                 0x08002181   Thumb Code    68  i2c.o(.text)
    i2cMasterReceiveTimeout                  0x080021c5   Thumb Code    50  i2c.o(.text)
    i2cAcquireBus                            0x080021f7   Thumb Code     6  i2c.o(.text)
    i2cReleaseBus                            0x080021fd   Thumb Code     4  i2c.o(.text)
    adc_lld_stop_conversion                  0x08002201   Thumb Code    54  adc_lld.o(.text)
    Vector88                                 0x0800233b   Thumb Code   340  adc_lld.o(.text)
    adc_lld_init                             0x0800248f   Thumb Code    80  adc_lld.o(.text)
    adc_lld_start                            0x080024df   Thumb Code   134  adc_lld.o(.text)
    adc_lld_stop                             0x08002565   Thumb Code    76  adc_lld.o(.text)
    adc_lld_start_conversion                 0x080025b1   Thumb Code   142  adc_lld.o(.text)
    adcSTM32EnableTSVREFE                    0x0800263f   Thumb Code    12  adc_lld.o(.text)
    adcSTM32DisableTSVREFE                   0x0800264b   Thumb Code    12  adc_lld.o(.text)
    adcSTM32EnableVBATE                      0x08002657   Thumb Code    12  adc_lld.o(.text)
    adcSTM32DisableVBATE                     0x08002663   Thumb Code    12  adc_lld.o(.text)
    hal_lld_init                             0x080026b9   Thumb Code   162  hal_lld.o(.text)
    stm32_clock_init                         0x0800275b   Thumb Code   154  hal_lld.o(.text)
    _pal_lld_init                            0x08002839   Thumb Code   116  pal_lld.o(.text)
    _pal_lld_setgroupmode                    0x080028ad   Thumb Code   150  pal_lld.o(.text)
    VectorB8                                 0x0800298d   Thumb Code    98  pwm_lld.o(.text)
    pwm_lld_init                             0x080029ef   Thumb Code    16  pwm_lld.o(.text)
    pwm_lld_start                            0x080029ff   Thumb Code   268  pwm_lld.o(.text)
    pwm_lld_stop                             0x08002b0b   Thumb Code    50  pwm_lld.o(.text)
    pwm_lld_enable_channel                   0x08002b3d   Thumb Code    60  pwm_lld.o(.text)
    pwm_lld_disable_channel                  0x08002b79   Thumb Code    34  pwm_lld.o(.text)
    VectorD8                                 0x08002bbd   Thumb Code   268  serial_lld.o(.text)
    sd_lld_init                              0x08002cc9   Thumb Code    20  serial_lld.o(.text)
    sd_lld_start                             0x08002cdd   Thumb Code   110  serial_lld.o(.text)
    sd_lld_stop                              0x08002d4b   Thumb Code    42  serial_lld.o(.text)
    spi_lld_init                             0x08002e2f   Thumb Code    68  spi_lld.o(.text)
    spi_lld_start                            0x08002e73   Thumb Code   190  spi_lld.o(.text)
    spi_lld_stop                             0x08002f31   Thumb Code    66  spi_lld.o(.text)
    spi_lld_select                           0x08002f73   Thumb Code    16  spi_lld.o(.text)
    spi_lld_unselect                         0x08002f83   Thumb Code    16  spi_lld.o(.text)
    spi_lld_ignore                           0x08002f93   Thumb Code    70  spi_lld.o(.text)
    spi_lld_exchange                         0x08002fd9   Thumb Code    86  spi_lld.o(.text)
    spi_lld_send                             0x0800302f   Thumb Code    84  spi_lld.o(.text)
    spi_lld_receive                          0x08003083   Thumb Code    72  spi_lld.o(.text)
    spi_lld_polled_exchange                  0x080030cb   Thumb Code    18  spi_lld.o(.text)
    Vector6C                                 0x0800311d   Thumb Code    34  stm32_dma.o(.text)
    Vector70                                 0x0800313f   Thumb Code    36  stm32_dma.o(.text)
    Vector74                                 0x08003163   Thumb Code    36  stm32_dma.o(.text)
    Vector78                                 0x08003187   Thumb Code    36  stm32_dma.o(.text)
    Vector7C                                 0x080031ab   Thumb Code    34  stm32_dma.o(.text)
    Vector80                                 0x080031cd   Thumb Code    36  stm32_dma.o(.text)
    Vector84                                 0x080031f1   Thumb Code    36  stm32_dma.o(.text)
    VectorFC                                 0x08003215   Thumb Code    36  stm32_dma.o(.text)
    Vector120                                0x08003239   Thumb Code    36  stm32_dma.o(.text)
    Vector124                                0x0800325d   Thumb Code    40  stm32_dma.o(.text)
    Vector128                                0x08003285   Thumb Code    40  stm32_dma.o(.text)
    Vector12C                                0x080032ad   Thumb Code    40  stm32_dma.o(.text)
    Vector130                                0x080032d5   Thumb Code    36  stm32_dma.o(.text)
    Vector150                                0x080032f9   Thumb Code    40  stm32_dma.o(.text)
    Vector154                                0x08003321   Thumb Code    40  stm32_dma.o(.text)
    Vector158                                0x08003349   Thumb Code    40  stm32_dma.o(.text)
    dmaInit                                  0x08003371   Thumb Code    54  stm32_dma.o(.text)
    dmaStreamAllocate                        0x080033a7   Thumb Code   176  stm32_dma.o(.text)
    dmaStreamRelease                         0x08003457   Thumb Code    60  stm32_dma.o(.text)
    VectorBC                                 0x0800357f   Thumb Code   176  i2c_lld.o(.text)
    VectorC0                                 0x0800362f   Thumb Code   298  i2c_lld.o(.text)
    i2c_lld_init                             0x08003759   Thumb Code    28  i2c_lld.o(.text)
    i2c_lld_start                            0x08003775   Thumb Code   328  i2c_lld.o(.text)
    i2c_lld_stop                             0x080038bd   Thumb Code    62  i2c_lld.o(.text)
    i2c_lld_master_receive_timeout           0x080038fb   Thumb Code   230  i2c_lld.o(.text)
    i2c_lld_master_transmit_timeout          0x080039e1   Thumb Code   196  i2c_lld.o(.text)
    test_printn                              0x08003b09   Thumb Code    94  test.o(.text)
    test_print                               0x08003b67   Thumb Code    38  test.o(.text)
    test_println                             0x08003b8d   Thumb Code    40  test.o(.text)
    test_emit_token                          0x08003bb5   Thumb Code    24  test.o(.text)
    _test_fail                               0x08003bcd   Thumb Code    14  test.o(.text)
    _test_assert                             0x08003bdb   Thumb Code    22  test.o(.text)
    _test_assert_sequence                    0x08003bf1   Thumb Code    64  test.o(.text)
    _test_assert_time_window                 0x08003c31   Thumb Code    32  test.o(.text)
    test_terminate_threads                   0x08003c51   Thumb Code    26  test.o(.text)
    test_wait_threads                        0x08003c6b   Thumb Code    30  test.o(.text)
    test_cpu_pulse                           0x08003c89   Thumb Code    48  test.o(.text)
    test_wait_tick                           0x08003cb9   Thumb Code    14  test.o(.text)
    test_start_timer                         0x08003ccf   Thumb Code    44  test.o(.text)
    TestThread                               0x08003cfb   Thumb Code  1212  test.o(.text)
    thread4                                  0x080043b1   Thumb Code    32  testbmk.o(.text)
    I2CInitialize                            0x080072d1   Thumb Code    50  main.o(.text)
    i2c_scanner1                             0x08007303   Thumb Code    86  main.o(.text)
    readAcc                                  0x08007359   Thumb Code   100  main.o(.text)
    main                                     0x080073bd   Thumb Code   434  main.o(.text)
    lis302dlReadRegister                     0x08007639   Thumb Code    46  lis302dl.o(.text)
    lis302dlWriteRegister                    0x08007667   Thumb Code   128  lis302dl.o(.text)
    chprintf                                 0x080076f1   Thumb Code   624  chprintf.o(.text)
    __use_two_region_memory                  0x08007969   Thumb Code     2  heapauxi.o(.text)
    __rt_heap_escrow$2region                 0x0800796b   Thumb Code     2  heapauxi.o(.text)
    __rt_heap_expand$2region                 0x0800796d   Thumb Code     2  heapauxi.o(.text)
    exit                                     0x0800796f   Thumb Code    12  exit.o(.text)
    _sys_exit                                0x0800797d   Thumb Code     8  sys_exit.o(.text)
    __I$use$semihosting                      0x08007989   Thumb Code     0  use_no_semi.o(.text)
    __use_no_semihosting_swi                 0x08007989   Thumb Code     2  use_no_semi.o(.text)
    __semihosting_library_function           0x0800798b   Thumb Code     0  indicate_semi.o(.text)
    _fp_init                                 0x0800798b   Thumb Code    10  fpinit.o(x$fpl$fpinit)
    __fplib_config_fpu_vfp                   0x08007993   Thumb Code     0  fpinit.o(x$fpl$fpinit)
    __fplib_config_pureend_doubles           0x08007993   Thumb Code     0  fpinit.o(x$fpl$fpinit)
    pal_default_config                       0x08007994   Data         252  board.o(.constdata)
    _stm32_dma_streams                       0x08007ac0   Data         192  stm32_dma.o(.constdata)
    wa                                       0x08007b80   Data          20  test.o(.constdata)
    testbmk1                                 0x08007b94   Data          16  testbmk.o(.constdata)
    testbmk2                                 0x08007ba4   Data          16  testbmk.o(.constdata)
    testbmk3                                 0x08007bb4   Data          16  testbmk.o(.constdata)
    testbmk4                                 0x08007bc4   Data          16  testbmk.o(.constdata)
    testbmk5                                 0x08007bd4   Data          16  testbmk.o(.constdata)
    testbmk6                                 0x08007be4   Data          16  testbmk.o(.constdata)
    testbmk7                                 0x08007bf4   Data          16  testbmk.o(.constdata)
    testbmk8                                 0x08007c04   Data          16  testbmk.o(.constdata)
    testbmk9                                 0x08007c14   Data          16  testbmk.o(.constdata)
    testbmk10                                0x08007c24   Data          16  testbmk.o(.constdata)
    testbmk11                                0x08007c34   Data          16  testbmk.o(.constdata)
    testbmk12                                0x08007c44   Data          16  testbmk.o(.constdata)
    testbmk13                                0x08007c54   Data          16  testbmk.o(.constdata)
    patternbmk                               0x08007c64   Data          56  testbmk.o(.constdata)
    testdyn1                                 0x08007c9c   Data          16  testdyn.o(.constdata)
    testdyn2                                 0x08007cac   Data          16  testdyn.o(.constdata)
    testdyn3                                 0x08007cbc   Data          16  testdyn.o(.constdata)
    patterndyn                               0x08007ccc   Data          16  testdyn.o(.constdata)
    testevt1                                 0x08007ce8   Data          16  testevt.o(.constdata)
    testevt2                                 0x08007cf8   Data          16  testevt.o(.constdata)
    testevt3                                 0x08007d08   Data          16  testevt.o(.constdata)
    patternevt                               0x08007d18   Data          16  testevt.o(.constdata)
    testheap1                                0x08007d28   Data          16  testheap.o(.constdata)
    patternheap                              0x08007d38   Data           8  testheap.o(.constdata)
    testmbox1                                0x08007d40   Data          16  testmbox.o(.constdata)
    patternmbox                              0x08007d50   Data           8  testmbox.o(.constdata)
    testmsg1                                 0x08007d58   Data          16  testmsg.o(.constdata)
    patternmsg                               0x08007d68   Data           8  testmsg.o(.constdata)
    testmtx1                                 0x08007d70   Data          16  testmtx.o(.constdata)
    testmtx2                                 0x08007d80   Data          16  testmtx.o(.constdata)
    testmtx3                                 0x08007d90   Data          16  testmtx.o(.constdata)
    testmtx4                                 0x08007da0   Data          16  testmtx.o(.constdata)
    testmtx5                                 0x08007db0   Data          16  testmtx.o(.constdata)
    testmtx6                                 0x08007dc0   Data          16  testmtx.o(.constdata)
    testmtx7                                 0x08007dd0   Data          16  testmtx.o(.constdata)
    testmtx8                                 0x08007de0   Data          16  testmtx.o(.constdata)
    patternmtx                               0x08007df0   Data          36  testmtx.o(.constdata)
    testpools1                               0x08007e14   Data          16  testpools.o(.constdata)
    patternpools                             0x08007e24   Data           8  testpools.o(.constdata)
    testqueues1                              0x08007e2c   Data          16  testqueues.o(.constdata)
    testqueues2                              0x08007e3c   Data          16  testqueues.o(.constdata)
    patternqueues                            0x08007e4c   Data          12  testqueues.o(.constdata)
    testsem1                                 0x08007e58   Data          16  testsem.o(.constdata)
    testsem2                                 0x08007e68   Data          16  testsem.o(.constdata)
    testsem3                                 0x08007e78   Data          16  testsem.o(.constdata)
    testsem4                                 0x08007e88   Data          16  testsem.o(.constdata)
    patternsem                               0x08007e98   Data          20  testsem.o(.constdata)
    testthd1                                 0x08007eac   Data          16  testthd.o(.constdata)
    testthd2                                 0x08007ebc   Data          16  testthd.o(.constdata)
    testthd3                                 0x08007ecc   Data          16  testthd.o(.constdata)
    testthd4                                 0x08007edc   Data          16  testthd.o(.constdata)
    patternthd                               0x08007eec   Data          20  testthd.o(.constdata)
    Region$$Table$$Base                      0x080083f4   Number         0  anon$$obj.o(Region$$Table)
    Region$$Table$$Limit                     0x08008414   Number         0  anon$$obj.o(Region$$Table)
    test_timer_done                          0x20000024   Data           4  test.o(.data)
    rlist                                    0x20000160   Data          32  chschd.o(.bss)
    _idle_thread_wa                          0x200001c8   Data         192  chsys.o(.bss)
    vtlist                                   0x20000288   Data          16  chvt.o(.bss)
    ADCD1                                    0x20000298   Data          52  adc_lld.o(.bss)
    ADCD2                                    0x200002cc   Data          52  adc_lld.o(.bss)
    ADCD3                                    0x20000300   Data          52  adc_lld.o(.bss)
    PWMD4                                    0x20000334   Data          20  pwm_lld.o(.bss)
    SD2                                      0x20000348   Data         116  serial_lld.o(.bss)
    SPID1                                    0x200003bc   Data          48  spi_lld.o(.bss)
    SPID2                                    0x200003ec   Data          48  spi_lld.o(.bss)
    I2CD1                                    0x2000049c   Data          52  i2c_lld.o(.bss)
    threads                                  0x200004e0   Data          20  test.o(.bss)
    test                                     0x20000508   Data        1520  test.o(.bss)
    __main_thread_stack_base__               0x20000d00   Data           0  cstartup.o(CSTACK)
    __initial_sp                             0x20001100   Data           0  cstartup.o(CSTACK)
    Image$$RW_IRAM1$$ZI$$Limit               0x20001900   Number         0  cstartup.o(MSTACK)
    __initial_msp                            0x20001900   Data           0  cstartup.o(MSTACK)
    Image$$RW_IRAM2$$Base                    0x20020000   Number         0  anon$$obj.o(linker$$defined$$symbols)



==============================================================================

Memory Map of the image

  Image Entry point : 0x08000189

  Load Region LR_IROM1 (Base: 0x08000000, Size: 0x00008550, Max: 0x00100000, ABSOLUTE, COMPRESSED[0x000084a4])

    Execution Region ER_IROM1 (Base: 0x08000000, Size: 0x00008414, Max: 0x00100000, ABSOLUTE)

    Base Addr    Size         Type   Attr      Idx    E Section Name        Object

    0x08000000   0x00000188   Data   RO          277    RESET               vectors.o
    0x08000188   0x00000008   Code   RO         1242  * !!!main             c_w.l(__main.o)
    0x08000190   0x00000034   Code   RO         1402    !!!scatter          c_w.l(__scatter.o)
    0x080001c4   0x0000005a   Code   RO         1400    !!dczerorl2         c_w.l(__dczerorl2.o)
    0x0800021e   0x00000002   PAD
    0x08000220   0x0000001c   Code   RO         1404    !!handler_zi        c_w.l(__scatter_zi.o)
    0x0800023c   0x00000006   Code   RO         1274    .ARM.Collect$$libinit$$00000000  c_w.l(libinit.o)
    0x08000242   0x00000000   Code   RO         1282    .ARM.Collect$$libinit$$00000006  c_w.l(libinit2.o)
    0x08000242   0x00000000   Code   RO         1284    .ARM.Collect$$libinit$$00000008  c_w.l(libinit2.o)
    0x08000242   0x00000000   Code   RO         1286    .ARM.Collect$$libinit$$0000000A  c_w.l(libinit2.o)
    0x08000242   0x00000000   Code   RO         1289    .ARM.Collect$$libinit$$0000000D  c_w.l(libinit2.o)
    0x08000242   0x00000000   Code   RO         1291    .ARM.Collect$$libinit$$0000000F  c_w.l(libinit2.o)
    0x08000242   0x00000000   Code   RO         1293    .ARM.Collect$$libinit$$00000011  c_w.l(libinit2.o)
    0x08000242   0x00000000   Code   RO         1295    .ARM.Collect$$libinit$$00000013  c_w.l(libinit2.o)
    0x08000242   0x00000000   Code   RO         1297    .ARM.Collect$$libinit$$00000015  c_w.l(libinit2.o)
    0x08000242   0x00000000   Code   RO         1299    .ARM.Collect$$libinit$$00000017  c_w.l(libinit2.o)
    0x08000242   0x00000000   Code   RO         1301    .ARM.Collect$$libinit$$00000019  c_w.l(libinit2.o)
    0x08000242   0x00000000   Code   RO         1303    .ARM.Collect$$libinit$$0000001B  c_w.l(libinit2.o)
    0x08000242   0x00000000   Code   RO         1305    .ARM.Collect$$libinit$$0000001D  c_w.l(libinit2.o)
    0x08000242   0x00000000   Code   RO         1307    .ARM.Collect$$libinit$$0000001F  c_w.l(libinit2.o)
    0x08000242   0x00000000   Code   RO         1309    .ARM.Collect$$libinit$$00000021  c_w.l(libinit2.o)
    0x08000242   0x00000000   Code   RO         1313    .ARM.Collect$$libinit$$00000028  c_w.l(libinit2.o)
    0x08000242   0x00000000   Code   RO         1315    .ARM.Collect$$libinit$$0000002A  c_w.l(libinit2.o)
    0x08000242   0x00000000   Code   RO         1317    .ARM.Collect$$libinit$$0000002C  c_w.l(libinit2.o)
    0x08000242   0x00000000   Code   RO         1319    .ARM.Collect$$libinit$$0000002E  c_w.l(libinit2.o)
    0x08000242   0x00000002   Code   RO         1320    .ARM.Collect$$libinit$$0000002F  c_w.l(libinit2.o)
    0x08000244   0x00000002   Code   RO         1340    .ARM.Collect$$libshutdown$$00000000  c_w.l(libshutdown.o)
    0x08000246   0x00000000   Code   RO         1354    .ARM.Collect$$libshutdown$$00000003  c_w.l(libshutdown2.o)
    0x08000246   0x00000000   Code   RO         1357    .ARM.Collect$$libshutdown$$00000006  c_w.l(libshutdown2.o)
    0x08000246   0x00000000   Code   RO         1360    .ARM.Collect$$libshutdown$$00000009  c_w.l(libshutdown2.o)
    0x08000246   0x00000000   Code   RO         1362    .ARM.Collect$$libshutdown$$0000000B  c_w.l(libshutdown2.o)
    0x08000246   0x00000000   Code   RO         1365    .ARM.Collect$$libshutdown$$0000000E  c_w.l(libshutdown2.o)
    0x08000246   0x00000002   Code   RO         1366    .ARM.Collect$$libshutdown$$0000000F  c_w.l(libshutdown2.o)
    0x08000248   0x00000000   Code   RO         1244    .ARM.Collect$$rtentry$$00000000  c_w.l(rtentry.o)
    0x08000248   0x00000000   Code   RO         1246    .ARM.Collect$$rtentry$$00000002  c_w.l(rtentry2.o)
    0x08000248   0x00000004   Code   RO         1260    .ARM.Collect$$rtentry$$00000005  c_w.l(rtentry5.o)
    0x0800024c   0x00000000   Code   RO         1248    .ARM.Collect$$rtentry$$00000009  c_w.l(rtentry2.o)
    0x0800024c   0x00000004   Code   RO         1249    .ARM.Collect$$rtentry$$0000000A  c_w.l(rtentry2.o)
    0x08000250   0x00000000   Code   RO         1251    .ARM.Collect$$rtentry$$0000000C  c_w.l(rtentry2.o)
    0x08000250   0x00000008   Code   RO         1252    .ARM.Collect$$rtentry$$0000000D  c_w.l(rtentry2.o)
    0x08000258   0x00000004   Code   RO         1261    .ARM.Collect$$rtentry$$00002716  c_w.l(rtentry5.o)
    0x0800025c   0x00000002   Code   RO         1278    .ARM.Collect$$rtexit$$00000000  c_w.l(rtexit.o)
    0x0800025e   0x00000000   Code   RO         1324    .ARM.Collect$$rtexit$$00000002  c_w.l(rtexit2.o)
    0x0800025e   0x00000004   Code   RO         1325    .ARM.Collect$$rtexit$$00000003  c_w.l(rtexit2.o)
    0x08000262   0x00000006   Code   RO         1326    .ARM.Collect$$rtexit$$00000004  c_w.l(rtexit2.o)
    0x08000268   0x00000006   Code   RO            2    .text               board.o
    0x0800026e   0x00000002   PAD
    0x08000270   0x00000050   Code   RO          244    .text               cstartup.o
    0x080002c0   0x00000024   Code   RO          248    .text               chcoreasm_v7m.o
    0x080002e4   0x00000004   Code   RO          252    .text               chcore.o
    0x080002e8   0x000000c0   Code   RO          264    .text               chcore_v7m.o
    0x080003a8   0x00000002   Code   RO          278    .text               vectors.o
    0x080003aa   0x00000002   PAD
    0x080003ac   0x000000a0   Code   RO          282    .text               nvic.o
    0x0800044c   0x000001c8   Code   RO          294    .text               chcond.o
    0x08000614   0x000000fa   Code   RO          316    .text               chdynamic.o
    0x0800070e   0x00000002   PAD
    0x08000710   0x00000314   Code   RO          328    .text               chevents.o
    0x08000a24   0x00000150   Code   RO          341    .text               chheap.o
    0x08000b74   0x0000025a   Code   RO          361    .text               chmboxes.o
    0x08000dce   0x00000002   PAD
    0x08000dd0   0x0000006c   Code   RO          374    .text               chmemcore.o
    0x08000e3c   0x00000070   Code   RO          389    .text               chmempools.o
    0x08000eac   0x00000084   Code   RO          402    .text               chmsg.o
    0x08000f30   0x00000228   Code   RO          417    .text               chmtx.o
    0x08001158   0x00000348   Code   RO          433    .text               chqueues.o
    0x080014a0   0x00000044   Code   RO          445    .text               chregistry.o
    0x080014e4   0x000001c8   Code   RO          457    .text               chschd.o
    0x080016ac   0x00000218   Code   RO          479    .text               chsem.o
    0x080018c4   0x000000bc   Code   RO          495    .text               chsys.o
    0x08001980   0x0000021c   Code   RO          513    .text               chthreads.o
    0x08001b9c   0x00000094   Code   RO          529    .text               chvt.o
    0x08001c30   0x00000124   Code   RO          548    .text               adc.o
    0x08001d54   0x00000078   Code   RO          576    .text               hal.o
    0x08001dcc   0x0000008c   Code   RO          609    .text               pwm.o
    0x08001e58   0x00000148   Code   RO          625    .text               serial.o
    0x08001fa0   0x00000190   Code   RO          643    .text               spi.o
    0x08002130   0x000000d0   Code   RO          659    .text               i2c.o
    0x08002200   0x000004b8   Code   RO          675    .text               adc_lld.o
    0x080026b8   0x00000180   Code   RO          697    .text               hal_lld.o
    0x08002838   0x00000154   Code   RO          713    .text               pal_lld.o
    0x0800298c   0x00000224   Code   RO          729    .text               pwm_lld.o
    0x08002bb0   0x000001e4   Code   RO          754    .text               serial_lld.o
    0x08002d94   0x00000388   Code   RO          777    .text               spi_lld.o
    0x0800311c   0x0000039c   Code   RO          800    .text               stm32_dma.o
    0x080034b8   0x00000650   Code   RO          836    .text               i2c_lld.o
    0x08003b08   0x000006e8   Code   RO          858    .text               test.o
    0x080041f0   0x000008f0   Code   RO          927    .text               testbmk.o
    0x08004ae0   0x000003e4   Code   RO          973    .text               testdyn.o
    0x08004ec4   0x00000440   Code   RO          994    .text               testevt.o
    0x08005304   0x00000278   Code   RO         1016    .text               testheap.o
    0x0800557c   0x000005ac   Code   RO         1033    .text               testmbox.o
    0x08005b28   0x00000094   Code   RO         1050    .text               testmsg.o
    0x08005bbc   0x00000954   Code   RO         1066    .text               testmtx.o
    0x08006510   0x00000090   Code   RO         1097    .text               testpools.o
    0x080065a0   0x000004b4   Code   RO         1114    .text               testqueues.o
    0x08006a54   0x00000476   Code   RO         1133    .text               testsem.o
    0x08006eca   0x00000002   PAD
    0x08006ecc   0x0000033c   Code   RO         1156    .text               testthd.o
    0x08007208   0x00000430   Code   RO         1179    .text               main.o
    0x08007638   0x000000b8   Code   RO         1206    .text               lis302dl.o
    0x080076f0   0x00000278   Code   RO         1223    .text               chprintf.o
    0x08007968   0x00000006   Code   RO         1240    .text               c_w.l(heapauxi.o)
    0x0800796e   0x0000000c   Code   RO         1267    .text               c_w.l(exit.o)
    0x0800797a   0x00000002   PAD
    0x0800797c   0x0000000c   Code   RO         1332    .text               c_w.l(sys_exit.o)
    0x08007988   0x00000002   Code   RO         1343    .text               c_w.l(use_no_semi.o)
    0x0800798a   0x00000000   Code   RO         1345    .text               c_w.l(indicate_semi.o)
    0x0800798a   0x0000000a   Code   RO         1321    x$fpl$fpinit        fz_wm.l(fpinit.o)
    0x08007994   0x000000fc   Data   RO            3    .constdata          board.o
    0x08007a90   0x00000024   Data   RO          626    .constdata          serial.o
    0x08007ab4   0x0000000c   Data   RO          756    .constdata          serial_lld.o
    0x08007ac0   0x000000c0   Data   RO          802    .constdata          stm32_dma.o
    0x08007b80   0x00000014   Data   RO          861    .constdata          test.o
    0x08007b94   0x00000010   Data   RO          929    .constdata          testbmk.o
    0x08007ba4   0x00000010   Data   RO          930    .constdata          testbmk.o
    0x08007bb4   0x00000010   Data   RO          931    .constdata          testbmk.o
    0x08007bc4   0x00000010   Data   RO          932    .constdata          testbmk.o
    0x08007bd4   0x00000010   Data   RO          933    .constdata          testbmk.o
    0x08007be4   0x00000010   Data   RO          934    .constdata          testbmk.o
    0x08007bf4   0x00000010   Data   RO          935    .constdata          testbmk.o
    0x08007c04   0x00000010   Data   RO          936    .constdata          testbmk.o
    0x08007c14   0x00000010   Data   RO          937    .constdata          testbmk.o
    0x08007c24   0x00000010   Data   RO          938    .constdata          testbmk.o
    0x08007c34   0x00000010   Data   RO          939    .constdata          testbmk.o
    0x08007c44   0x00000010   Data   RO          940    .constdata          testbmk.o
    0x08007c54   0x00000010   Data   RO          941    .constdata          testbmk.o
    0x08007c64   0x00000038   Data   RO          942    .constdata          testbmk.o
    0x08007c9c   0x00000010   Data   RO          975    .constdata          testdyn.o
    0x08007cac   0x00000010   Data   RO          976    .constdata          testdyn.o
    0x08007cbc   0x00000010   Data   RO          977    .constdata          testdyn.o
    0x08007ccc   0x00000010   Data   RO          978    .constdata          testdyn.o
    0x08007cdc   0x0000000c   Data   RO          995    .constdata          testevt.o
    0x08007ce8   0x00000010   Data   RO          996    .constdata          testevt.o
    0x08007cf8   0x00000010   Data   RO          997    .constdata          testevt.o
    0x08007d08   0x00000010   Data   RO          998    .constdata          testevt.o
    0x08007d18   0x00000010   Data   RO          999    .constdata          testevt.o
    0x08007d28   0x00000010   Data   RO         1018    .constdata          testheap.o
    0x08007d38   0x00000008   Data   RO         1019    .constdata          testheap.o
    0x08007d40   0x00000010   Data   RO         1034    .constdata          testmbox.o
    0x08007d50   0x00000008   Data   RO         1035    .constdata          testmbox.o
    0x08007d58   0x00000010   Data   RO         1051    .constdata          testmsg.o
    0x08007d68   0x00000008   Data   RO         1052    .constdata          testmsg.o
    0x08007d70   0x00000010   Data   RO         1067    .constdata          testmtx.o
    0x08007d80   0x00000010   Data   RO         1068    .constdata          testmtx.o
    0x08007d90   0x00000010   Data   RO         1069    .constdata          testmtx.o
    0x08007da0   0x00000010   Data   RO         1070    .constdata          testmtx.o
    0x08007db0   0x00000010   Data   RO         1071    .constdata          testmtx.o
    0x08007dc0   0x00000010   Data   RO         1072    .constdata          testmtx.o
    0x08007dd0   0x00000010   Data   RO         1073    .constdata          testmtx.o
    0x08007de0   0x00000010   Data   RO         1074    .constdata          testmtx.o
    0x08007df0   0x00000024   Data   RO         1075    .constdata          testmtx.o
    0x08007e14   0x00000010   Data   RO         1098    .constdata          testpools.o
    0x08007e24   0x00000008   Data   RO         1099    .constdata          testpools.o
    0x08007e2c   0x00000010   Data   RO         1115    .constdata          testqueues.o
    0x08007e3c   0x00000010   Data   RO         1116    .constdata          testqueues.o
    0x08007e4c   0x0000000c   Data   RO         1117    .constdata          testqueues.o
    0x08007e58   0x00000010   Data   RO         1134    .constdata          testsem.o
    0x08007e68   0x00000010   Data   RO         1135    .constdata          testsem.o
    0x08007e78   0x00000010   Data   RO         1136    .constdata          testsem.o
    0x08007e88   0x00000010   Data   RO         1137    .constdata          testsem.o
    0x08007e98   0x00000014   Data   RO         1138    .constdata          testsem.o
    0x08007eac   0x00000010   Data   RO         1157    .constdata          testthd.o
    0x08007ebc   0x00000010   Data   RO         1158    .constdata          testthd.o
    0x08007ecc   0x00000010   Data   RO         1159    .constdata          testthd.o
    0x08007edc   0x00000010   Data   RO         1160    .constdata          testthd.o
    0x08007eec   0x00000014   Data   RO         1161    .constdata          testthd.o
    0x08007f00   0x00000050   Data   RO         1181    .constdata          main.o
    0x08007f50   0x00000017   Data   RO          943    .conststring        testbmk.o
    0x08007f67   0x00000017   Data   RO          944    .conststring        testbmk.o
    0x08007f7e   0x00000017   Data   RO          945    .conststring        testbmk.o
    0x08007f95   0x0000001a   Data   RO          946    .conststring        testbmk.o
    0x08007faf   0x0000001f   Data   RO          947    .conststring        testbmk.o
    0x08007fce   0x00000020   Data   RO          948    .conststring        testbmk.o
    0x08007fee   0x00000026   Data   RO          949    .conststring        testbmk.o
    0x08008014   0x00000029   Data   RO          950    .conststring        testbmk.o
    0x0800803d   0x00000021   Data   RO          951    .conststring        testbmk.o
    0x0800805e   0x00000024   Data   RO          952    .conststring        testbmk.o
    0x08008082   0x00000022   Data   RO          953    .conststring        testbmk.o
    0x080080a4   0x0000001f   Data   RO          954    .conststring        testbmk.o
    0x080080c3   0x00000019   Data   RO          955    .conststring        testbmk.o
    0x080080dc   0x00000029   Data   RO          979    .conststring        testdyn.o
    0x08008105   0x00000030   Data   RO          980    .conststring        testdyn.o
    0x08008135   0x00000026   Data   RO          981    .conststring        testdyn.o
    0x0800815b   0x00000022   Data   RO         1000    .conststring        testevt.o
    0x0800817d   0x0000001b   Data   RO         1001    .conststring        testevt.o
    0x08008198   0x00000011   Data   RO         1002    .conststring        testevt.o
    0x080081a9   0x00000028   Data   RO         1020    .conststring        testheap.o
    0x080081d1   0x00000020   Data   RO         1036    .conststring        testmbox.o
    0x080081f1   0x0000000f   Data   RO         1053    .conststring        testmsg.o
    0x08008200   0x00000021   Data   RO         1076    .conststring        testmtx.o
    0x08008221   0x0000002b   Data   RO         1077    .conststring        testmtx.o
    0x0800824c   0x0000002c   Data   RO         1078    .conststring        testmtx.o
    0x08008278   0x00000019   Data   RO         1079    .conststring        testmtx.o
    0x08008291   0x00000010   Data   RO         1080    .conststring        testmtx.o
    0x080082a1   0x00000015   Data   RO         1081    .conststring        testmtx.o
    0x080082b6   0x00000018   Data   RO         1082    .conststring        testmtx.o
    0x080082ce   0x00000014   Data   RO         1083    .conststring        testmtx.o
    0x080082e2   0x0000001c   Data   RO         1100    .conststring        testpools.o
    0x080082fe   0x00000015   Data   RO         1118    .conststring        testqueues.o
    0x08008313   0x00000016   Data   RO         1119    .conststring        testqueues.o
    0x08008329   0x00000016   Data   RO         1139    .conststring        testsem.o
    0x0800833f   0x00000014   Data   RO         1140    .conststring        testsem.o
    0x08008353   0x0000001f   Data   RO         1141    .conststring        testsem.o
    0x08008372   0x00000021   Data   RO         1142    .conststring        testsem.o
    0x08008393   0x0000001b   Data   RO         1162    .conststring        testthd.o
    0x080083ae   0x0000001b   Data   RO         1163    .conststring        testthd.o
    0x080083c9   0x00000019   Data   RO         1164    .conststring        testthd.o
    0x080083e2   0x00000010   Data   RO         1165    .conststring        testthd.o
    0x080083f2   0x00000002   PAD
    0x080083f4   0x00000020   Data   RO         1397    Region$$Table       anon$$obj.o


    Execution Region RW_IRAM1 (Base: 0x20000000, Size: 0x00001900, Max: 0x00020000, ABSOLUTE, COMPRESSED[0x00000090])

    Base Addr    Size         Type   Attr      Idx    E Section Name        Object

    0x20000000   0x00000008   Data   RW          375    .data               chmemcore.o
    0x20000008   0x00000004   Data   RW          779    .data               spi_lld.o
    0x2000000c   0x00000004   Data   RW          803    .data               stm32_dma.o
    0x20000010   0x00000048   Data   RW          862    .data               test.o
    0x20000058   0x00000008   Data   RW         1003    .data               testevt.o
    0x20000060   0x00000028   Data   RW         1037    .data               testmbox.o
    0x20000088   0x00000028   Data   RW         1084    .data               testmtx.o
    0x200000b0   0x0000000c   Data   RW         1101    .data               testpools.o
    0x200000bc   0x00000040   Data   RW         1120    .data               testqueues.o
    0x200000fc   0x0000000c   Data   RW         1143    .data               testsem.o
    0x20000108   0x00000030   Data   RW         1182    .data               main.o
    0x20000138   0x00000004   Data   RW         1207    .data               lis302dl.o
    0x2000013c   0x00000004   PAD
    0x20000140   0x00000020   Zero   RW          342    .bss                chheap.o
    0x20000160   0x00000020   Zero   RW          458    .bss                chschd.o
    0x20000180   0x00000108   Zero   RW          496    .bss                chsys.o
    0x20000288   0x00000010   Zero   RW          530    .bss                chvt.o
    0x20000298   0x0000009c   Zero   RW          676    .bss                adc_lld.o
    0x20000334   0x00000014   Zero   RW          730    .bss                pwm_lld.o
    0x20000348   0x00000074   Zero   RW          755    .bss                serial_lld.o
    0x200003bc   0x00000060   Zero   RW          778    .bss                spi_lld.o
    0x2000041c   0x00000080   Zero   RW          801    .bss                stm32_dma.o
    0x2000049c   0x00000034   Zero   RW          837    .bss                i2c_lld.o
    0x200004d0   0x00000038   Zero   RW          859    .bss                test.o
    0x20000508   0x000005f0   Zero   RW          860    .bss                test.o
    0x20000af8   0x00000074   Zero   RW          928    .bss                testbmk.o
    0x20000b6c   0x00000004   PAD
    0x20000b70   0x0000002c   Zero   RW          974    .bss                testdyn.o
    0x20000b9c   0x00000004   PAD
    0x20000ba0   0x00000020   Zero   RW         1017    .bss                testheap.o
    0x20000bc0   0x00000140   Zero   RW         1180    .bss                main.o
    0x20000d00   0x00000400   Zero   RW          242    CSTACK              cstartup.o
    0x20001100   0x00000400   Zero   RW          243    HEAP                cstartup.o
    0x20001500   0x00000400   Zero   RW          241    MSTACK              cstartup.o


    Execution Region RW_IRAM2 (Base: 0x20020000, Size: 0x00000000, Max: 0x00000001, ABSOLUTE)

    Base Addr    Size         Type   Attr      Idx    E Section Name        Object

    0x20020000   0x00000000   Data   RO         1399    linker$$defined$$symbols  anon$$obj.o


==============================================================================

Image component sizes


      Code (inc. data)   RO Data    RW Data    ZI Data      Debug   Object Name

       292          4          0          0          0       7217   adc.o
      1208         74          0          0        156       7110   adc_lld.o
         6          0        252          0          0     266094   board.o
       456          6          0          0          0       4943   chcond.o
         4          0          0          0          0        484   chcore.o
       192         26          0          0          0       1841   chcore_v7m.o
        36          0          0          0          0        548   chcoreasm_v7m.o
       250          0          0          0          0       2549   chdynamic.o
       788          4          0          0          0       6453   chevents.o
       336         10          0          0         32       2692   chheap.o
       602          0          0          0          0       4612   chmboxes.o
       108         12          0          8          0       2058   chmemcore.o
       112          0          0          0          0       2195   chmempools.o
       132          4          0          0          0       1911   chmsg.o
       552          6          0          0          0       4842   chmtx.o
       632          8          0          0          0       3259   chprintf.o
       840          4          0          0          0       5887   chqueues.o
        68          4          0          0          0        983   chregistry.o
       456         10          0          0         32       5227   chschd.o
       536          4          0          0          0       5383   chsem.o
       188         34          0          0        264       1638   chsys.o
       540         12          0          0          0       5189   chthreads.o
       148          6          0          0         16       2939   chvt.o
        80         32          0          0       3072        500   cstartup.o
       120          8          0          0          0       1802   hal.o
       384         68          0          0          0       1372   hal_lld.o
       208          0          0          0          0       2795   i2c.o
      1616         54          0          0         52       8699   i2c_lld.o
       184         30          0          4          0       1701   lis302dl.o
      1072        202         80         48        320       3472   main.o
       160         10          0          0          0       1090   nvic.o
       340         44          0          0          0       2234   pal_lld.o
       140          0          0          0          0       2080   pwm.o
       548         22          0          0         20       4890   pwm_lld.o
       328          6         36          0          0       3916   serial.o
       484         32         12          0        116       3914   serial_lld.o
       400          4          0          0          0       4145   spi.o
       904         64          0          4         96       4321   spi_lld.o
       924         38        192          4        128      10226   stm32_dma.o
      1768        484         20         72       1576       8236   test.o
      2288        378        660          0        116       7618   testbmk.o
       996         62        191          0         44       3400   testdyn.o
      1088         44        154          8          0       3556   testevt.o
       632          8         64          0         32       1980   testheap.o
      1452         20         56         40          0       3600   testmbox.o
       148         22         39          0          0       1310   testmsg.o
      2388        148        390         40          0       6541   testmtx.o
       144         12         52         12          0       1414   testpools.o
      1204         44         87         64          0       4024   testqueues.o
      1142         66        190         12          0       3465   testsem.o
       828         48        179          0          0       2317   testthd.o
         2          0        392          0          0        456   vectors.o

    ----------------------------------------------------------------------
     30464       2178       3080        316       6084     451128   Object Totals
         0          0         32          0          0          0   (incl. Generated)
        10          0          2          0         12          0   (incl. Padding)

    ----------------------------------------------------------------------

      Code (inc. data)   RO Data    RW Data    ZI Data      Debug   Library Member Name

        90          0          0          0          0          0   __dczerorl2.o
         8          0          0          0          0         68   __main.o
        52          8          0          0          0          0   __scatter.o
        28          0          0          0          0          0   __scatter_zi.o
        12          0          0          0          0         72   exit.o
         6          0          0          0          0        152   heapauxi.o
         0          0          0          0          0          0   indicate_semi.o
         6          0          0          0          0          0   libinit.o
         2          0          0          0          0          0   libinit2.o
         2          0          0          0          0          0   libshutdown.o
         2          0          0          0          0          0   libshutdown2.o
         0          0          0          0          0          0   rtentry.o
        12          0          0          0          0          0   rtentry2.o
         8          4          0          0          0          0   rtentry5.o
         2          0          0          0          0          0   rtexit.o
        10          0          0          0          0          0   rtexit2.o
        12          4          0          0          0         68   sys_exit.o
         2          0          0          0          0         68   use_no_semi.o
        10          0          0          0          0        116   fpinit.o

    ----------------------------------------------------------------------
       268         16          0          0          0        544   Library Totals
         4          0          0          0          0          0   (incl. Padding)

    ----------------------------------------------------------------------

      Code (inc. data)   RO Data    RW Data    ZI Data      Debug   Library Name

       254         16          0          0          0        428   c_w.l
        10          0          0          0          0        116   fz_wm.l

    ----------------------------------------------------------------------
       268         16          0          0          0        544   Library Totals

    ----------------------------------------------------------------------

==============================================================================


      Code (inc. data)   RO Data    RW Data    ZI Data      Debug   

     30732       2194       3080        316       6084     442616   Grand Totals
     30732       2194       3080        144       6084     442616   ELF Image Totals (compressed)
     30732       2194       3080        144          0          0   ROM Totals

==============================================================================

    Total RO  Size (Code + RO Data)                33812 (  33.02kB)
    Total RW  Size (RW Data + ZI Data)              6400 (   6.25kB)
    Total ROM Size (Code + RO Data + RW Data)      33956 (  33.16kB)

==============================================================================

